C51 COMPILER V8.08   ZIMO_DONGHUA                                                          08/14/2013 22:51:46 PAGE 1   


C51 COMPILER V8.08, COMPILATION OF MODULE ZIMO_DONGHUA
OBJECT MODULE PLACED IN zimo_donghua.OBJ
COMPILER INVOKED BY: D:\Program Files\keil-3\C51\BIN\C51.EXE zimo_donghua.c LARGE BROWSE DEBUG OBJECTEXTEND

line level    source

   1          #include "NEW_8051.H"
   2          #include "task.h"
   3          uchar code two_heart[][4]=      //两颗心变化
   4          {
   5          { 0xFF,0x7F,0x0,0xF },
   6          { 0xFF,0x7F,0x0,0xF },
   7          { 0xFF,0x3F,0x0,0xF },
   8          { 0xFF,0x1F,0x0,0xF },
   9          { 0xFF,0x1F,0x0,0xF },
  10          { 0xFF,0xF,0x0,0xF },
  11          { 0xFF,0x7,0x0,0xF },
  12          { 0xFF,0x7,0x0,0xF },
  13          { 0xFF,0x3,0x0,0xF },
  14          { 0xFF,0x1,0x0,0xF },
  15          { 0xFF,0x1,0x0,0xF },
  16          { 0xFF,0x1,0x0,0xF },
  17          { 0x7F,0x0,0x0,0xF },
  18          { 0x7F,0x0,0x0,0xF },
  19          { 0x3F,0x0,0x0,0xF },
  20          { 0x3F,0x0,0x0,0xF },
  21          { 0x1F,0x0,0x0,0xF },
  22          { 0x1F,0x0,0x0,0xF },
  23          { 0xF,0x0,0x0,0xF },
  24          { 0x7,0x0,0x0,0xF },
  25          { 0x3,0x0,0x0,0xF },
  26          { 0x0,0x0,0x0,0xF },
  27          { 0x0,0x0,0x0,0xF },
  28          { 0x0,0x0,0x0,0xF },
  29          { 0x0,0x0,0x0,0xF },
  30          { 0x17,0x0,0x0,0xF },
  31          { 0x3F,0x0,0x0,0xF },
  32          { 0x3F,0x0,0x80,0xF },
  33          { 0x7F,0x0,0x80,0xF },
  34          { 0x3F,0x0,0xF0,0xF },
  35          { 0x3F,0x0,0xF8,0xF },
  36          { 0x3F,0x0,0xF8,0xF },
  37          { 0x3F,0x0,0xFC,0xF },
  38          { 0x3F,0x0,0xFF,0xF },
  39          { 0x7F,0x0,0x7F,0xF },
  40          { 0x7F,0x0,0x3F,0xF },
  41          { 0x7F,0xC0,0x1F,0xF },
  42          { 0x7F,0xC1,0x1F,0xF },
  43          { 0xFF,0xE3,0x1F,0xF },
  44          { 0xFF,0xFF,0x7,0xF },
  45          { 0xFF,0xFF,0x3,0xF },
  46          { 0xFF,0xFF,0x3,0xF },
  47          { 0xFF,0xFF,0x0,0xF },
  48          { 0xFF,0xFF,0x0,0xF },
  49          { 0xFF,0x7F,0x0,0xF },
  50          { 0xFF,0x7F,0x0,0xF },
  51          { 0xFF,0x7F,0x0,0xF },
  52          { 0xFF,0x3F,0x0,0xF },
  53          { 0xFF,0x1F,0x0,0xF },
  54          { 0xFF,0x1F,0x0,0xF },
  55          { 0xFF,0xF,0x0,0xF },
C51 COMPILER V8.08   ZIMO_DONGHUA                                                          08/14/2013 22:51:46 PAGE 2   

  56          { 0xFF,0x7,0x0,0xF },
  57          { 0xFF,0x7,0x0,0xF },
  58          { 0xFF,0x3,0x0,0xF },
  59          { 0xFF,0x1,0x0,0xF },
  60          { 0xFF,0x1,0x0,0xF },
  61          { 0xFF,0x0,0x0,0xF },
  62          { 0x7F,0x0,0x0,0xF },
  63          { 0x7F,0x0,0x0,0xF },
  64          { 0x3F,0x0,0x0,0xF },
  65          { 0x3F,0x0,0x0,0xF },
  66          { 0x1F,0x0,0x0,0xF },
  67          { 0x1F,0x0,0x0,0xE },
  68          { 0xF,0x0,0x0,0xE },
  69          { 0x7,0x0,0x0,0xE },
  70          { 0x1,0x0,0x0,0xF },
  71          { 0x0,0x0,0x0,0xF },
  72          { 0x0,0x0,0x0,0xF },
  73          { 0x0,0x0,0x0,0xF },
  74          { 0x0,0x0,0x0,0xF },
  75          { 0x17,0x0,0x0,0xF },
  76          { 0x3F,0x0,0x0,0xF },
  77          { 0x3F,0x0,0x80,0xF },
  78          { 0x7F,0x0,0xE0,0xF },
  79          { 0x3F,0x0,0xF0,0xF },
  80          { 0x3F,0x0,0xF8,0xF },
  81          { 0x3F,0x0,0xF8,0xF },
  82          { 0x3F,0x0,0xFC,0xF },
  83          { 0x3F,0x0,0xFF,0xF },
  84          { 0x7F,0x0,0x7F,0xF },
  85          { 0x7F,0x0,0x3F,0xF },
  86          { 0x7F,0xC0,0x1F,0xF },
  87          { 0x7F,0xC1,0x1F,0xF },
  88          { 0xFF,0xE3,0x1F,0xF },
  89          { 0xFF,0xFF,0x7,0xF },
  90          { 0xFF,0xFF,0x3,0xF },
  91          { 0xFF,0xFF,0x3,0xF },
  92          { 0xFF,0xFF,0x0,0xF },
  93          { 0xFF,0xFF,0x0,0xF },
  94          { 0xFF,0x7F,0x0,0xF },
  95          { 0xFF,0x7F,0x0,0xF },
  96          { 0xFF,0x7F,0x0,0xF },
  97          { 0xFF,0x3F,0x0,0xF },
  98          { 0xFF,0x1F,0x0,0xF },
  99          { 0xFF,0x1F,0x0,0xF },
 100          { 0xFF,0xF,0x0,0xF },
 101          { 0xFF,0x7,0x0,0xF },
 102          { 0xFF,0x7,0x0,0xF },
 103          { 0xFF,0x7,0x0,0xF },
 104          { 0xFF,0x1,0x0,0xF },
 105          { 0xFF,0x1,0x0,0xE },
 106          { 0xFF,0x1,0x0,0xE },
 107          { 0xFF,0x0,0x0,0x1E },
 108          { 0x7F,0x0,0x0,0x1E },
 109          { 0x3F,0x0,0x0,0x1F },
 110          { 0x3F,0x0,0x0,0x1F },
 111          { 0x1F,0x0,0x0,0x1F },
 112          { 0x1F,0x0,0x0,0x1E },
 113          { 0xF,0x0,0x0,0x1E },
 114          { 0x7,0x0,0x0,0xE },
 115          { 0x3,0x0,0x0,0xF },
 116          { 0x0,0x0,0x0,0xE },
 117          { 0x0,0x0,0x0,0xE },
C51 COMPILER V8.08   ZIMO_DONGHUA                                                          08/14/2013 22:51:46 PAGE 3   

 118          { 0x0,0x0,0x0,0xE },
 119          { 0x0,0x0,0x0,0xE },
 120          { 0x17,0x0,0x0,0xF },
 121          { 0x3F,0x0,0x0,0xF },
 122          { 0x3F,0x0,0x80,0x1F },
 123          { 0x7F,0x0,0x80,0x1F },
 124          { 0x7F,0x0,0xD0,0x1F },
 125          { 0x7F,0x0,0xF8,0x1F },
 126          { 0x3F,0x0,0xF8,0x1F },
 127          { 0x3F,0x0,0xFC,0x1F },
 128          { 0x3F,0x0,0xFE,0x1F },
 129          { 0x7F,0x0,0x7E,0xF },
 130          { 0x7F,0x0,0x7F,0xF },
 131          { 0x7F,0x80,0x7F,0xF },
 132          { 0x7F,0x81,0x7F,0xF },
 133          { 0xFF,0xE3,0x1F,0xF },
 134          { 0xFF,0xF7,0x7,0xF },
 135          { 0xFF,0xFF,0x7,0xF },
 136          { 0xFF,0xFF,0x7,0xF },
 137          { 0xFF,0xFF,0x1,0xF },
 138          { 0xFF,0xFF,0x1,0xF },
 139          { 0xFF,0x7F,0x0,0xF },
 140          { 0xFF,0x7F,0x0,0xF },
 141          { 0xFF,0x7F,0x0,0xF },
 142          { 0xFF,0x3F,0x0,0xF },
 143          { 0xFF,0x1F,0x0,0xF },
 144          { 0xFF,0x1F,0x0,0xF },
 145          { 0xFF,0xF,0x0,0xF },
 146          { 0xFF,0xF,0x0,0xF },
 147          { 0xFF,0x7,0x0,0xF },
 148          { 0xFF,0x7,0x0,0xF },
 149          { 0xFF,0x1,0x0,0xF },
 150          { 0xFF,0x1,0x0,0xE },
 151          { 0xFF,0x1,0x0,0xE },
 152          { 0xFF,0x0,0x0,0x1E },
 153          { 0xFF,0x0,0x0,0x1E },
 154          { 0x3F,0x0,0x0,0x1F },
 155          { 0x3F,0x0,0x0,0x1F },
 156          { 0x1F,0x0,0x0,0x1F },
 157          { 0x1F,0x0,0x0,0x1E },
 158          { 0xF,0x0,0x0,0x1E },
 159          { 0x7,0x0,0x0,0xE },
 160          { 0x3,0x0,0x0,0xF },
 161          { 0x0,0x0,0x0,0xE },
 162          { 0x0,0x0,0x0,0xE },
 163          { 0x0,0x0,0x0,0xE },
 164          { 0x0,0x0,0x0,0xE },
 165          { 0x3,0x0,0x0,0xF },
 166          { 0x3F,0x0,0x0,0xF },
 167          { 0x3F,0x0,0x80,0xF },
 168          { 0x7F,0x0,0x80,0xF },
 169          { 0x3F,0x0,0xD0,0xF },
 170          { 0x3F,0x0,0xF8,0xF },
 171          { 0x3F,0x0,0xF8,0xF },
 172          { 0x3F,0x0,0xFC,0xF },
 173          { 0x3F,0x0,0xFE,0xF },
 174          { 0x7F,0x0,0x7E,0xF },
 175          { 0x7F,0x0,0x7F,0xF },
 176          { 0x7F,0xC0,0x7F,0xF },
 177          { 0x7F,0xC1,0x7F,0xF },
 178          { 0xFF,0xE1,0x1F,0xF },
 179          { 0xFF,0xF7,0x7,0xF },
C51 COMPILER V8.08   ZIMO_DONGHUA                                                          08/14/2013 22:51:46 PAGE 4   

 180          { 0xFF,0xFF,0x7,0xF },
 181          { 0xFF,0xFF,0x7,0xF },
 182          { 0xFF,0xFF,0x1,0xF },
 183          { 0xFF,0xFF,0x1,0xF },
 184          { 0xFF,0x7F,0x0,0xF },
 185          
 186          
 187          /***************************************************/
 188          { 0xFF,0xFB,0x7,0xF },
 189          { 0xFF,0xFB,0x7,0xF },
 190          { 0xFF,0xFF,0x1,0xF },
 191          { 0xFF,0xFF,0x1,0xF },
 192          { 0xFF,0xFF,0x0,0xF },
 193          { 0xFF,0x7F,0x0,0xF },
 194          { 0xFF,0x7F,0x0,0xF },
 195          { 0xFF,0x7F,0x0,0xF },
 196          { 0xFF,0x3F,0x0,0xF },
 197          { 0xFF,0xF,0x0,0xF },
 198          { 0xFF,0xF,0x0,0xF },
 199          { 0xFF,0x7,0x0,0xF },
 200          { 0xFF,0x7,0x0,0xF },
 201          { 0xFF,0x3,0x0,0xF },
 202          { 0xFF,0x3,0x0,0xF },
 203          { 0xFF,0x0,0x0,0xF },
 204          { 0xFF,0x0,0x0,0xF },
 205          { 0x7F,0x0,0x0,0xF },
 206          { 0x3F,0x0,0x0,0xF },
 207          { 0x7F,0x0,0x0,0xF },
 208          { 0x3F,0x0,0x0,0xF },
 209          { 0x1F,0x0,0x0,0xF },
 210          { 0xF,0x0,0x0,0xF },
 211          { 0x7,0x0,0x0,0xF },
 212          { 0x3,0x0,0x0,0xF },
 213          { 0x1,0x0,0x0,0xF },
 214          { 0x0,0x0,0x0,0xF },
 215          { 0x0,0x0,0x0,0xF },
 216          { 0x0,0x0,0x0,0xF },
 217          { 0x0,0x0,0x0,0xF },
 218          { 0x3,0x0,0x80,0xF },
 219          { 0x1F,0x0,0x80,0xF },
 220          { 0x3F,0x0,0xC0,0xF },
 221          { 0x3F,0x0,0xE0,0xF },
 222          { 0x7F,0x0,0xF0,0xF },
 223          { 0x3F,0x0,0xF8,0xF },
 224          { 0x3F,0x0,0xFC,0xF },
 225          { 0x3F,0x0,0xFC,0xF },
 226          { 0x3F,0x0,0xFE,0xF },
 227          { 0x3F,0x80,0xFF,0xF },
 228          { 0x7F,0x80,0x3F,0xF },
 229          { 0x7F,0xC0,0x1F,0xF },
 230          { 0x7F,0xC0,0x1F,0xF },
 231          { 0xFF,0xF1,0x7,0xF },
 232          { 0xFF,0xFF,0x7,0xF },
 233          { 0xFF,0xFF,0x7,0xF },
 234          { 0xFF,0xFF,0x7,0xF },
 235          { 0xFF,0xFF,0x1,0xF },
 236          { 0xFF,0xFF,0x1,0xF },
 237          { 0xFF,0xFF,0x0,0xF },
 238          { 0xFF,0x7F,0x0,0xF },
 239          { 0xFF,0x7F,0x0,0xF },
 240          { 0xFF,0x7F,0x0,0xF },
 241          { 0xFF,0x3F,0x0,0xF },
C51 COMPILER V8.08   ZIMO_DONGHUA                                                          08/14/2013 22:51:46 PAGE 5   

 242          { 0xFF,0xF,0x0,0xF },
 243          { 0xFF,0xF,0x0,0xE },
 244          { 0xFF,0x7,0x0,0xE },
 245          { 0xFF,0x7,0x0,0x1E },
 246          { 0xFF,0x3,0x0,0x1E },
 247          { 0xFF,0x3,0x0,0x1F },
 248          { 0xFF,0x1,0x0,0x1F },
 249          { 0xFF,0x1,0x0,0x1F },
 250          { 0xFF,0x0,0x0,0x1E },
 251          { 0xFF,0x0,0x0,0x1E },
 252          { 0x7F,0x0,0x0,0xE },
 253          { 0x3F,0x0,0x0,0xF },
 254          { 0x1F,0x0,0x0,0xE },
 255          { 0xF,0x0,0x0,0xE },
 256          { 0xF,0x0,0x0,0xE },
 257          { 0xF,0x0,0x0,0xE },
 258          { 0x3,0x0,0x0,0xF },
 259          { 0x0,0x0,0x0,0xE },
 260          { 0x0,0x0,0x0,0x1E },
 261          { 0x0,0x0,0x0,0x1E },
 262          { 0x0,0x0,0x0,0x1F },
 263          { 0x23,0x0,0x80,0x1F },
 264          { 0x3F,0x0,0x80,0x1F },
 265          { 0x7F,0x0,0xC0,0x1F },
 266          { 0x7F,0x0,0xE0,0x1F },
 267          { 0x7F,0x0,0xF0,0xF },
 268          { 0x3F,0x0,0xF8,0xF },
 269          { 0x3F,0x0,0xF8,0xF },
 270          { 0x3F,0x0,0xF8,0xF },
 271          { 0x7F,0x0,0xFE,0xF },
 272          { 0x7F,0x0,0xFF,0xF },
 273          { 0x7F,0x0,0x3F,0xF },
 274          { 0x7F,0xC0,0x1F,0xF },
 275          { 0x7F,0xC0,0x1F,0xF },
 276          { 0xFF,0xE1,0x7,0xF },
 277          { 0xFF,0xFF,0x7,0xF },
 278          { 0xFF,0xFF,0x7,0xF },
 279          { 0xFF,0xFF,0x7,0xF },
 280          { 0xFF,0xFF,0x3,0xF },
 281          { 0xFF,0xFF,0x3,0xF },
 282          { 0xFF,0xFF,0x1,0xF },
 283          { 0xFF,0xFF,0x1,0xF },
 284          { 0xFF,0xFF,0x0,0xF },
 285          { 0xFF,0x7F,0x0,0xE },
 286          { 0xFF,0x3F,0x0,0xE },
 287          { 0xFF,0x3F,0x0,0xE },
 288          { 0xFF,0xF,0x0,0xE },
 289          { 0xFF,0xF,0x0,0xE },
 290          { 0xFF,0xF,0x0,0x1E },
 291          { 0xFF,0x3,0x0,0x1E },
 292          { 0xFF,0x3,0x0,0x1F },
 293          { 0xFF,0x1,0x0,0x1F },
 294          { 0xFF,0x1,0x0,0x1F },
 295          { 0xFF,0x0,0x0,0x1E },
 296          { 0xFF,0x0,0x0,0x1E },
 297          { 0x7F,0x0,0x0,0x1E },
 298          { 0x3F,0x0,0x0,0x1F },
 299          { 0x1F,0x0,0x0,0x1E },
 300          { 0x3F,0x0,0x0,0x1E },
 301          { 0x1F,0x0,0x0,0x1E },
 302          { 0xF,0x0,0x0,0x1E },
 303          { 0x3,0x0,0x0,0x1F },
C51 COMPILER V8.08   ZIMO_DONGHUA                                                          08/14/2013 22:51:46 PAGE 6   

 304          { 0x0,0x0,0x0,0x1E },
 305          { 0x0,0x0,0x0,0x1E },
 306          { 0x0,0x0,0x0,0x1E },
 307          { 0x0,0x0,0x0,0x1F },
 308          { 0x3,0x0,0x0,0x1F },
 309          { 0x1F,0x0,0x0,0x1F },
 310          { 0x7F,0x0,0x0,0x1F },
 311          { 0x7F,0x0,0x0,0x1F },
 312          { 0x7F,0x0,0x80,0xF },
 313          { 0x7F,0x0,0xC0,0xF },
 314          { 0x3F,0x0,0xE0,0xF },
 315          { 0x3F,0x0,0xF8,0xF },
 316          { 0x3F,0x0,0xFE,0xF },
 317          { 0x3F,0x0,0xFE,0xF },
 318          { 0x3F,0x0,0x3F,0xF },
 319          { 0x7F,0x80,0x3F,0xF },
 320          { 0x7F,0xC0,0x3F,0xF },
 321          { 0xFF,0xE1,0xF,0xF },
 322          { 0xFF,0xF3,0xF,0xF },
 323          { 0xFF,0xF3,0xF,0xF },
 324          { 0xFF,0xF3,0xF,0xF },
 325          { 0xFF,0xFF,0xB,0xF },
 326          { 0xFF,0xFF,0x3,0xF },
 327          { 0xFF,0xFF,0x1,0xF },
 328          { 0xFF,0xFF,0x1,0xF },
 329          { 0xFF,0xFF,0x0,0xF },
 330          { 0xFF,0x7F,0x0,0xF },
 331          { 0xFF,0x3F,0x0,0xF },
 332          { 0xFF,0x3F,0x0,0xF },
 333          { 0xFF,0xF,0x0,0xE },
 334          { 0xFF,0xF,0x0,0xE },
 335          { 0xFF,0xF,0x0,0xE },
 336          { 0xFF,0x3,0x0,0xE },
 337          { 0xFF,0x3,0x0,0xF },
 338          { 0xFF,0x1,0x0,0xF },
 339          { 0xFF,0x1,0x0,0xF },
 340          { 0xFF,0x0,0x0,0xE },
 341          { 0xFF,0x0,0x0,0xE },
 342          { 0x7F,0x0,0x0,0xE },
 343          { 0x3F,0x0,0x0,0xF },
 344          { 0x1F,0x0,0x0,0xF },
 345          { 0xF,0x0,0x0,0xF },
 346          { 0xF,0x0,0x0,0xF },
 347          { 0xF,0x0,0x0,0xF },
 348          { 0x1,0x0,0x0,0xF },
 349          { 0x1,0x0,0x0,0xF },
 350          { 0x0,0x0,0x0,0xF },
 351          { 0x0,0x0,0x0,0xF },
 352          { 0x0,0x0,0x0,0xF },
 353          { 0x3,0x0,0x80,0xF },
 354          { 0x1F,0x0,0x80,0xF },
 355          { 0x3F,0x0,0x80,0xF },
 356          { 0x3F,0x0,0x60,0xF },
 357          { 0x7F,0x0,0xF0,0xF },
 358          { 0x3F,0x0,0xF0,0xF },
 359          { 0x3F,0x0,0xF0,0xF },
 360          { 0x1F,0x0,0xF8,0xF },
 361          { 0x3F,0x0,0xFE,0xF },
 362          { 0x3F,0x0,0xFF,0xF },
 363          { 0x3F,0x0,0x3F,0xF },
 364          { 0x7F,0xC0,0x1F,0xF },
 365          { 0x7F,0xC0,0x1F,0xF },
C51 COMPILER V8.08   ZIMO_DONGHUA                                                          08/14/2013 22:51:46 PAGE 7   

 366          { 0xFF,0xE0,0x7,0xF },
 367          { 0xFF,0xFB,0x7,0xF },
 368          
 369          /***********************************************************/
 370          { 0x3F,0x0,0xFF,0xF },
 371          { 0x3F,0x0,0xFF,0xF },
 372          { 0x3F,0xC0,0xFF,0xF },
 373          { 0x7F,0xE0,0x1F,0xF },
 374          { 0xFF,0xE0,0x1F,0xF },
 375          { 0xFF,0xF3,0xF,0xF },
 376          { 0xFF,0xFF,0xB,0xF },
 377          { 0xFF,0xFF,0x3,0xF },
 378          { 0xFF,0xFF,0x1,0xF },
 379          { 0xFF,0xFF,0x1,0xF },
 380          { 0xFF,0x7F,0x0,0xF },
 381          { 0xFF,0x3F,0x0,0xF },
 382          { 0xFF,0x3F,0x0,0xF },
 383          { 0xFF,0x1F,0x0,0xF },
 384          { 0xFF,0x1F,0x0,0xF },
 385          { 0xFF,0xF,0x0,0xF },
 386          { 0xFF,0x7,0x0,0xF },
 387          { 0xFF,0x7,0x0,0xF },
 388          { 0xFF,0x3,0x0,0xF },
 389          { 0xFF,0x1,0x0,0xF },
 390          { 0xFF,0x1,0x0,0xF },
 391          { 0xFF,0x0,0x0,0xF },
 392          { 0x7F,0x0,0x0,0xF },
 393          { 0x3F,0x0,0x0,0xF },
 394          { 0x7F,0x0,0x0,0xF },
 395          { 0x1F,0x0,0x0,0xF },
 396          { 0xF,0x0,0x0,0xF },
 397          { 0x1F,0x0,0x0,0xF },
 398          { 0x7,0x0,0x0,0xF },
 399          { 0x7,0x0,0x0,0xF },
 400          { 0x1,0x0,0x0,0xF },
 401          { 0x0,0x0,0x0,0xF },
 402          { 0x0,0x0,0x0,0xF },
 403          { 0x0,0x0,0x0,0xF },
 404          { 0x0,0x0,0x0,0xF },
 405          { 0x17,0x0,0x0,0xF },
 406          { 0x3F,0x0,0x0,0xF },
 407          { 0x3F,0x0,0x80,0xF },
 408          { 0x7F,0x0,0xE0,0xF },
 409          { 0x7F,0x0,0xF8,0xF },
 410          { 0x3F,0x0,0xF8,0xF },
 411          { 0x3F,0x0,0xF8,0xF },
 412          { 0x3F,0x0,0xFE,0xF },
 413          { 0x3F,0x0,0xBE,0xF },
 414          { 0x3F,0x80,0xBF,0xF },
 415          { 0x3F,0x80,0xBF,0xF },
 416          { 0x3F,0x80,0xBF,0xF },
 417          { 0x7F,0xC0,0xBF,0xF },
 418          { 0x7F,0xE0,0x1F,0xF },
 419          { 0xFF,0xE1,0x1F,0xF },
 420          { 0xFF,0xF3,0x7,0xF },
 421          { 0xFF,0xFF,0x3,0xF },
 422          { 0xFF,0xFF,0x3,0xF },
 423          { 0xFF,0xFF,0x1,0xF },
 424          { 0xFF,0xFF,0x1,0xF },
 425          { 0xFF,0x7F,0x0,0xE },
 426          { 0xFF,0x3F,0x0,0xE },
 427          { 0xFF,0x3F,0x0,0x1E },
C51 COMPILER V8.08   ZIMO_DONGHUA                                                          08/14/2013 22:51:46 PAGE 8   

 428          { 0xFF,0x1F,0x0,0x1E },
 429          { 0xFF,0x1F,0x0,0x1F },
 430          { 0xFF,0xF,0x0,0x1F },
 431          { 0xFF,0x7,0x0,0x1F },
 432          { 0xFF,0x7,0x0,0x1E },
 433          { 0xFF,0x3,0x0,0x1E },
 434          { 0xFF,0x1,0x0,0xE },
 435          { 0xFF,0x1,0x0,0xF },
 436          { 0xFF,0x0,0x0,0xE },
 437          { 0xFF,0x0,0x0,0xE },
 438          { 0xFF,0x0,0x0,0xE },
 439          { 0x7F,0x0,0x0,0xE },
 440          { 0x1F,0x0,0x0,0xF },
 441          { 0x3F,0x0,0x0,0xE },
 442          { 0x1F,0x0,0x0,0x1E },
 443          { 0x7,0x0,0x0,0x1E },
 444          { 0x7,0x0,0x0,0x1F },
 445          { 0x1,0x0,0x0,0x1F },
 446          { 0x0,0x0,0x0,0x1F },
 447          { 0x0,0x0,0x0,0x1E },
 448          { 0x0,0x0,0x0,0x1E },
 449          { 0x0,0x0,0x0,0xE },
 450          { 0x1F,0x0,0x0,0xE },
 451          { 0x3F,0x0,0x0,0xF },
 452          { 0x3F,0x0,0x80,0xF },
 453          { 0x7F,0x0,0xE0,0xF },
 454          { 0x7F,0x0,0xF0,0xF },
 455          { 0x7F,0x0,0xF0,0xF },
 456          { 0x3F,0x0,0xF8,0xF },
 457          { 0x3F,0x0,0xFE,0xF },
 458          { 0x3F,0x0,0xFE,0xF },
 459          { 0x3F,0x0,0xFF,0xF },
 460          { 0x3F,0x0,0xFF,0xF },
 461          { 0x3F,0x0,0xFF,0xF },
 462          { 0x7F,0x80,0xFF,0xF },
 463          { 0x7F,0x80,0x1F,0xF },
 464          { 0xFF,0xC1,0x1F,0xE },
 465          { 0xFF,0xE3,0xF,0xE },
 466          { 0xFF,0xFF,0xF,0xE },
 467          { 0xFF,0xFF,0x7,0xE },
 468          { 0xFF,0xFF,0x3,0xE },
 469          { 0xFF,0xFF,0x3,0xE },
 470          { 0xFF,0xFF,0x0,0xE },
 471          { 0xFF,0xFF,0x0,0xE },
 472          { 0xFF,0x7F,0x0,0x1E },
 473          { 0xFF,0x7F,0x0,0x1E },
 474          { 0xFF,0x1F,0x0,0x1E },
 475          { 0xFF,0x1F,0x0,0x1E },
 476          { 0xFF,0x7,0x0,0x1E },
 477          { 0xFF,0x7,0x0,0x1E },
 478          { 0xFF,0x3,0x0,0x1E },
 479          { 0xFF,0x1,0x0,0x1E },
 480          { 0xFF,0x1,0x0,0x1F },
 481          { 0xFF,0x1,0x0,0x1E },
 482          { 0xFF,0x0,0x0,0x1E },
 483          { 0xFF,0x0,0x0,0x1E },
 484          { 0x7F,0x0,0x0,0x1E },
 485          { 0x7F,0x0,0x0,0x1F },
 486          { 0x3F,0x0,0x0,0x1E },
 487          { 0x1F,0x0,0x0,0x1E },
 488          { 0x1F,0x0,0x0,0x1E },
 489          { 0x7,0x0,0x0,0x1F },
C51 COMPILER V8.08   ZIMO_DONGHUA                                                          08/14/2013 22:51:46 PAGE 9   

 490          { 0x3,0x0,0x0,0x1F },
 491          { 0x3,0x0,0x0,0x1F },
 492          { 0x0,0x0,0x0,0x1E },
 493          { 0x0,0x0,0x0,0x1E },
 494          { 0x0,0x0,0x0,0xE },
 495          { 0x7,0x0,0x0,0xE },
 496          { 0x1F,0x0,0x0,0xF },
 497          { 0x3F,0x0,0x80,0xF },
 498          { 0x7F,0x0,0xC0,0xF },
 499          { 0x7F,0x0,0xC0,0xF },
 500          { 0x3F,0x0,0xC0,0xF },
 501          { 0x3F,0x0,0xF8,0xF },
 502          { 0x3F,0x0,0xFC,0xF },
 503          { 0x3F,0x0,0xFC,0xF },
 504          { 0x3F,0x0,0xFF,0xF },
 505          { 0x3F,0x0,0xFF,0xF },
 506          { 0x3F,0x0,0xFF,0xF },
 507          { 0x3F,0x80,0xFF,0xF },
 508          { 0x7F,0x80,0x3F,0xF },
 509          { 0xFF,0xC0,0x3F,0xF },
 510          { 0xFF,0xE3,0xF,0xF },
 511          { 0xFF,0xFB,0xF,0xF },
 512          { 0xFF,0xFF,0x7,0xF },
 513          { 0xFF,0xFF,0x3,0xF },
 514          { 0xFF,0xFF,0x3,0xF },
 515          { 0xFF,0xFF,0x0,0xE },
 516          { 0xFF,0xFF,0x0,0xE },
 517          { 0xFF,0x7F,0x0,0xE },
 518          { 0xFF,0x7F,0x0,0xE },
 519          { 0xFF,0x1F,0x0,0xF },
 520          { 0xFF,0x1F,0x0,0xF },
 521          { 0xFF,0x7,0x0,0xF },
 522          { 0xFF,0x7,0x0,0xE },
 523          { 0xFF,0x3,0x0,0xE },
 524          { 0xFF,0x1,0x0,0xE },
 525          { 0xFF,0x1,0x0,0xF },
 526          { 0xFF,0x0,0x0,0xF },
 527          { 0xFF,0x0,0x0,0xF },
 528          { 0xFF,0x0,0x0,0xF },
 529          { 0x7F,0x0,0x0,0xF },
 530          { 0x1F,0x0,0x0,0xF },
 531          { 0x3F,0x0,0x0,0xF },
 532          { 0x1F,0x0,0x0,0xF },
 533          { 0x7,0x0,0x0,0xF },
 534          { 0x7,0x0,0x0,0xF },
 535          { 0x1,0x0,0x0,0xF },
 536          { 0x1,0x0,0x0,0xF },
 537          { 0x0,0x0,0x0,0xF },
 538          { 0x0,0x0,0x0,0xF },
 539          { 0x0,0x0,0x0,0xF },
 540          { 0x3,0x0,0x0,0xF },
 541          { 0x3F,0x0,0x0,0xF },
 542          { 0x3F,0x0,0x80,0xF },
 543          { 0x7F,0x0,0xE0,0xF },
 544          { 0x3F,0x0,0xF0,0xF },
 545          { 0x3F,0x0,0xF0,0xF },
 546          { 0x3F,0x0,0xF8,0xF },
 547          { 0x1F,0x0,0xFE,0xF },
 548          { 0x1F,0x0,0xFE,0xF },
 549          { 0x3F,0x0,0xFF,0xF },
 550          /******************************************/
 551          { 0x3F,0x0,0xF0,0xF },
C51 COMPILER V8.08   ZIMO_DONGHUA                                                          08/14/2013 22:51:46 PAGE 10  

 552          { 0x3F,0x0,0xF0,0xF },
 553          { 0x3F,0x0,0xF4,0xF },
 554          { 0x3F,0x0,0xFC,0xF },
 555          { 0x3F,0x0,0xFE,0xF },
 556          { 0x3F,0x0,0xFE,0xF },
 557          { 0x3F,0x0,0xFF,0xF },
 558          { 0x7F,0x80,0xFF,0xF },
 559          { 0x7F,0xC0,0x9F,0xF },
 560          { 0xFF,0xF0,0xF,0xF },
 561          { 0xFF,0xFB,0xF,0xF },
 562          { 0xFF,0xFF,0x3,0xF },
 563          { 0xFF,0xFF,0x3,0xF },
 564          { 0xFF,0xFF,0x1,0xF },
 565          { 0xFF,0xFF,0x1,0xF },
 566          { 0xFF,0x7F,0x0,0xF },
 567          { 0xFF,0x7F,0x0,0xF },
 568          { 0xFF,0x3F,0x0,0xF },
 569          { 0xFF,0x2F,0x0,0xF },
 570          { 0xFF,0xF,0x0,0xF },
 571          { 0xFF,0x7,0x0,0xF },
 572          { 0xFF,0x7,0x0,0xF },
 573          { 0xFF,0x3,0x0,0xF },
 574          { 0xFF,0x1,0x0,0xF },
 575          { 0xFF,0x1,0x0,0xF },
 576          { 0xFF,0x1,0x0,0xF },
 577          { 0xFF,0x0,0x0,0xF },
 578          { 0xFF,0x0,0x0,0xF },
 579          { 0x7F,0x0,0x0,0xF },
 580          { 0x3F,0x0,0x0,0xF },
 581          { 0x1F,0x0,0x0,0xF },
 582          { 0xF,0x0,0x0,0xF },
 583          { 0xF,0x0,0x0,0xF },
 584          { 0xF,0x0,0x0,0xF },
 585          { 0x3,0x0,0x0,0xF },
 586          { 0x1,0x0,0x0,0xF },
 587          { 0x0,0x0,0x0,0xF },
 588          { 0x0,0x0,0x0,0xF },
 589          { 0x0,0x0,0x0,0xF },
 590          { 0x0,0x0,0x0,0xF },
 591          { 0x27,0x0,0x80,0xF },
 592          { 0x3F,0x0,0x80,0xF },
 593          { 0x3F,0x0,0x80,0xF },
 594          { 0x3F,0x0,0xF0,0xF },
 595          { 0x3F,0x0,0xF0,0xF },
 596          { 0x3F,0x0,0xF0,0xF },
 597          { 0x3F,0x0,0xF0,0xF },
 598          { 0x3F,0x0,0xF4,0xF },
 599          { 0x3F,0x0,0xFC,0xF },
 600          { 0x3F,0x0,0xFF,0xF },
 601          { 0x3F,0x80,0xFF,0xF },
 602          { 0x7F,0x80,0x3F,0xF },
 603          { 0x7F,0x80,0x3F,0xF },
 604          { 0xFF,0xC0,0x1F,0xF },
 605          { 0xFF,0xF1,0xF,0xF },
 606          { 0xFF,0xFB,0xF,0xE },
 607          { 0xFF,0xFF,0x3,0xE },
 608          { 0xFF,0xFF,0x3,0xE },
 609          { 0xFF,0xFF,0x1,0xE },
 610          { 0xFF,0xFF,0x1,0xF },
 611          { 0xFF,0x7F,0x0,0xF },
 612          { 0xFF,0x7F,0x0,0xF },
 613          { 0xFF,0x3F,0x0,0xE },
C51 COMPILER V8.08   ZIMO_DONGHUA                                                          08/14/2013 22:51:46 PAGE 11  

 614          { 0xFF,0x3F,0x0,0xE },
 615          { 0xFF,0x1F,0x0,0xE },
 616          { 0xFF,0x7,0x0,0xF },
 617          { 0xFF,0x7,0x0,0xE },
 618          { 0xFF,0x3,0x0,0xE },
 619          { 0xFF,0x3,0x0,0xE },
 620          { 0xFF,0x3,0x0,0xE },
 621          { 0xFF,0x1,0x0,0xF },
 622          { 0xFF,0x0,0x0,0xE },
 623          { 0xFF,0x0,0x0,0x1E },
 624          { 0x7F,0x0,0x0,0x1E },
 625          { 0x7F,0x0,0x0,0x1F },
 626          { 0x3F,0x0,0x0,0x1F },
 627          { 0x2F,0x0,0x0,0x1F },
 628          { 0x1F,0x0,0x0,0x1E },
 629          { 0xF,0x0,0x0,0x1E },
 630          { 0x7,0x0,0x0,0xE },
 631          { 0x1,0x0,0x0,0xE },
 632          { 0x1,0x0,0x0,0xE },
 633          { 0x0,0x0,0x0,0xE },
 634          { 0x0,0x0,0x0,0xE },
 635          { 0x0,0x0,0x0,0xF },
 636          { 0x27,0x0,0x80,0xF },
 637          { 0x7F,0x0,0x80,0xF },
 638          { 0x7F,0x0,0x80,0xF },
 639          { 0x7F,0x0,0xF0,0xF },
 640          { 0x7F,0x0,0xF0,0xF },
 641          { 0x7F,0x0,0xF0,0xF },
 642          { 0x7F,0x0,0xF0,0xF },
 643          { 0x3F,0x0,0xF0,0xF },
 644          { 0x3F,0x0,0xF8,0xF },
 645          { 0x3F,0x0,0xFE,0xF },
 646          { 0x7F,0x0,0xFE,0xF },
 647          { 0x7F,0x0,0x7F,0xF },
 648          { 0x7F,0x80,0x7F,0xE },
 649          { 0xFF,0x80,0x3F,0xE },
 650          { 0xFF,0x81,0x3F,0xE },
 651          { 0xFF,0xF3,0x1F,0xE },
 652          { 0xFF,0xFF,0x17,0xE },
 653          { 0xFF,0xFF,0x3,0x1E },
 654          { 0xFF,0xFF,0x3,0x1E },
 655          { 0xFF,0xFF,0x3,0x1F },
 656          { 0xFF,0xFF,0x0,0x1F },
 657          { 0xFF,0xFF,0x0,0x1F },
 658          { 0xFF,0x3F,0x0,0x1E },
 659          { 0xFF,0x3F,0x0,0x1E },
 660          { 0xFF,0x1F,0x0,0x1E },
 661          { 0xFF,0x1F,0x0,0x1F },
 662          { 0xFF,0xF,0x0,0x1E },
 663          { 0xFF,0x7,0x0,0x1E },
 664          { 0xFF,0x3,0x0,0x1E },
 665          { 0xFF,0x3,0x0,0x1E },
 666          { 0xFF,0x1,0x0,0x1F },
 667          { 0xFF,0x1,0x0,0x1E },
 668          { 0xFF,0x0,0x0,0x1E },
 669          { 0x7F,0x0,0x0,0x1E },
 670          { 0x7F,0x0,0x0,0x1F },
 671          { 0x3F,0x0,0x0,0x1F },
 672          { 0x3F,0x0,0x0,0x1F },
 673          { 0x1F,0x0,0x0,0x1E },
 674          { 0xF,0x0,0x0,0x1E },
 675          { 0xF,0x0,0x0,0xE },
C51 COMPILER V8.08   ZIMO_DONGHUA                                                          08/14/2013 22:51:46 PAGE 12  

 676          { 0x3,0x0,0x0,0xE },
 677          { 0x1,0x0,0x0,0xE },
 678          { 0x0,0x0,0x0,0xE },
 679          { 0x0,0x0,0x0,0xE },
 680          { 0x0,0x0,0x0,0xF },
 681          { 0x1,0x0,0x0,0xF },
 682          { 0x2F,0x0,0x0,0xF },
 683          { 0x3F,0x0,0x0,0xF },
 684          { 0x3F,0x0,0xE0,0xF },
 685          { 0x3F,0x0,0xE0,0xF },
 686          { 0x3F,0x0,0xE0,0xF },
 687          { 0x3F,0x0,0xE0,0xF },
 688          { 0x3F,0x0,0xE0,0xF },
 689          { 0x3F,0x0,0xF8,0xF },
 690          { 0x3F,0x0,0xFE,0xF },
 691          { 0x3F,0x0,0xFE,0xF },
 692          { 0x3F,0x0,0xFF,0xF },
 693          { 0x7F,0x80,0xFF,0xF },
 694          { 0xFF,0x80,0xBF,0xF },
 695          { 0xFF,0x80,0x3F,0xF },
 696          { 0xFF,0xF3,0x1F,0xE },
 697          { 0xFF,0xFF,0x17,0xE },
 698          { 0xFF,0xFF,0x3,0xE },
 699          { 0xFF,0xFF,0x3,0xE },
 700          { 0xFF,0xFF,0x3,0xF },
 701          { 0xFF,0xFF,0x0,0xF },
 702          { 0xFF,0xFF,0x0,0xF },
 703          { 0xFF,0x3F,0x0,0xE },
 704          { 0xFF,0x3F,0x0,0xE },
 705          { 0xFF,0x1F,0x0,0xE },
 706          { 0xFF,0x17,0x0,0xF },
 707          { 0xFF,0x7,0x0,0xF },
 708          { 0xFF,0x3,0x0,0xF },
 709          { 0xFF,0x3,0x0,0xF },
 710          { 0xFF,0x3,0x0,0xF },
 711          { 0xFF,0x1,0x0,0xF },
 712          { 0xFF,0x0,0x0,0xF },
 713          { 0xFF,0x0,0x0,0xF },
 714          { 0x7F,0x0,0x0,0xF },
 715          { 0x7F,0x0,0x0,0xF },
 716          { 0x1F,0x0,0x0,0xF },
 717          { 0x1F,0x0,0x0,0xF },
 718          { 0x1F,0x0,0x0,0xF },
 719          { 0xF,0x0,0x0,0xF },
 720          { 0x7,0x0,0x0,0xF },
 721          { 0x1,0x0,0x0,0xF },
 722          { 0x1,0x0,0x0,0xF },
 723          { 0x0,0x0,0x0,0xF },
 724          { 0x0,0x0,0x0,0xF },
 725          { 0x0,0x0,0x0,0xF },
 726          { 0x3,0x0,0x80,0xF },
 727          { 0x3F,0x0,0x80,0xF },
 728          { 0x3F,0x0,0x80,0xF },
 729          { 0x3F,0x0,0xF0,0xF },
 730          { 0x3F,0x0,0xF0,0xF },
 731          /*******************************************5*/
 732          { 0x0,0x0,0x80,0xF },
 733          { 0x1F,0x0,0x80,0xF },
 734          { 0x1F,0x0,0x80,0xF },
 735          { 0x3F,0x0,0xC0,0xF },
 736          { 0x3F,0x0,0xC0,0xF },
 737          { 0x3F,0x0,0xF0,0xF },
C51 COMPILER V8.08   ZIMO_DONGHUA                                                          08/14/2013 22:51:46 PAGE 13  

 738          { 0x3F,0x0,0xF0,0xF },
 739          { 0x3F,0x0,0xF8,0xF },
 740          { 0x1F,0x0,0xFC,0xF },
 741          { 0x3F,0x0,0xFC,0xF },
 742          { 0x3F,0x80,0xFF,0xF },
 743          { 0x7F,0x80,0xFF,0xF },
 744          { 0x3F,0x80,0x7F,0xF },
 745          { 0xFF,0xE0,0x1F,0xF },
 746          { 0xFF,0xE0,0xF,0xF },
 747          { 0xFF,0xFF,0xF,0xF },
 748          { 0xFF,0xFF,0x7,0xF },
 749          { 0xFF,0xFF,0x3,0xF },
 750          { 0xFF,0xFF,0x1,0xF },
 751          { 0xFF,0xFF,0x0,0xF },
 752          { 0xFF,0x7F,0x0,0xF },
 753          { 0xFF,0x7F,0x0,0xF },
 754          { 0xFF,0x3F,0x0,0xF },
 755          { 0xFF,0x1F,0x0,0xF },
 756          { 0xFF,0x1F,0x0,0xF },
 757          { 0xFF,0xF,0x0,0xF },
 758          { 0xFF,0x7,0x0,0xF },
 759          { 0xFF,0x3,0x0,0xF },
 760          { 0xFF,0x1,0x0,0xF },
 761          { 0xFF,0x1,0x0,0xF },
 762          { 0xFF,0x0,0x0,0xF },
 763          { 0xFF,0x0,0x0,0xF },
 764          { 0x7F,0x0,0x0,0xF },
 765          { 0x3F,0x0,0x0,0xF },
 766          { 0x7F,0x0,0x0,0xF },
 767          { 0x3F,0x0,0x0,0xF },
 768          { 0x1F,0x0,0x0,0xF },
 769          { 0xF,0x0,0x0,0xF },
 770          { 0xF,0x0,0x0,0xF },
 771          { 0x7,0x0,0x0,0xF },
 772          { 0x1,0x0,0x0,0xF },
 773          { 0x0,0x0,0x0,0xF },
 774          { 0x0,0x0,0x0,0xF },
 775          { 0x0,0x0,0x0,0xF },
 776          { 0x0,0x0,0x0,0xF },
 777          { 0x3,0x0,0x0,0xF },
 778          { 0x1F,0x0,0x0,0xF },
 779          { 0x3F,0x0,0x0,0xF },
 780          { 0x7F,0x0,0xC0,0xF },
 781          { 0x7F,0x0,0xC0,0xF },
 782          { 0x7F,0x0,0xF0,0xF },
 783          { 0x3F,0x0,0xF0,0xF },
 784          { 0x7F,0x0,0xF8,0xF },
 785          { 0x3F,0x0,0xFC,0xF },
 786          { 0x3F,0x0,0xFC,0xF },
 787          { 0x3F,0x80,0xFF,0xF },
 788          { 0x7F,0x80,0xFF,0xF },
 789          { 0x7F,0x80,0x7F,0xF },
 790          { 0xFF,0xE0,0x1F,0xF },
 791          { 0xFF,0xE3,0xF,0xF },
 792          { 0xFF,0xFF,0xF,0xF },
 793          { 0xFF,0xFF,0x7,0xF },
 794          { 0xFF,0xFF,0x3,0xE },
 795          { 0xFF,0xFF,0x1,0xE },
 796          { 0xFF,0xFF,0x0,0xE },
 797          { 0xFF,0x7F,0x0,0xF },
 798          { 0xFF,0x7F,0x0,0xE },
 799          { 0xFF,0x3F,0x0,0xE },
C51 COMPILER V8.08   ZIMO_DONGHUA                                                          08/14/2013 22:51:46 PAGE 14  

 800          { 0xFF,0x1F,0x0,0xE },
 801          { 0xFF,0x1F,0x0,0xE },
 802          { 0xFF,0xF,0x0,0xF },
 803          { 0xFF,0x7,0x0,0xE },
 804          { 0xFF,0x3,0x0,0x1E },
 805          { 0xFF,0x3,0x0,0x1E },
 806          { 0xFF,0x1,0x0,0x1F },
 807          { 0xFF,0x1,0x0,0x1F },
 808          { 0xFF,0x0,0x0,0x1F },
 809          { 0xFF,0x0,0x0,0x1E },
 810          { 0x7F,0x0,0x0,0x1E },
 811          { 0x7F,0x0,0x0,0xE },
 812          { 0x3F,0x0,0x0,0xE },
 813          { 0x1F,0x0,0x0,0xE },
 814          { 0xF,0x0,0x0,0xE },
 815          { 0x1F,0x0,0x0,0xE },
 816          { 0xF,0x0,0x0,0xF },
 817          { 0x3,0x0,0x0,0xF },
 818          { 0x0,0x0,0x0,0xF },
 819          { 0x0,0x0,0x0,0xF },
 820          { 0x0,0x0,0x0,0xF },
 821          { 0x0,0x0,0x0,0xF },
 822          { 0x1,0x0,0x0,0xF },
 823          { 0x1F,0x0,0x0,0xF },
 824          { 0x3F,0x0,0x0,0xF },
 825          { 0x7F,0x0,0x80,0xF },
 826          { 0x7F,0x0,0x80,0xF },
 827          { 0x7F,0x0,0xA0,0xF },
 828          { 0x7F,0x0,0xE0,0xF },
 829          { 0x7F,0x0,0xF0,0xF },
 830          { 0x3F,0x0,0xF4,0xF },
 831          { 0x3F,0x0,0xFC,0xF },
 832          { 0x3F,0x0,0xFF,0xF },
 833          { 0x7F,0x0,0xFF,0xF },
 834          { 0x7F,0x80,0x7F,0x1F },
 835          { 0xFF,0x80,0x1F,0x1F },
 836          { 0xFF,0xE3,0x1F,0x1E },
 837          { 0xFF,0xEF,0x1F,0x1E },
 838          { 0xFF,0xFF,0x17,0x1E },
 839          { 0xFF,0xFF,0x7,0x1E },
 840          { 0xFF,0xFF,0x5,0x1E },
 841          { 0xFF,0xFF,0x1,0x1E },
 842          { 0xFF,0xFF,0x1,0x1F },
 843          { 0xFF,0xFF,0x0,0x1E },
 844          { 0xFF,0x3F,0x0,0x1E },
 845          { 0xFF,0x1F,0x0,0x1E },
 846          { 0xFF,0x1F,0x0,0x1E },
 847          { 0xFF,0xF,0x0,0x1F },
 848          { 0xFF,0x7,0x0,0x1E },
 849          { 0xFF,0x7,0x0,0x1E },
 850          { 0xFF,0x3,0x0,0x1E },
 851          { 0xFF,0x1,0x0,0x1F },
 852          { 0xFF,0x1,0x0,0x1F },
 853          { 0xFF,0x0,0x0,0x1F },
 854          { 0xFF,0x0,0x0,0x1E },
 855          { 0x7F,0x0,0x0,0x1E },
 856          { 0x7F,0x0,0x0,0xE },
 857          { 0x3F,0x0,0x0,0xE },
 858          { 0x1F,0x0,0x0,0xE },
 859          { 0xF,0x0,0x0,0xE },
 860          { 0x1F,0x0,0x0,0xE },
 861          { 0xF,0x0,0x0,0xF },
C51 COMPILER V8.08   ZIMO_DONGHUA                                                          08/14/2013 22:51:46 PAGE 15  

 862          { 0x3,0x0,0x0,0xF },
 863          { 0x0,0x0,0x0,0xF },
 864          { 0x0,0x0,0x0,0xF },
 865          { 0x0,0x0,0x0,0xF },
 866          { 0x0,0x0,0x0,0xF },
 867          { 0x0,0x0,0x0,0xF },
 868          { 0xF,0x0,0x0,0xF },
 869          { 0x1F,0x0,0x0,0xF },
 870          { 0x3F,0x0,0x80,0xF },
 871          { 0x3F,0x0,0x80,0xF },
 872          { 0x3F,0x0,0xA0,0xF },
 873          { 0x3F,0x0,0xE0,0xF },
 874          { 0x3F,0x0,0xF0,0xF },
 875          { 0x1F,0x0,0xF0,0xF },
 876          { 0x3F,0x0,0xF8,0xF },
 877          { 0x3F,0x0,0xFC,0xF },
 878          { 0x7F,0x0,0xFF,0xF },
 879          { 0x3F,0x80,0x7F,0xF },
 880          { 0xFF,0x80,0x1F,0xF },
 881          { 0xFF,0xE0,0x1F,0xF },
 882          { 0xFF,0xE3,0x1F,0xF },
 883          { 0xFF,0xFF,0x17,0xF },
 884          { 0xFF,0xFF,0x7,0xE },
 885          { 0xFF,0xFF,0x5,0xE },
 886          { 0xFF,0xFF,0x1,0xE },
 887          { 0xFF,0x7F,0x1,0xF },
 888          { 0xFF,0x7F,0x0,0xF },
 889          { 0xFF,0x3F,0x0,0xF },
 890          { 0xFF,0x1F,0x0,0xF },
 891          { 0xFF,0x1F,0x0,0xF },
 892          { 0xFF,0xF,0x0,0xF },
 893          { 0xFF,0x7,0x0,0xF },
 894          { 0xFF,0x3,0x0,0xF },
 895          { 0xFF,0x3,0x0,0xF },
 896          { 0xFF,0x1,0x0,0xF },
 897          { 0xFF,0x0,0x0,0xF },
 898          { 0xFF,0x0,0x0,0xF },
 899          { 0xFF,0x0,0x0,0xF },
 900          { 0x3F,0x0,0x0,0xF },
 901          { 0x7F,0x0,0x0,0xF },
 902          { 0x3F,0x0,0x0,0xF },
 903          { 0x1F,0x0,0x0,0xF },
 904          { 0xF,0x0,0x0,0xF },
 905          { 0x1F,0x0,0x0,0xF },
 906          { 0x7,0x0,0x0,0xF },
 907          { 0x1,0x0,0x0,0xF },
 908          { 0x0,0x0,0x0,0xF },
 909          { 0x0,0x0,0x0,0xF },
 910          { 0x0,0x0,0x80,0xF },
 911          { 0x0,0x0,0x80,0xF },
 912          /******************************6*/
 913          { 0x1,0x0,0x0,0xF },
 914          { 0x0,0x0,0x0,0xF },
 915          { 0x0,0x0,0x0,0xF },
 916          { 0x0,0x0,0x0,0xF },
 917          { 0x0,0x0,0x0,0xF },
 918          { 0x0,0x0,0x0,0xF },
 919          { 0x1F,0x0,0x80,0xF },
 920          { 0x3F,0x0,0x80,0xF },
 921          { 0x3F,0x0,0xC0,0xF },
 922          { 0x3F,0x0,0xC0,0xF },
 923          { 0x3F,0x0,0xE0,0xF },
C51 COMPILER V8.08   ZIMO_DONGHUA                                                          08/14/2013 22:51:46 PAGE 16  

 924          { 0x1F,0x0,0xE8,0xF },
 925          { 0x1F,0x0,0xFC,0xF },
 926          { 0x3F,0x0,0xFE,0xF },
 927          { 0x3F,0x0,0xFE,0xF },
 928          { 0x3F,0x80,0x7F,0xF },
 929          { 0x3F,0x80,0x7F,0xF },
 930          { 0x7F,0xC0,0x1F,0xF },
 931          { 0xFF,0xD0,0x1F,0xF },
 932          { 0xFF,0xF1,0xF,0xF },
 933          { 0xFF,0xFB,0x7,0xF },
 934          { 0xFF,0xFF,0x7,0xF },
 935          { 0xFF,0xFF,0x1,0xF },
 936          { 0xFF,0xFF,0x0,0xF },
 937          { 0xFF,0xFF,0x0,0xF },
 938          { 0xFF,0x7F,0x0,0xF },
 939          { 0xFF,0x3F,0x0,0xF },
 940          { 0xFF,0x1F,0x0,0xF },
 941          { 0xFF,0xF,0x0,0xF },
 942          { 0xFF,0xF,0x0,0xF },
 943          { 0xFF,0x7,0x0,0xF },
 944          { 0xFF,0x3,0x0,0xF },
 945          { 0xFF,0x3,0x0,0xF },
 946          { 0xFF,0x1,0x0,0xF },
 947          { 0xFF,0x1,0x0,0xF },
 948          { 0xFF,0x0,0x0,0xF },
 949          { 0xFF,0x0,0x0,0xF },
 950          { 0x3F,0x0,0x0,0xF },
 951          { 0x7F,0x0,0x0,0xF },
 952          { 0x3F,0x0,0x0,0xF },
 953          { 0x1F,0x0,0x0,0xF },
 954          { 0x1F,0x0,0x0,0xF },
 955          { 0xF,0x0,0x0,0xF },
 956          { 0x7,0x0,0x0,0xF },
 957          { 0x3,0x0,0x0,0xF },
 958          { 0x1,0x0,0x0,0xF },
 959          { 0x0,0x0,0x0,0xF },
 960          { 0x0,0x0,0x0,0xF },
 961          { 0x0,0x0,0x0,0xF },
 962          { 0x0,0x0,0x0,0xF },
 963          { 0x0,0x0,0x0,0xF },
 964          { 0x1F,0x0,0x80,0xF },
 965          { 0x7F,0x0,0x80,0xF },
 966          { 0x3F,0x0,0xC0,0xF },
 967          { 0x3F,0x0,0xC0,0xF },
 968          { 0x3F,0x0,0xE0,0xF },
 969          { 0x1F,0x0,0xE8,0xF },
 970          { 0x3F,0x0,0xFC,0xF },
 971          { 0x3F,0x0,0xFE,0xF },
 972          { 0x3F,0x0,0xFE,0xF },
 973          { 0x7F,0x80,0x7F,0xF },
 974          { 0x7F,0x80,0x7F,0xF },
 975          { 0xFF,0xC0,0x1F,0xE },
 976          { 0xFF,0xC0,0x1F,0xE },
 977          { 0xFF,0xE1,0xF,0xE },
 978          { 0xFF,0xFF,0x7,0xF },
 979          { 0xFF,0xFF,0x7,0xE },
 980          { 0xFF,0xFF,0x3,0xE },
 981          { 0xFF,0xFF,0x2,0xE },
 982          { 0xFF,0xFF,0x0,0xE },
 983          { 0xFF,0x7F,0x0,0xF },
 984          { 0xFF,0x3F,0x0,0xE },
 985          { 0xFF,0x3F,0x0,0x1E },
C51 COMPILER V8.08   ZIMO_DONGHUA                                                          08/14/2013 22:51:46 PAGE 17  

 986          { 0xFF,0x3F,0x0,0x1E },
 987          { 0xFF,0x1F,0x0,0x1F },
 988          { 0xFF,0x7,0x0,0x1F },
 989          { 0xFF,0x7,0x0,0x1F },
 990          { 0xFF,0x7,0x0,0x1E },
 991          { 0xFF,0x1,0x0,0x1E },
 992          { 0xFF,0x1,0x0,0xE },
 993          { 0xFF,0x1,0x0,0xE },
 994          { 0xFF,0x0,0x0,0xE },
 995          { 0xFF,0x0,0x0,0xE },
 996          { 0x7F,0x0,0x0,0xE },
 997          { 0x7F,0x0,0x0,0xE },
 998          { 0x3F,0x0,0x0,0xE },
 999          { 0x1F,0x0,0x0,0xE },
1000          { 0x1F,0x0,0x0,0xF },
1001          { 0xF,0x0,0x0,0xF },
1002          { 0x7,0x0,0x0,0xF },
1003          { 0x3,0x0,0x0,0xF },
1004          { 0x1,0x0,0x0,0xF },
1005          { 0x0,0x0,0x0,0xF },
1006          { 0x0,0x0,0x0,0xF },
1007          { 0x0,0x0,0x0,0xF },
1008          { 0x0,0x0,0x0,0xF },
1009          { 0x1F,0x0,0x0,0xF },
1010          { 0x7F,0x0,0x0,0xF },
1011          { 0x3F,0x0,0x0,0xF },
1012          { 0x3F,0x0,0x80,0xF },
1013          { 0x3F,0x0,0xA0,0xF },
1014          { 0x7F,0x0,0xE8,0xF },
1015          { 0x3F,0x0,0xF8,0x1F },
1016          { 0x3F,0x0,0xF8,0x1F },
1017          { 0x3F,0x0,0xFC,0x1F },
1018          { 0x7F,0x0,0xFF,0x1F },
1019          { 0x7F,0x0,0xFF,0x1F },
1020          { 0xFF,0x80,0xFF,0x1E },
1021          { 0xFF,0xC0,0x9F,0x1E },
1022          { 0xFF,0xE1,0x1F,0x1E },
1023          { 0xFF,0xEB,0xF,0x1F },
1024          { 0xFF,0xFF,0xF,0x1E },
1025          { 0xFF,0xFF,0xB,0x1E },
1026          { 0xFF,0xFF,0x3,0x1E },
1027          { 0xFF,0xFF,0x1,0x1E },
1028          { 0xFF,0xFF,0x0,0x1F },
1029          { 0xFF,0xFF,0x0,0x1E },
1030          { 0xFF,0x7F,0x0,0x1E },
1031          { 0xFF,0x3F,0x0,0x1E },
1032          { 0xFF,0x1F,0x0,0x1F },
1033          { 0xFF,0xF,0x0,0x1F },
1034          { 0xFF,0xF,0x0,0x1F },
1035          { 0xFF,0x7,0x0,0x1E },
1036          { 0xFF,0x7,0x0,0x1E },
1037          { 0xFF,0x1,0x0,0xE },
1038          { 0xFF,0x1,0x0,0xE },
1039          { 0xFF,0x0,0x0,0xE },
1040          { 0xFF,0x0,0x0,0xE },
1041          { 0x7F,0x0,0x0,0xE },
1042          { 0x3F,0x0,0x0,0xF },
1043          { 0x3F,0x0,0x0,0xF },
1044          { 0x1F,0x0,0x0,0xF },
1045          { 0x1F,0x0,0x0,0xF },
1046          { 0xF,0x0,0x0,0xF },
1047          { 0x7,0x0,0x0,0xF },
C51 COMPILER V8.08   ZIMO_DONGHUA                                                          08/14/2013 22:51:46 PAGE 18  

1048          { 0x3,0x0,0x0,0xF },
1049          { 0x1,0x0,0x0,0xF },
1050          { 0x0,0x0,0x0,0xF },
1051          { 0x0,0x0,0x0,0xF },
1052          { 0x0,0x0,0x0,0xF },
1053          { 0x0,0x0,0x0,0xF },
1054          { 0x1F,0x0,0x0,0xF },
1055          { 0x3F,0x0,0x0,0xF },
1056          { 0x3F,0x0,0x0,0xF },
1057          { 0x3F,0x0,0x80,0xF },
1058          { 0x3F,0x0,0x80,0xF },
1059          { 0x7F,0x0,0xC0,0xF },
1060          { 0x3F,0x0,0xF0,0xF },
1061          { 0x3F,0x0,0xF8,0xF },
1062          { 0x3F,0x0,0xFC,0xF },
1063          { 0x3F,0x0,0xFF,0xF },
1064          { 0x3F,0x0,0xFF,0xF },
1065          { 0x7F,0x80,0xFF,0xF },
1066          { 0xFF,0xC0,0x9F,0xF },
1067          { 0xFF,0xE1,0x1F,0xF },
1068          { 0xFF,0xEB,0xF,0xF },
1069          { 0xFF,0xFF,0x7,0xF },
1070          { 0xFF,0xFF,0x3,0xF },
1071          { 0xFF,0xFF,0x3,0xF },
1072          { 0xFF,0xFF,0x1,0xF },
1073          { 0xFF,0xFF,0x0,0xF },
1074          { 0xFF,0xFF,0x0,0xF },
1075          { 0xFF,0x7F,0x0,0xF },
1076          { 0xFF,0x3F,0x0,0xF },
1077          { 0xFF,0x1F,0x0,0xF },
1078          { 0xFF,0x7,0x0,0xF },
1079          { 0xFF,0x7,0x0,0xF },
1080          { 0xFF,0x7,0x0,0xF },
1081          { 0xFF,0x1,0x0,0xF },
1082          { 0xFF,0x1,0x0,0xF },
1083          { 0xFF,0x0,0x0,0xF },
1084          { 0xFF,0x0,0x0,0xF },
1085          { 0x7F,0x0,0x0,0xF },
1086          { 0x7F,0x0,0x0,0xF },
1087          { 0x3F,0x0,0x0,0xF },
1088          { 0x1F,0x0,0x0,0xF },
1089          { 0x1F,0x0,0x0,0xF },
1090          { 0xF,0x0,0x0,0xF },
1091          { 0xF,0x0,0x0,0xF },
1092          { 0x7,0x0,0x0,0xF },
1093          /********************************7*****/
1094          { 0x1F,0x0,0x0,0xF },
1095          { 0x1F,0x0,0x0,0xF },
1096          { 0xF,0x0,0x0,0xF },
1097          { 0xF,0x0,0x0,0xF },
1098          { 0x7,0x0,0x0,0xF },
1099          { 0x3,0x0,0x0,0xF },
1100          { 0x1,0x0,0x0,0xF },
1101          { 0x0,0x0,0x0,0xF },
1102          { 0x0,0x0,0x0,0xF },
1103          { 0x0,0x0,0x0,0xF },
1104          { 0x0,0x0,0x0,0xF },
1105          { 0xF,0x0,0x0,0xF },
1106          { 0x3F,0x0,0x0,0xF },
1107          { 0x3F,0x0,0x80,0xF },
1108          { 0x3F,0x0,0xC0,0xF },
1109          { 0x3F,0x0,0xE0,0xF },
C51 COMPILER V8.08   ZIMO_DONGHUA                                                          08/14/2013 22:51:46 PAGE 19  

1110          { 0x3F,0x0,0xE8,0xF },
1111          { 0x3F,0x0,0xF8,0xF },
1112          { 0x3F,0x0,0xFA,0xF },
1113          { 0x3F,0x0,0xFE,0xF },
1114          { 0x3F,0x80,0xFE,0xF },
1115          { 0x7F,0x80,0xDF,0xF },
1116          { 0xFF,0xC0,0x9F,0xF },
1117          { 0xFF,0xE0,0x1F,0xF },
1118          { 0xFF,0xE1,0xF,0xF },
1119          { 0xFF,0xF7,0x7,0xF },
1120          { 0xFF,0xFF,0x5,0xF },
1121          { 0xFF,0xFF,0x0,0xF },
1122          { 0xFF,0xFF,0x0,0xF },
1123          { 0xFF,0xFF,0x0,0xF },
1124          { 0xFF,0x7F,0x0,0xF },
1125          { 0xFF,0x3F,0x0,0xF },
1126          { 0xFF,0x1F,0x0,0xF },
1127          { 0xFF,0x1F,0x0,0xF },
1128          { 0xFF,0xF,0x0,0xF },
1129          { 0xFF,0x7,0x0,0xF },
1130          { 0xFF,0x7,0x0,0xF },
1131          { 0xFF,0x3,0x0,0xF },
1132          { 0xFF,0x1,0x0,0xF },
1133          { 0xFF,0x1,0x0,0xF },
1134          { 0xFF,0x0,0x0,0xF },
1135          { 0x7F,0x0,0x0,0xF },
1136          { 0x7F,0x0,0x0,0xF },
1137          { 0x3F,0x0,0x0,0xF },
1138          { 0x1F,0x0,0x0,0xF },
1139          { 0x1F,0x0,0x0,0xF },
1140          { 0x1F,0x0,0x0,0xF },
1141          { 0xF,0x0,0x0,0xF },
1142          { 0xF,0x0,0x0,0xF },
1143          { 0x7,0x0,0x0,0xF },
1144          { 0x3,0x0,0x0,0xF },
1145          { 0x1,0x0,0x0,0xF },
1146          { 0x0,0x0,0x0,0xF },
1147          { 0x0,0x0,0x0,0xF },
1148          { 0x0,0x0,0x0,0xF },
1149          { 0x1,0x0,0x0,0xF },
1150          { 0x1F,0x0,0x0,0xF },
1151          { 0x3F,0x0,0x80,0xF },
1152          { 0x7F,0x0,0xE0,0xF },
1153          { 0x3F,0x0,0xE0,0xF },
1154          { 0x7F,0x0,0xE0,0xF },
1155          { 0x3F,0x0,0xE8,0xF },
1156          { 0x3F,0x0,0xF8,0xF },
1157          { 0x3F,0x0,0xFA,0xF },
1158          { 0x3F,0x0,0x7E,0xF },
1159          { 0x7F,0x80,0x7E,0xF },
1160          { 0x7F,0x80,0x5F,0xE },
1161          { 0xFF,0xC0,0x1F,0xE },
1162          { 0xFF,0xE0,0x1F,0xE },
1163          { 0xFF,0xE5,0xF,0xE },
1164          { 0xFF,0xF7,0x7,0xF },
1165          { 0xFF,0xFF,0x7,0xE },
1166          { 0xFF,0xFF,0x3,0x1E },
1167          { 0xFF,0xFF,0x1,0x1E },
1168          { 0xFF,0xFF,0x1,0x1F },
1169          { 0xFF,0x7F,0x0,0x1F },
1170          { 0xFF,0x3F,0x0,0x1F },
1171          { 0xFF,0x1F,0x0,0x1E },
C51 COMPILER V8.08   ZIMO_DONGHUA                                                          08/14/2013 22:51:46 PAGE 20  

1172          { 0xFF,0x3F,0x0,0x1E },
1173          { 0xFF,0xF,0x0,0xE },
1174          { 0xFF,0xF,0x0,0xE },
1175          { 0xFF,0x7,0x0,0xE },
1176          { 0xFF,0x7,0x0,0xE },
1177          { 0xFF,0x3,0x0,0xE },
1178          { 0xFF,0x1,0x0,0xF },
1179          { 0xFF,0x1,0x0,0xF },
1180          { 0x7F,0x0,0x0,0xF },
1181          { 0x7F,0x0,0x0,0xF },
1182          { 0x7F,0x0,0x0,0xF },
1183          { 0x3F,0x0,0x0,0xF },
1184          { 0x3F,0x0,0x0,0xF },
1185          { 0x3F,0x0,0x0,0xF },
1186          { 0x1F,0x0,0x0,0xF },
1187          { 0xF,0x0,0x0,0xF },
1188          { 0xF,0x0,0x0,0xE },
1189          { 0x7,0x0,0x0,0xE },
1190          { 0x3,0x0,0x0,0xE },
1191          { 0x1,0x0,0x0,0xE },
1192          { 0x0,0x0,0x0,0xE },
1193          { 0x0,0x0,0x0,0xE },
1194          { 0x1,0x0,0x0,0xE },
1195          { 0xF,0x0,0x0,0xE },
1196          { 0x3F,0x0,0x0,0x1E },
1197          { 0x7F,0x0,0x80,0x1E },
1198          { 0x7F,0x0,0xC0,0x1F },
1199          { 0x7F,0x0,0xE0,0x1F },
1200          { 0x3F,0x0,0xE0,0x1F },
1201          { 0x7F,0x0,0xF0,0x1F },
1202          { 0x3F,0x0,0xF8,0x1F },
1203          { 0x3F,0x0,0xFC,0xF },
1204          { 0x7F,0x0,0xFE,0xF },
1205          { 0x7F,0x0,0xFF,0xE },
1206          { 0xFF,0x80,0xBF,0xE },
1207          { 0xFF,0x80,0x3F,0xE },
1208          { 0xFF,0xC1,0x3F,0xE },
1209          { 0xFF,0xF7,0x17,0xF },
1210          { 0xFF,0xFF,0x7,0xE },
1211          { 0xFF,0xFF,0x3,0x1E },
1212          { 0xFF,0xFF,0x1,0x1E },
1213          { 0xFF,0xFF,0x1,0x1F },
1214          { 0xFF,0x7F,0x0,0x1F },
1215          { 0xFF,0x3F,0x0,0x1F },
1216          { 0xFF,0x7F,0x0,0x1E },
1217          { 0xFF,0x3F,0x0,0x1E },
1218          { 0xFF,0xF,0x0,0xE },
1219          { 0xFF,0xF,0x0,0xE },
1220          { 0xFF,0x7,0x0,0xE },
1221          { 0xFF,0x7,0x0,0xE },
1222          { 0xFF,0x3,0x0,0xE },
1223          { 0xFF,0x1,0x0,0xF },
1224          { 0xFF,0x1,0x0,0xF },
1225          { 0xFF,0x0,0x0,0xF },
1226          { 0x7F,0x0,0x0,0xF },
1227          { 0x3F,0x0,0x0,0xF },
1228          { 0x3F,0x0,0x0,0xF },
1229          { 0x3F,0x0,0x0,0xF },
1230          { 0x3F,0x0,0x0,0xF },
1231          { 0x1F,0x0,0x0,0xF },
1232          { 0xF,0x0,0x0,0xF },
1233          { 0xF,0x0,0x0,0xF },
C51 COMPILER V8.08   ZIMO_DONGHUA                                                          08/14/2013 22:51:46 PAGE 21  

1234          { 0x7,0x0,0x0,0xF },
1235          { 0x3,0x0,0x0,0xF },
1236          { 0x1,0x0,0x0,0xF },
1237          { 0x0,0x0,0x0,0xF },
1238          { 0x0,0x0,0x0,0xF },
1239          { 0x0,0x0,0x0,0xF },
1240          { 0x9,0x0,0x0,0xF },
1241          { 0x3F,0x0,0x0,0xF },
1242          { 0x7F,0x0,0x80,0xF },
1243          { 0x3F,0x0,0xC0,0xF },
1244          { 0x7F,0x0,0xE0,0xF },
1245          { 0x3F,0x0,0xE0,0xF },
1246          { 0x3F,0x0,0xF0,0xF },
1247          { 0x3F,0x0,0xFA,0xF },
1248          { 0x3F,0x0,0xFE,0xF },
1249          { 0x3F,0x0,0xFE,0xF },
1250          { 0x7F,0x0,0xFF,0xF },
1251          { 0x7F,0xC0,0xBF,0xF },
1252          { 0x7F,0xE0,0x3F,0xF },
1253          { 0xFF,0xE1,0x2F,0xF },
1254          { 0xFF,0xF7,0x7,0xF },
1255          { 0xFF,0xFF,0x7,0xE },
1256          { 0xFF,0xFF,0x3,0xE },
1257          { 0xFF,0xFF,0x1,0xE },
1258          { 0xFF,0xFF,0x1,0xF },
1259          { 0xFF,0x7F,0x0,0xF },
1260          { 0xFF,0x3F,0x0,0xF },
1261          { 0xFF,0x1F,0x0,0xF },
1262          { 0xFF,0x3F,0x0,0xF },
1263          { 0xFF,0xF,0x0,0xF },
1264          { 0xFF,0x7,0x0,0xF },
1265          { 0xFF,0x7,0x0,0xF },
1266          { 0xFF,0x7,0x0,0xF },
1267          { 0xFF,0x1,0x0,0xF },
1268          { 0xFF,0x1,0x0,0xF },
1269          { 0xFF,0x0,0x0,0xF },
1270          { 0x7F,0x0,0x0,0xF },
1271          { 0x7F,0x0,0x0,0xF },
1272          { 0x3F,0x0,0x0,0xF },
1273          { 0x1F,0x0,0x0,0xF },
1274          /***************************************8*/
1275          { 0xFF,0x0,0x0,0xF },
1276          { 0xFF,0x0,0x0,0xF },
1277          { 0x7F,0x0,0x0,0xF },
1278          { 0x7F,0x0,0x0,0xF },
1279          { 0x7F,0x0,0x0,0xF },
1280          { 0x3F,0x0,0x0,0xF },
1281          { 0x3F,0x0,0x0,0xF },
1282          { 0x1F,0x0,0x0,0xF },
1283          { 0xF,0x0,0x0,0xF },
1284          { 0x7,0x0,0x0,0xF },
1285          { 0x7,0x0,0x0,0xF },
1286          { 0x0,0x0,0x0,0xF },
1287          { 0x0,0x0,0x0,0xF },
1288          { 0x0,0x0,0x0,0xF },
1289          { 0x0,0x0,0x0,0xF },
1290          { 0x2,0x0,0x0,0xF },
1291          { 0x17,0x0,0x0,0xF },
1292          { 0x7F,0x0,0x0,0xF },
1293          { 0x3F,0x0,0x60,0xF },
1294          { 0x7F,0x0,0xE0,0xF },
1295          { 0x3F,0x0,0xF0,0xF },
C51 COMPILER V8.08   ZIMO_DONGHUA                                                          08/14/2013 22:51:46 PAGE 22  

1296          { 0x7F,0x0,0xF8,0xF },
1297          { 0x3F,0x0,0xFC,0xF },
1298          { 0x3F,0x0,0xFD,0xF },
1299          { 0x7F,0x0,0xFF,0xF },
1300          { 0x3F,0x80,0xFF,0xF },
1301          { 0x7F,0xC0,0xBF,0xF },
1302          { 0xFF,0xE0,0x3F,0xF },
1303          { 0xFF,0xE0,0x1F,0xF },
1304          { 0xFF,0xE3,0xF,0xF },
1305          { 0xFF,0xFF,0x7,0xF },
1306          { 0xFF,0xFF,0x7,0xF },
1307          { 0xFF,0xFF,0x3,0xE },
1308          { 0xFF,0xFF,0x0,0xE },
1309          { 0xFF,0x7F,0x0,0xE },
1310          { 0xFF,0x7F,0x0,0xE },
1311          { 0xFF,0x3F,0x0,0xF },
1312          { 0xFF,0x3F,0x0,0xF },
1313          { 0xFF,0x1F,0x0,0xF },
1314          { 0xFF,0xF,0x0,0xF },
1315          { 0xFF,0x7,0x0,0xF },
1316          { 0xFF,0x7,0x0,0xF },
1317          { 0xFF,0x3,0x0,0xF },
1318          { 0xFF,0x1,0x0,0xF },
1319          { 0xFF,0x0,0x0,0xF },
1320          { 0xFF,0x0,0x0,0xF },
1321          { 0xFF,0x0,0x0,0xF },
1322          { 0x7F,0x0,0x0,0xF },
1323          { 0x7F,0x0,0x0,0xF },
1324          { 0x7F,0x0,0x0,0xF },
1325          { 0x3F,0x0,0x0,0xF },
1326          { 0x3F,0x0,0x0,0xF },
1327          { 0x1F,0x0,0x0,0xF },
1328          { 0xF,0x0,0x0,0xF },
1329          { 0x7,0x0,0x0,0xF },
1330          { 0x7,0x0,0x0,0xE },
1331          { 0x0,0x0,0x0,0xE },
1332          { 0x0,0x0,0x0,0x1E },
1333          { 0x0,0x0,0x0,0x1E },
1334          { 0x0,0x0,0x0,0x1F },
1335          { 0x3,0x0,0x0,0x1F },
1336          { 0x17,0x0,0x0,0x1F },
1337          { 0x7F,0x0,0x0,0x1F },
1338          { 0x3F,0x0,0x60,0x1F },
1339          { 0x7F,0x0,0xE0,0xF },
1340          { 0x7F,0x0,0xF0,0xF },
1341          { 0x7F,0x0,0xF0,0xF },
1342          { 0x3F,0x0,0xF4,0xF },
1343          { 0x3F,0x0,0xFC,0xF },
1344          { 0x7F,0x0,0xFE,0xF },
1345          { 0x3F,0x0,0xFF,0xF },
1346          { 0x7F,0x0,0xBF,0xE },
1347          { 0xFF,0x80,0x3F,0x1E },
1348          { 0xFF,0xC1,0x1F,0x1E },
1349          { 0xFF,0xE3,0xF,0x1F },
1350          { 0xFF,0xFF,0x7,0x1F },
1351          { 0xFF,0xFF,0x7,0x1F },
1352          { 0xFF,0xFF,0x3,0x1E },
1353          { 0xFF,0xFF,0x0,0x1E },
1354          { 0xFF,0xFF,0x0,0xE },
1355          { 0xFF,0xFF,0x0,0xE },
1356          { 0xFF,0x7F,0x0,0xE },
1357          { 0xFF,0x7F,0x0,0xE },
C51 COMPILER V8.08   ZIMO_DONGHUA                                                          08/14/2013 22:51:46 PAGE 23  

1358          { 0xFF,0x1F,0x0,0xE },
1359          { 0xFF,0x1F,0x0,0xF },
1360          { 0xFF,0x7,0x0,0xF },
1361          { 0xFF,0x7,0x0,0xF },
1362          { 0xFF,0x3,0x0,0xF },
1363          { 0xFF,0x3,0x0,0xF },
1364          { 0xFF,0x1,0x0,0xF },
1365          { 0xFF,0x1,0x0,0xF },
1366          { 0xFF,0x1,0x0,0xF },
1367          { 0x7F,0x0,0x0,0xF },
1368          { 0x7F,0x0,0x0,0xF },
1369          { 0x7F,0x0,0x0,0xF },
1370          { 0x7F,0x0,0x0,0xF },
1371          { 0x3F,0x0,0x0,0xF },
1372          { 0x3F,0x0,0x0,0xE },
1373          { 0x1F,0x0,0x0,0xE },
1374          { 0xF,0x0,0x0,0xE },
1375          { 0x7,0x0,0x0,0xE },
1376          { 0x3,0x0,0x0,0xE },
1377          { 0x0,0x0,0x0,0x1E },
1378          { 0x0,0x0,0x0,0x1E },
1379          { 0x0,0x0,0x0,0x1F },
1380          { 0x0,0x0,0x0,0x1F },
1381          { 0x15,0x0,0x0,0x1F },
1382          { 0x7F,0x0,0x0,0x1F },
1383          { 0x3F,0x0,0x0,0x1F },
1384          { 0x7F,0x0,0x80,0xF },
1385          { 0x7F,0x0,0xD0,0xF },
1386          { 0x7F,0x0,0xF0,0xF },
1387          { 0x3F,0x0,0xF0,0xF },
1388          { 0x3F,0x0,0xF8,0xF },
1389          { 0x7F,0x0,0xFE,0xF },
1390          { 0x3F,0x0,0xFF,0xF },
1391          { 0x7F,0x0,0xFF,0xF },
1392          { 0xFF,0x80,0x7F,0x1F },
1393          { 0xFF,0xC0,0x1F,0x1F },
1394          { 0xFF,0xE1,0xF,0x1F },
1395          { 0xFF,0xFB,0x7,0x1F },
1396          { 0xFF,0xFF,0x7,0x1F },
1397          { 0xFF,0xFF,0x3,0x1E },
1398          { 0xFF,0xFF,0x1,0x1E },
1399          { 0xFF,0xFF,0x1,0xE },
1400          { 0xFF,0xFF,0x0,0xE },
1401          { 0xFF,0x7F,0x0,0xF },
1402          { 0xFF,0x7F,0x0,0xF },
1403          { 0xFF,0x1F,0x0,0xF },
1404          { 0xFF,0x1F,0x0,0xF },
1405          { 0xFF,0x7,0x0,0xF },
1406          { 0xFF,0x7,0x0,0xF },
1407          { 0xFF,0x3,0x0,0xF },
1408          { 0xFF,0x3,0x0,0xF },
1409          { 0xFF,0x1,0x0,0xF },
1410          { 0xFF,0x1,0x0,0xF },
1411          { 0xFF,0x1,0x0,0xF },
1412          { 0xFF,0x0,0x0,0xF },
1413          { 0x7F,0x0,0x0,0xF },
1414          { 0x7F,0x0,0x0,0xF },
1415          { 0x3F,0x0,0x0,0xF },
1416          { 0x3F,0x0,0x0,0xF },
1417          { 0x3F,0x0,0x0,0xF },
1418          { 0xF,0x0,0x0,0xF },
1419          { 0xF,0x0,0x0,0xF },
C51 COMPILER V8.08   ZIMO_DONGHUA                                                          08/14/2013 22:51:46 PAGE 24  

1420          { 0x7,0x0,0x0,0xE },
1421          { 0x3,0x0,0x0,0xE },
1422          { 0x0,0x0,0x0,0xE },
1423          { 0x0,0x0,0x0,0xE },
1424          { 0x0,0x0,0x0,0xF },
1425          { 0x0,0x0,0x0,0xF },
1426          { 0x11,0x0,0x0,0xF },
1427          { 0x7F,0x0,0x0,0xF },
1428          { 0x3F,0x0,0x40,0xF },
1429          { 0x7F,0x0,0xC0,0xF },
1430          { 0x3F,0x0,0xD0,0xF },
1431          { 0x7F,0x0,0xF0,0xF },
1432          { 0x3F,0x0,0xF0,0xF },
1433          { 0x3F,0x0,0xF8,0xF },
1434          { 0x1F,0x0,0xFE,0xF },
1435          { 0x3F,0x0,0xFF,0xF },
1436          { 0x7F,0x0,0xFF,0xF },
1437          { 0xFF,0x80,0x7F,0xF },
1438          { 0xFF,0xC0,0x1F,0xF },
1439          { 0xFF,0xE1,0xF,0xF },
1440          { 0xFF,0xFB,0x7,0xF },
1441          { 0xFF,0xFF,0x7,0xF },
1442          { 0xFF,0xFF,0x3,0xF },
1443          { 0xFF,0xFF,0x0,0xF },
1444          { 0xFF,0x7F,0x0,0xF },
1445          { 0xFF,0x7F,0x0,0xF },
1446          { 0xFF,0x3F,0x0,0xF },
1447          { 0xFF,0x3F,0x0,0xF },
1448          { 0xFF,0x1F,0x0,0xF },
1449          { 0xFF,0xF,0x0,0xF },
1450          { 0xFF,0x7,0x0,0xF },
1451          { 0xFF,0x7,0x0,0xF },
1452          { 0xFF,0x3,0x0,0xF },
1453          { 0xFF,0x1,0x0,0xF },
1454          { 0xFF,0x0,0x0,0xF },
1455          /*****************************9*/
1456          { 0xFF,0x7,0x0,0xF },
1457          { 0xFF,0x7,0x0,0xF },
1458          { 0xFF,0x3,0x0,0xF },
1459          { 0xFF,0x3,0x0,0xF },
1460          { 0xFF,0x1,0x0,0xF },
1461          { 0xFF,0x0,0x0,0xF },
1462          { 0xFF,0x0,0x0,0xF },
1463          { 0xFF,0x0,0x0,0xF },
1464          { 0x3F,0x0,0x0,0xF },
1465          { 0x3F,0x0,0x0,0xF },
1466          { 0x3F,0x0,0x0,0xF },
1467          { 0x1F,0x0,0x0,0xF },
1468          { 0x1F,0x0,0x0,0xF },
1469          { 0x7,0x0,0x0,0xF },
1470          { 0x7,0x0,0x0,0xF },
1471          { 0x1,0x0,0x0,0xF },
1472          { 0x0,0x0,0x0,0xF },
1473          { 0x0,0x0,0x0,0xF },
1474          { 0x0,0x0,0x0,0xF },
1475          { 0x0,0x0,0x0,0xF },
1476          { 0x8,0x0,0x0,0xF },
1477          { 0x1F,0x0,0x0,0xF },
1478          { 0x3F,0x0,0x40,0xF },
1479          { 0x3F,0x0,0xC0,0xF },
1480          { 0x7F,0x0,0xD0,0xF },
1481          { 0x3F,0x0,0xF8,0xF },
C51 COMPILER V8.08   ZIMO_DONGHUA                                                          08/14/2013 22:51:46 PAGE 25  

1482          { 0x3F,0x0,0xF8,0xF },
1483          { 0x3F,0x0,0xFC,0xF },
1484          { 0x3F,0x0,0xFE,0xF },
1485          { 0x3F,0x0,0xFE,0xF },
1486          { 0x3F,0x80,0x5F,0xF },
1487          { 0x3F,0xC0,0x5F,0xF },
1488          { 0xFF,0xE0,0xF,0xE },
1489          { 0xFF,0xC0,0xF,0xE },
1490          { 0xFF,0xF7,0xF,0xE },
1491          { 0xFF,0xFF,0x7,0xE },
1492          { 0xFF,0xFF,0x1,0xF },
1493          { 0xFF,0xFF,0x1,0xF },
1494          { 0xFF,0xFF,0x1,0xF },
1495          { 0xFF,0x7F,0x0,0xF },
1496          { 0xFF,0x7F,0x0,0xF },
1497          { 0xFF,0x3F,0x0,0xF },
1498          { 0xFF,0x3F,0x0,0xF },
1499          { 0xFF,0xF,0x0,0xF },
1500          { 0xFF,0x7,0x0,0xF },
1501          { 0xFF,0x7,0x0,0xF },
1502          { 0xFF,0x7,0x0,0xF },
1503          { 0xFF,0x3,0x0,0xF },
1504          { 0xFF,0x3,0x0,0xF },
1505          { 0xFF,0x1,0x0,0xF },
1506          { 0xFF,0x0,0x0,0xF },
1507          { 0xFF,0x0,0x0,0xF },
1508          { 0xFF,0x0,0x0,0xF },
1509          { 0x3F,0x0,0x0,0xF },
1510          { 0x3F,0x0,0x0,0xF },
1511          { 0x3F,0x0,0x0,0xE },
1512          { 0x1F,0x0,0x0,0xE },
1513          { 0x1F,0x0,0x0,0x1E },
1514          { 0x1F,0x0,0x0,0x1E },
1515          { 0x7,0x0,0x0,0x1F },
1516          { 0x3,0x0,0x0,0x1F },
1517          { 0x2,0x0,0x0,0x1F },
1518          { 0x0,0x0,0x0,0x1E },
1519          { 0x0,0x0,0x0,0x1E },
1520          { 0x0,0x0,0x0,0xE },
1521          { 0x9,0x0,0x0,0xF },
1522          { 0x7F,0x0,0x0,0xF },
1523          { 0x7F,0x0,0x40,0xF },
1524          { 0x7F,0x0,0xC0,0xF },
1525          { 0x7F,0x0,0xC0,0xF },
1526          { 0x7F,0x0,0xE8,0xF },
1527          { 0x3F,0x0,0xF8,0xF },
1528          { 0x3F,0x0,0xFC,0x1F },
1529          { 0x7F,0x0,0xFE,0x1F },
1530          { 0x3F,0x0,0xFE,0x1F },
1531          { 0x7F,0x80,0x7F,0x1F },
1532          { 0x7F,0xC0,0x7F,0x1F },
1533          { 0xFF,0x80,0x3F,0x1E },
1534          { 0xFF,0xC0,0x1F,0x1E },
1535          { 0xFF,0xF7,0xF,0xE },
1536          { 0xFF,0xFF,0x7,0xE },
1537          { 0xFF,0xFF,0x3,0xE },
1538          { 0xFF,0xFF,0x3,0xE },
1539          { 0xFF,0xFF,0x1,0xE },
1540          { 0xFF,0xFF,0x0,0xF },
1541          { 0xFF,0xFF,0x0,0xF },
1542          { 0xFF,0x3F,0x0,0xF },
1543          { 0xFF,0x3F,0x0,0xF },
C51 COMPILER V8.08   ZIMO_DONGHUA                                                          08/14/2013 22:51:46 PAGE 26  

1544          { 0xFF,0x1F,0x0,0xF },
1545          { 0xFF,0xF,0x0,0xF },
1546          { 0xFF,0xF,0x0,0xF },
1547          { 0xFF,0xF,0x0,0xF },
1548          { 0xFF,0x7,0x0,0xF },
1549          { 0xFF,0x3,0x0,0xF },
1550          { 0xFF,0x3,0x0,0xF },
1551          { 0xFF,0x1,0x0,0xF },
1552          { 0xFF,0x1,0x0,0xF },
1553          { 0xFF,0x0,0x0,0xE },
1554          { 0x3F,0x0,0x0,0xE },
1555          { 0x3F,0x0,0x0,0xE },
1556          { 0x3F,0x0,0x0,0xE },
1557          { 0x1F,0x0,0x0,0xE },
1558          { 0x1F,0x0,0x0,0x1E },
1559          { 0x1F,0x0,0x0,0x1E },
1560          { 0xF,0x0,0x0,0x1E },
1561          { 0x3,0x0,0x0,0x1E },
1562          { 0x3,0x0,0x0,0x1E },
1563          { 0x0,0x0,0x0,0x1E },
1564          { 0x0,0x0,0x0,0x1E },
1565          { 0x0,0x0,0x0,0xE },
1566          { 0x0,0x0,0x0,0xF },
1567          { 0x1B,0x0,0x0,0xF },
1568          { 0x3F,0x0,0x0,0xF },
1569          { 0x7F,0x0,0x80,0xF },
1570          { 0x7F,0x0,0xC0,0xF },
1571          { 0x7F,0x0,0xE0,0xF },
1572          { 0x7F,0x0,0xE0,0xF },
1573          { 0x3F,0x0,0xF4,0x1F },
1574          { 0x7F,0x0,0xFE,0x1F },
1575          { 0x3F,0x0,0xFE,0x1F },
1576          { 0x7F,0x80,0xFF,0x1F },
1577          { 0x3F,0x80,0xFF,0x1F },
1578          { 0xFF,0x80,0xBF,0x1E },
1579          { 0xFF,0xC0,0x1F,0x1E },
1580          { 0xFF,0xF3,0xF,0xE },
1581          { 0xFF,0xFF,0xF,0xE },
1582          { 0xFF,0xFF,0xF,0xE },
1583          { 0xFF,0xFF,0x7,0xE },
1584          { 0xFF,0xFF,0x1,0xE },
1585          { 0xFF,0xFF,0x0,0xF },
1586          { 0xFF,0xFF,0x0,0xF },
1587          { 0xFF,0x7F,0x0,0xF },
1588          { 0xFF,0x3F,0x0,0xF },
1589          { 0xFF,0x1F,0x0,0xF },
1590          { 0xFF,0xF,0x0,0xF },
1591          { 0xFF,0xF,0x0,0xF },
1592          { 0xFF,0xF,0x0,0xF },
1593          { 0xFF,0x7,0x0,0xF },
1594          { 0xFF,0x3,0x0,0xF },
1595          { 0xFF,0x3,0x0,0xF },
1596          { 0xFF,0x1,0x0,0xF },
1597          { 0xFF,0x1,0x0,0xF },
1598          { 0xFF,0x0,0x0,0xF },
1599          { 0x7F,0x0,0x0,0xF },
1600          { 0x3F,0x0,0x0,0xF },
1601          { 0x3F,0x0,0x0,0xE },
1602          { 0x1F,0x0,0x0,0xE },
1603          { 0x1F,0x0,0x0,0xE },
1604          { 0x1F,0x0,0x0,0xE },
1605          { 0x7,0x0,0x0,0xF },
C51 COMPILER V8.08   ZIMO_DONGHUA                                                          08/14/2013 22:51:46 PAGE 27  

1606          { 0x3,0x0,0x0,0xF },
1607          { 0x2,0x0,0x0,0xF },
1608          { 0x0,0x0,0x0,0xE },
1609          { 0x0,0x0,0x0,0xE },
1610          { 0x0,0x0,0x0,0xE },
1611          { 0x0,0x0,0x0,0xF },
1612          { 0x1B,0x0,0x0,0xF },
1613          { 0x3F,0x0,0x0,0xF },
1614          { 0x3F,0x0,0x80,0xF },
1615          { 0x7F,0x0,0xC0,0xF },
1616          { 0x3F,0x0,0xE0,0xF },
1617          { 0x3F,0x0,0xE8,0xF },
1618          { 0x3F,0x0,0xFC,0xF },
1619          { 0x3F,0x0,0xFE,0xF },
1620          { 0x1F,0x0,0xFE,0xF },
1621          { 0x3F,0x80,0xFF,0xF },
1622          { 0x3F,0xC0,0xFF,0xF },
1623          { 0x7F,0xE0,0xBF,0xF },
1624          { 0xFF,0xC0,0x1F,0xF },
1625          { 0xFF,0xF3,0xF,0xF },
1626          { 0xFF,0xFF,0x7,0xF },
1627          { 0xFF,0xFF,0x1,0xF },
1628          { 0xFF,0xFF,0x1,0xF },
1629          { 0xFF,0xFF,0x1,0xF },
1630          { 0xFF,0x7F,0x0,0xF },
1631          { 0xFF,0x7F,0x0,0xF },
1632          { 0xFF,0x3F,0x0,0xF },
1633          { 0xFF,0x3F,0x0,0xF },
1634          { 0xFF,0xF,0x0,0xF },
1635          { 0xFF,0x7,0x0,0xF },
1636          
1637          
1638          
1639          };
1640          uchar code hudie[][4]={
1641          { 0xFF,0xFF,0xFF,0xFF },
1642          { 0xFF,0xFF,0xFF,0xFF },
1643          { 0xFF,0xFF,0xFF,0xFF },
1644          { 0xFF,0xFF,0xFF,0xFF },
1645          { 0xFF,0xFF,0xFF,0xFF },
1646          { 0xFF,0xFF,0xFF,0xFF },
1647          { 0xFF,0xFF,0xFF,0xFF },
1648          { 0xFF,0xFF,0xFF,0xFF },
1649          { 0xFF,0xFF,0xFF,0xFF },
1650          { 0xFF,0xFF,0xFF,0xFF },
1651          { 0xFF,0xFF,0xFF,0xFF },
1652          { 0xFF,0xFF,0xFF,0xFF },
1653          { 0xFF,0xFF,0xFF,0xFF },
1654          { 0xFF,0xFF,0xFF,0xFF },
1655          { 0xFF,0xFF,0xFF,0xFF },
1656          { 0xFF,0xFF,0xFF,0xFF },
1657          { 0xFF,0xFF,0xFF,0xFF },
1658          { 0xFF,0xFF,0xFF,0xFF },
1659          { 0xFF,0xFF,0xFF,0xFF },
1660          { 0xFF,0xFF,0xFF,0xFF },
1661          { 0xFF,0xFF,0xFF,0xFF },
1662          { 0xFF,0xFF,0xFF,0xFF },
1663          { 0xFF,0xFF,0xFF,0xFF },
1664          { 0xFF,0xFF,0x7F,0xFF },
1665          { 0xFF,0xFF,0x7F,0xFF },
1666          { 0xFF,0xFF,0x7F,0xFF },
1667          { 0xFF,0xFF,0x3F,0xFC },
C51 COMPILER V8.08   ZIMO_DONGHUA                                                          08/14/2013 22:51:46 PAGE 28  

1668          { 0xFF,0xFF,0x3F,0xFC },
1669          { 0xFF,0xFF,0x1F,0xFC },
1670          { 0xFF,0xFF,0xF,0xFC },
1671          { 0xFF,0xFF,0xF,0xF8 },
1672          { 0xFF,0xFF,0xF,0xF8 },
1673          { 0xFF,0xFF,0xF,0xF8 },
1674          { 0xFF,0xFF,0x7,0xF8 },
1675          { 0xFF,0xFF,0x7,0xF8 },
1676          { 0xFF,0xFF,0x7,0xF8 },
1677          { 0xFF,0xFF,0x3,0xF8 },
1678          { 0xFF,0xFF,0x3,0xFC },
1679          { 0xFF,0xFF,0x1,0xFC },
1680          { 0xFF,0xFF,0x0,0xFC },
1681          { 0xFF,0xFF,0x0,0xFC },
1682          { 0xFF,0xF,0x0,0xFC },
1683          { 0xFF,0xF,0x0,0xFC },
1684          { 0xFF,0x3,0x0,0xFC },
1685          { 0xFF,0x1,0x0,0xFC },
1686          { 0xFF,0x1,0x0,0xFC },
1687          { 0xFF,0x1,0x0,0xFC },
1688          { 0xFF,0x1,0x0,0xFC },
1689          { 0xFF,0x1,0x0,0xFC },
1690          { 0xFF,0x1,0x0,0xFC },
1691          { 0xFF,0x1,0x0,0xFC },
1692          { 0x2F,0x0,0x0,0xFC },
1693          { 0x0,0x0,0x0,0xFC },
1694          { 0x0,0x0,0x0,0xFC },
1695          { 0x1,0x0,0x0,0xFC },
1696          { 0x3,0x0,0x0,0xFC },
1697          { 0x1,0x0,0x0,0xFC },
1698          { 0x7,0x0,0x0,0xFE },
1699          { 0x7,0x0,0x0,0xFE },
1700          { 0xF,0x0,0x0,0xFF },
1701          { 0xF,0x0,0x80,0xFF },
1702          { 0x7F,0x0,0x80,0xFF },
1703          { 0x23,0x0,0x80,0xFF },
1704          { 0x0,0x0,0xE0,0xFF },
1705          { 0x0,0x0,0xE0,0xFF },
1706          { 0x0,0x0,0xE0,0xFF },
1707          { 0x0,0x0,0xC0,0xFF },
1708          { 0x0,0xC0,0xC0,0xFF },
1709          { 0x0,0xC0,0xC1,0xFF },
1710          { 0x0,0x80,0xC7,0xFF },
1711          { 0x3,0x80,0xEF,0xFF },
1712          { 0x1,0x0,0xFF,0xFF },
1713          { 0x1,0x0,0xFF,0xFF },
1714          { 0x0,0x0,0xFE,0xFF },
1715          { 0x0,0x0,0xFE,0xFF },
1716          { 0x0,0x0,0xFE,0xFF },
1717          { 0x1,0x40,0xFC,0xFF },
1718          { 0x1,0x80,0xFC,0xFF },
1719          { 0x3,0x80,0xFF,0xFF },
1720          { 0x7,0x80,0xFF,0xFF },
1721          { 0x7,0xC0,0xFF,0xFF },
1722          { 0x7,0xC0,0xFF,0xFF },
1723          { 0x7,0xC0,0xFF,0xFF },
1724          { 0xF,0xE0,0xFF,0xFF },
1725          { 0xF,0xE0,0xFF,0xFF },
1726          { 0x7,0xF0,0xFF,0xFF },
1727          { 0x7,0xF0,0xFF,0xFF },
1728          { 0x7,0xF8,0xFF,0xFF },
1729          { 0x7,0xFC,0xFF,0xFF },
C51 COMPILER V8.08   ZIMO_DONGHUA                                                          08/14/2013 22:51:46 PAGE 29  

1730          { 0xEF,0xFF,0xFF,0xFF },
1731          { 0xFF,0xFF,0xFF,0xFF },
1732          { 0xFF,0xFF,0xFF,0xFF },
1733          { 0xFF,0xFF,0xFF,0xFF },
1734          { 0xFF,0xFF,0xFF,0xFF },
1735          { 0xFF,0xFF,0xFF,0xFF },
1736          { 0xFF,0xFF,0xFF,0xFF },
1737          { 0xFF,0xFF,0xFF,0xFF },
1738          { 0xFF,0xFF,0xFF,0xFF },
1739          { 0xFF,0xFF,0xFF,0xFF },
1740          { 0xFF,0xFF,0xFF,0xFF },
1741          { 0xFF,0xFF,0xFF,0xFF },
1742          { 0xFF,0xFF,0xFF,0xFF },
1743          { 0xFF,0xFF,0xFF,0xFF },
1744          { 0xFF,0xFF,0xFF,0xFF },
1745          { 0xFF,0xFF,0xFF,0xFF },
1746          { 0xFF,0xFF,0xFF,0xFF },
1747          { 0xFF,0xFF,0xFF,0xFF },
1748          { 0xFF,0xFF,0xFF,0xFF },
1749          { 0xFF,0xFF,0xFF,0xFF },
1750          { 0xFF,0xFF,0xFF,0xFF },
1751          { 0xFF,0xFF,0xFF,0xFF },
1752          { 0xFF,0xFF,0xFF,0xFF },
1753          { 0xFF,0xFF,0xFF,0xFF },
1754          { 0xFF,0xFF,0xFF,0xFF },
1755          { 0xFF,0xFF,0xFF,0xFF },
1756          { 0xFF,0xFF,0xFF,0xFF },
1757          { 0xFF,0xFF,0xFF,0xFF },
1758          { 0xFF,0xFF,0xFF,0xFF },
1759          { 0xFF,0xFF,0xFF,0xFF },
1760          { 0xFF,0xFF,0xFF,0xFF },
1761          { 0xFF,0xFF,0xFF,0xFF },
1762          { 0xFF,0xFF,0xFF,0xFF },
1763          { 0xFF,0xFF,0xFF,0xFF },
1764          { 0xFF,0xFF,0xFF,0xFF },
1765          { 0xFF,0xFF,0xFF,0xFF },
1766          { 0xFF,0xFF,0xFF,0xFF },
1767          { 0xFF,0xFF,0xFF,0xFF },
1768          { 0xFF,0xFF,0xFF,0xFF },
1769          { 0xFF,0xFF,0xFF,0xFF },
1770          { 0xFF,0xFF,0xFF,0xFF },
1771          { 0xFF,0xFF,0xFF,0xFF },
1772          { 0xFF,0xFF,0xFF,0xFF },
1773          { 0xFF,0xFF,0xFF,0xFF },
1774          { 0xFF,0xFF,0xFF,0xFF },
1775          { 0xFF,0xFF,0xFF,0xFF },
1776          { 0xFF,0xFF,0xFF,0xFF },
1777          { 0xFF,0xFF,0xFF,0xFF },
1778          { 0xFF,0xFF,0xFF,0xFF },
1779          { 0xFF,0xFF,0xFF,0xFF },
1780          { 0xFF,0xFF,0xFF,0xFF },
1781          { 0xFF,0xFF,0xFF,0xFF },
1782          { 0xFF,0xFF,0xFF,0xFF },
1783          { 0xFF,0xFF,0xFF,0xFF },
1784          { 0xFF,0xFF,0xFF,0xFF },
1785          { 0xFF,0xFF,0xFF,0xFF },
1786          { 0xFF,0xFF,0xFF,0xFF },
1787          { 0xFF,0xFF,0xFF,0xFF },
1788          { 0xFF,0xFF,0xFF,0xFF },
1789          { 0xFF,0xFF,0xFF,0xFF },
1790          { 0xFF,0xFF,0xFF,0xFF },
1791          { 0xFF,0xFF,0xFF,0xFF },
C51 COMPILER V8.08   ZIMO_DONGHUA                                                          08/14/2013 22:51:46 PAGE 30  

1792          { 0xFF,0xFF,0xFF,0xFF },
1793          { 0xFF,0xFF,0xFF,0xFF },
1794          { 0xFF,0xFF,0xFF,0xFF },
1795          { 0xFF,0xFF,0xFF,0xFF },
1796          { 0xFF,0xFF,0xFF,0xFF },
1797          { 0xFF,0xFF,0xFF,0xFF },
1798          { 0xFF,0xFF,0xFF,0xFF },
1799          { 0xFF,0xFF,0xFF,0xFF },
1800          { 0xFF,0xFF,0xFF,0xFF },
1801          { 0xFF,0xFF,0xFF,0xFF },
1802          { 0xFF,0xFF,0xFF,0xFF },
1803          { 0xFF,0xFF,0xFF,0xFF },
1804          { 0xFF,0xFF,0xFF,0xFF },
1805          { 0xFF,0xFF,0xFF,0xFF },
1806          { 0xFF,0xFF,0xFF,0xFF },
1807          { 0xFF,0xFF,0xFF,0xFF },
1808          { 0xFF,0xFF,0xFF,0xFF },
1809          { 0xFF,0xFF,0xFF,0xFF },
1810          { 0xFF,0xFF,0xFF,0xFF },
1811          { 0xFF,0xFF,0xFF,0xFF },
1812          { 0xFF,0xFF,0xFF,0xFF },
1813          { 0xFF,0xFF,0xFF,0xFF },
1814          { 0xFF,0xFF,0xFF,0xFF },
1815          { 0xFF,0xFF,0xFF,0xFF },
1816          { 0xFF,0xFF,0xFF,0xFF },
1817          { 0xFF,0xFF,0xFF,0xFF },
1818          { 0xFF,0xFF,0xFF,0xFF },
1819          { 0xFF,0xFF,0xFF,0xFF },
1820          { 0xFF,0xFF,0xFF,0xFF },
1821          /*************************************/
1822          { 0xFF,0xFF,0x3,0x0 },
1823          { 0xFF,0xFF,0x3,0x0 },
1824          { 0xFF,0xFF,0x7,0x0 },
1825          { 0xFF,0xFF,0x7,0x0 },
1826          { 0xFF,0xFF,0x7,0x0 },
1827          { 0xFF,0xFF,0x7,0x0 },
1828          { 0xFF,0xFF,0x7,0x0 },
1829          { 0xFF,0xFF,0x7,0x0 },
1830          { 0xFF,0xFF,0x7,0x0 },
1831          { 0xFF,0xFF,0x7,0x0 },
1832          { 0xFF,0xFF,0x7,0x0 },
1833          { 0xFF,0xFF,0x7,0x0 },
1834          { 0xFF,0xFF,0x7,0x0 },
1835          { 0xFF,0xFF,0x7,0x0 },
1836          { 0xFF,0xFF,0x7,0x0 },
1837          { 0xFF,0xFF,0xF,0x0 },
1838          { 0xFF,0xFF,0xF,0x0 },
1839          { 0xFF,0xFF,0xF,0x0 },
1840          { 0xFF,0xFF,0xF,0x0 },
1841          { 0xFF,0xFF,0x1F,0x0 },
1842          { 0xFF,0xFF,0x1F,0x0 },
1843          { 0xFF,0xFF,0x3F,0x0 },
1844          { 0xFF,0xFF,0x3F,0x0 },
1845          { 0xFF,0xFF,0x3F,0x0 },
1846          { 0xFF,0xFF,0x3F,0x0 },
1847          { 0xFF,0xFF,0x1F,0x0 },
1848          { 0xFF,0xFF,0x1F,0x0 },
1849          { 0xFF,0xFF,0x1F,0x0 },
1850          { 0xFF,0xFF,0x1F,0x0 },
1851          { 0xFF,0xFF,0xF,0x0 },
1852          { 0xFF,0xFF,0xF,0x0 },
1853          { 0xFF,0xFF,0xF,0x0 },
C51 COMPILER V8.08   ZIMO_DONGHUA                                                          08/14/2013 22:51:46 PAGE 31  

1854          { 0xFF,0xFF,0xF,0x0 },
1855          { 0xFF,0xFF,0x7,0x0 },
1856          { 0xFF,0xFF,0x1,0x0 },
1857          { 0xFF,0xFF,0x0,0x0 },
1858          { 0xFF,0xFF,0x0,0x0 },
1859          { 0xFF,0xFF,0x0,0x0 },
1860          { 0xFF,0xFF,0x0,0x0 },
1861          { 0xFF,0xFF,0x0,0x0 },
1862          { 0xFF,0xFF,0x7,0x0 },
1863          { 0xFF,0xFF,0x7,0x0 },
1864          { 0xFF,0xFF,0x7,0x0 },
1865          { 0xFF,0xFF,0x1F,0x0 },
1866          { 0xFF,0xFF,0x1F,0x0 },
1867          { 0xFF,0xFF,0x1F,0x0 },
1868          { 0xFF,0xFF,0x1F,0x0 },
1869          { 0xFF,0xFF,0x1F,0x0 },
1870          { 0xFF,0xFF,0x3F,0x0 },
1871          { 0xFF,0xFF,0x3F,0x0 },
1872          { 0xFF,0xFF,0x3F,0x0 },
1873          { 0xFF,0xFF,0x7F,0x0 },
1874          { 0xFF,0xFF,0x7F,0x0 },
1875          { 0xFF,0xFF,0x7F,0x0 },
1876          { 0xFF,0xFF,0xFF,0x0 },
1877          { 0xFF,0xFF,0xFF,0x0 },
1878          { 0xFF,0xFF,0xFF,0x0 },
1879          { 0xFF,0xFF,0xFF,0x2 },
1880          { 0xFF,0xFF,0x7F,0x6 },
1881          { 0xFF,0xFF,0x3F,0x6 },
1882          { 0xFF,0xFF,0x3F,0x4 },
1883          { 0xFF,0xFF,0x3F,0x0 },
1884          { 0xFF,0xFF,0xF,0x0 },
1885          { 0xFF,0xFF,0xF,0x0 },
1886          { 0xFF,0xFF,0xB,0x0 },
1887          { 0xFF,0x7F,0x1,0x0 },
1888          { 0xFF,0x7F,0x0,0x0 },
1889          { 0xFF,0x3F,0x0,0x0 },
1890          { 0xFF,0x3F,0x0,0x0 },
1891          { 0xFF,0x7F,0x0,0x0 },
1892          { 0xFF,0x7F,0x1,0x0 },
1893          { 0xFF,0xFF,0x1,0x0 },
1894          { 0xFF,0xFF,0x1,0x0 },
1895          { 0xFF,0xFF,0x3,0x0 },
1896          { 0xFF,0xFF,0x3,0x0 },
1897          { 0xFF,0xFF,0x3,0x0 },
1898          { 0xFF,0xFF,0x7,0x0 },
1899          { 0xFF,0xFF,0x7,0x0 },
1900          { 0xFF,0xFF,0x7,0x0 },
1901          { 0xFF,0xFF,0x7,0x0 },
1902          { 0xFF,0xFF,0xF,0x0 },
1903          { 0xFF,0xFF,0xF,0x0 },
1904          { 0xFF,0xFF,0x7,0x0 },
1905          { 0xFF,0xFF,0x3,0x0 },
1906          { 0xFF,0xFF,0x3,0x0 },
1907          { 0xFF,0xFF,0x0,0x0 },
1908          { 0xFF,0xFF,0x0,0x0 },
1909          { 0xFF,0xFF,0x0,0x0 },
1910          { 0xFF,0xFF,0x0,0x0 },
1911          { 0xFF,0x7F,0x0,0x0 },
1912          { 0xFF,0x7F,0x0,0x0 },
1913          { 0xFF,0x7F,0x0,0x0 },
1914          { 0xFF,0x7F,0x0,0x0 },
1915          { 0xFF,0x7F,0x0,0x0 },
C51 COMPILER V8.08   ZIMO_DONGHUA                                                          08/14/2013 22:51:46 PAGE 32  

1916          { 0xFF,0x7F,0x0,0x0 },
1917          { 0xFF,0x7F,0x0,0x0 },
1918          { 0xFF,0x7F,0x0,0x0 },
1919          { 0xFF,0x7F,0x0,0x0 },
1920          { 0xFF,0x7F,0x0,0x0 },
1921          { 0xFF,0xFF,0x0,0x0 },
1922          { 0xFF,0x7F,0x0,0x0 },
1923          { 0xFF,0x3F,0x0,0x0 },
1924          { 0xFF,0x3F,0x0,0x0 },
1925          { 0xFF,0x1F,0x0,0x0 },
1926          { 0xFF,0x1F,0x0,0x0 },
1927          { 0xFF,0x1F,0x0,0x0 },
1928          { 0xFF,0xF,0x0,0x0 },
1929          { 0xFF,0x7,0x0,0x0 },
1930          { 0xFF,0x3,0x0,0x0 },
1931          { 0xFF,0x7,0x0,0x0 },
1932          { 0xFF,0x3,0x0,0x0 },
1933          { 0xFF,0x3,0x0,0x0 },
1934          { 0xFF,0x3,0x0,0x0 },
1935          { 0xFF,0x3,0x0,0x0 },
1936          { 0xFF,0x7,0x0,0x0 },
1937          { 0xFF,0x7,0x0,0x0 },
1938          { 0xFF,0x1F,0x0,0x0 },
1939          { 0xFF,0x3F,0x0,0x0 },
1940          { 0xFF,0x7F,0x1,0x0 },
1941          { 0xFF,0xFF,0x11,0x0 },
1942          { 0xFF,0xFF,0x3B,0x20 },
1943          { 0xFF,0xFF,0x3F,0x20 },
1944          { 0xFF,0xFF,0x3F,0x20 },
1945          { 0xFF,0xFF,0x7F,0x20 },
1946          { 0xFF,0xFF,0x7F,0x30 },
1947          { 0xFF,0xFF,0x3F,0x30 },
1948          { 0xFF,0xFF,0x3F,0x38 },
1949          { 0xFF,0xFF,0x3F,0x3C },
1950          { 0xFF,0xFF,0x7F,0x1E },
1951          { 0xFF,0xFF,0x7F,0x1F },
1952          { 0xFF,0xFF,0xFF,0xF },
1953          { 0xFF,0xFF,0xFF,0xF },
1954          { 0xFF,0xFF,0xFF,0xF },
1955          { 0xFF,0xFF,0xFF,0xF },
1956          { 0xFF,0xFF,0xFF,0xF },
1957          { 0xFF,0xFF,0xFF,0xF },
1958          { 0xFF,0xFF,0xFF,0xF },
1959          { 0xFF,0xFF,0xFF,0xF },
1960          { 0xFF,0xFF,0xFF,0xF },
1961          { 0xFF,0xFF,0xFF,0xF },
1962          { 0xFF,0xFF,0xFF,0x3 },
1963          { 0xFF,0xFF,0xFF,0x3 },
1964          { 0xFF,0xFF,0xFF,0x2 },
1965          { 0xFF,0xFF,0xFF,0x0 },
1966          { 0xFF,0xFF,0x7F,0x0 },
1967          { 0xFF,0xFF,0x7F,0x0 },
1968          { 0xFF,0xFF,0x7F,0x0 },
1969          { 0xFF,0xFF,0xFF,0x0 },
1970          { 0xFF,0xFF,0x7F,0x0 },
1971          { 0xFF,0xFF,0x7F,0x0 },
1972          { 0xFF,0xFF,0xFF,0x0 },
1973          { 0xFF,0xFF,0xFF,0x0 },
1974          { 0xFF,0xFF,0xFF,0x0 },
1975          { 0xFF,0xFF,0xBF,0x0 },
1976          { 0xFF,0xFF,0x3F,0x0 },
1977          { 0xFF,0xFF,0x2F,0x0 },
C51 COMPILER V8.08   ZIMO_DONGHUA                                                          08/14/2013 22:51:46 PAGE 33  

1978          { 0xFF,0xFF,0xF,0x0 },
1979          { 0xFF,0xFF,0xB,0x0 },
1980          { 0xFF,0xFF,0x3,0x0 },
1981          { 0xFF,0xFF,0x1,0x0 },
1982          { 0xFF,0xFF,0x0,0x0 },
1983          { 0xFF,0x3F,0x0,0x0 },
1984          { 0xFF,0x3F,0x0,0x0 },
1985          { 0xFF,0x3F,0x0,0x0 },
1986          { 0xFF,0x1F,0x0,0x0 },
1987          { 0xFF,0x1F,0x0,0x0 },
1988          { 0xFF,0xF,0x0,0x0 },
1989          { 0xFF,0xF,0x0,0x0 },
1990          { 0xFF,0x1F,0x0,0x0 },
1991          { 0xFF,0x1F,0x0,0x0 },
1992          { 0xFF,0x1F,0x0,0x0 },
1993          { 0xFF,0x7F,0x0,0x0 },
1994          { 0xFF,0x7F,0x0,0x0 },
1995          { 0xFF,0x7F,0x0,0x0 },
1996          { 0xFF,0xFF,0x0,0x0 },
1997          { 0xFF,0xFF,0x1,0x0 },
1998          { 0xFF,0xFF,0x1,0x0 },
1999          { 0xFF,0xFF,0x1,0x0 },
2000          { 0xFF,0xFF,0x1,0x0 },
2001          { 0xFF,0xFF,0x3,0x0 },
2002          /*************************************/
2003          { 0xFF,0xFF,0x1F,0xFF },
2004          { 0xFF,0xFF,0x1F,0xFF },
2005          { 0xFF,0xFF,0x1F,0xFF },
2006          { 0xFF,0xFF,0x1F,0xFF },
2007          { 0xFF,0xFF,0x1F,0xFF },
2008          { 0xFF,0xFF,0x3F,0xFF },
2009          { 0xFF,0xFF,0xFF,0xFF },
2010          { 0xFF,0xFF,0xFF,0xFF },
2011          { 0xFF,0xFF,0xFF,0xFF },
2012          { 0xFF,0xFF,0xFF,0xFF },
2013          { 0xFF,0xFF,0xFF,0xFF },
2014          { 0xFF,0xFF,0xFF,0xFF },
2015          { 0xFF,0xFF,0xFF,0xFF },
2016          { 0xFF,0xFF,0xFF,0xFF },
2017          { 0xFF,0xFF,0xFF,0xFF },
2018          { 0xFF,0xFF,0xFF,0xFF },
2019          { 0xFF,0xFF,0xFF,0xFF },
2020          { 0xFF,0xFF,0xFF,0xFF },
2021          { 0xFF,0xFF,0xFF,0xFF },
2022          { 0xFF,0xFF,0xFF,0xFF },
2023          { 0xFF,0xFF,0xFF,0xFF },
2024          { 0xFF,0xFF,0xFF,0xFF },
2025          { 0xFF,0xFF,0xFF,0xFF },
2026          { 0xFF,0xFF,0xFF,0xFF },
2027          { 0xFF,0xFF,0xFF,0xFF },
2028          { 0xFF,0xFF,0xFF,0xFF },
2029          { 0xFF,0xFF,0xFF,0xFF },
2030          { 0xFF,0xFF,0xFF,0xFF },
2031          { 0xFF,0xFF,0xFF,0xFF },
2032          { 0xFF,0xFF,0xFF,0xFF },
2033          { 0xFF,0xFF,0xFF,0xFF },
2034          { 0xFF,0xFF,0xFF,0xFF },
2035          { 0xFF,0xFF,0xFF,0xFF },
2036          { 0xFF,0xFF,0xFF,0xFF },
2037          { 0xFF,0xFF,0xFF,0xFF },
2038          { 0xFF,0xFF,0xFF,0xFF },
2039          { 0xFF,0xFF,0xFF,0xFF },
C51 COMPILER V8.08   ZIMO_DONGHUA                                                          08/14/2013 22:51:46 PAGE 34  

2040          { 0xFF,0xFF,0xFF,0xFF },
2041          { 0xFF,0xFF,0xFF,0xFF },
2042          { 0xFF,0xFF,0xFF,0xFF },
2043          { 0xFF,0xFF,0xFF,0xFF },
2044          { 0xFF,0xFF,0xFF,0xFF },
2045          { 0xFF,0xFF,0xFF,0xFF },
2046          { 0xFF,0xFF,0xFF,0xFF },
2047          { 0xFF,0xFF,0xFF,0xFF },
2048          { 0xFF,0xFF,0xFF,0xFF },
2049          { 0xFF,0xFF,0xFF,0xFF },
2050          { 0xFF,0xFF,0xFF,0xFF },
2051          { 0xFF,0xFF,0xFF,0xFF },
2052          { 0xFF,0xFF,0xFF,0xFF },
2053          { 0xFF,0xFF,0xFF,0xFF },
2054          { 0xFF,0xFF,0xFF,0xFF },
2055          { 0xFF,0xFF,0xFF,0xFF },
2056          { 0xFF,0xFF,0xFF,0xFF },
2057          { 0xFF,0xFF,0xFF,0xFF },
2058          { 0xFF,0xFF,0xFF,0xFF },
2059          { 0xFF,0xFF,0xFF,0xFF },
2060          { 0xFF,0xFF,0xFF,0xFF },
2061          { 0xFF,0xFF,0xFF,0xFF },
2062          { 0xFF,0xFF,0xFF,0xFF },
2063          { 0xFF,0xFF,0xFF,0xFF },
2064          { 0xFF,0xFF,0xFF,0xFF },
2065          { 0xFF,0xFF,0xFF,0xFF },
2066          { 0xFF,0xFF,0xFF,0xFF },
2067          { 0xFF,0xFF,0xFF,0xFF },
2068          { 0xFF,0xFF,0xFF,0xFF },
2069          { 0xFF,0xFF,0xFF,0xFF },
2070          { 0xFF,0xFF,0xFF,0xFF },
2071          { 0xFF,0xFF,0xFF,0xFF },
2072          { 0xFF,0xFF,0xFF,0xFF },
2073          { 0xFF,0xFF,0xFF,0xFF },
2074          { 0xFF,0xFF,0xFF,0xFF },
2075          { 0xFF,0xFF,0xFF,0xFF },
2076          { 0xFF,0xFF,0xFF,0xFF },
2077          { 0xFF,0xFF,0xFF,0xFF },
2078          { 0xFF,0xFF,0xFF,0xFF },
2079          { 0xFF,0xFF,0xFF,0xFF },
2080          { 0xFF,0xFF,0xFF,0xFF },
2081          { 0xFF,0xFF,0xFF,0xFF },
2082          { 0xFF,0xFF,0xFF,0xFF },
2083          { 0xFF,0xFF,0xFF,0xFF },
2084          { 0xFF,0xFF,0xFF,0xFF },
2085          { 0xFF,0xFF,0xFF,0xFF },
2086          { 0xFF,0xFF,0xFF,0xFF },
2087          { 0xFF,0xFF,0xFF,0xFF },
2088          { 0xFF,0xFF,0xFF,0xFF },
2089          { 0xFF,0xFF,0xFF,0xFF },
2090          { 0xFF,0xFF,0xFF,0xFF },
2091          { 0xFF,0xFF,0xFF,0xFF },
2092          { 0xFF,0xFF,0xFF,0xFF },
2093          { 0xFF,0xFF,0xFF,0xFF },
2094          { 0xFF,0xFF,0xFF,0xFF },
2095          { 0xFF,0xFF,0xFF,0xFF },
2096          { 0xFF,0xFF,0xFF,0xFF },
2097          { 0xFF,0xFF,0xFF,0xFF },
2098          { 0xFF,0xFF,0xFF,0xFF },
2099          { 0xFF,0xFF,0xFF,0xFF },
2100          { 0xFF,0xFF,0xFF,0xFF },
2101          { 0xFF,0xFF,0xFF,0xFD },
C51 COMPILER V8.08   ZIMO_DONGHUA                                                          08/14/2013 22:51:46 PAGE 35  

2102          { 0xFF,0xFF,0xFF,0xF9 },
2103          { 0xFF,0xFF,0xFF,0xF1 },
2104          { 0xFF,0xFF,0xFF,0xF1 },
2105          { 0xFF,0xFF,0xFF,0xF1 },
2106          { 0xFF,0xFF,0xFF,0xF1 },
2107          { 0xFF,0xFF,0xFF,0xF0 },
2108          { 0xFF,0xFF,0xFF,0xF0 },
2109          { 0xFF,0xFF,0xFF,0xF0 },
2110          { 0xFF,0xFF,0xFF,0xF1 },
2111          { 0xFF,0xFF,0xFF,0xF1 },
2112          { 0xFF,0xFF,0xFF,0xF1 },
2113          { 0xFF,0xFF,0xFF,0xF0 },
2114          { 0xFF,0xFF,0xFF,0xF0 },
2115          { 0xFF,0xFF,0xFF,0xF0 },
2116          { 0xFF,0xFF,0x7F,0xF0 },
2117          { 0xFF,0xFF,0x7F,0xF0 },
2118          { 0xFF,0xFF,0x7F,0xF0 },
2119          { 0xFF,0xFF,0x3F,0xF0 },
2120          { 0xFF,0x7F,0x3E,0xF0 },
2121          { 0xFF,0x3F,0x1C,0xF0 },
2122          { 0xFF,0x1F,0x8,0xF0 },
2123          { 0xFF,0x7,0x0,0xF0 },
2124          { 0xFF,0x7,0x0,0xF0 },
2125          { 0xFF,0x4,0x0,0xF0 },
2126          { 0x2F,0x0,0x0,0xF0 },
2127          { 0x1,0x0,0x0,0xF0 },
2128          { 0x1,0x0,0x0,0xF0 },
2129          { 0x1,0x0,0x0,0xF0 },
2130          { 0x0,0x0,0x0,0xF0 },
2131          { 0x1,0x0,0x0,0xF0 },
2132          { 0x3,0x0,0x0,0xF0 },
2133          { 0x3,0x0,0x0,0xF0 },
2134          { 0x7,0x0,0x0,0xF8 },
2135          { 0x7,0x0,0x0,0xF8 },
2136          { 0xF,0x0,0x0,0xF8 },
2137          { 0x3F,0x0,0x0,0xF8 },
2138          { 0x3F,0x0,0x0,0xF8 },
2139          { 0x3F,0x0,0x0,0xF8 },
2140          { 0x7F,0x0,0x0,0xF8 },
2141          { 0xFF,0x1,0x0,0xF8 },
2142          { 0x7F,0x0,0x0,0xF8 },
2143          { 0x7F,0x0,0x0,0xF8 },
2144          { 0xFF,0x1,0x0,0xF8 },
2145          { 0xFF,0x7,0x0,0xF8 },
2146          { 0xFF,0xF,0x0,0xF8 },
2147          { 0xFF,0x3F,0x0,0xFC },
2148          { 0xFF,0x4,0x0,0xFC },
2149          { 0xFF,0x0,0x0,0xFC },
2150          { 0x3F,0x0,0x80,0xFC },
2151          { 0xFF,0x0,0x40,0xFC },
2152          { 0x3F,0x0,0x0,0xFC },
2153          { 0x1F,0x0,0x0,0xFC },
2154          { 0xF,0x0,0x0,0xFC },
2155          { 0x3,0x0,0x0,0xFC },
2156          { 0x1,0x0,0x0,0xFC },
2157          { 0x0,0x0,0x0,0xFC },
2158          { 0x0,0x0,0x0,0xFC },
2159          { 0x0,0x0,0x0,0xFC },
2160          { 0x0,0x0,0x0,0xFC },
2161          { 0x0,0x0,0x0,0xFC },
2162          { 0x0,0x0,0x0,0xFC },
2163          { 0x1,0x0,0x0,0xFC },
C51 COMPILER V8.08   ZIMO_DONGHUA                                                          08/14/2013 22:51:46 PAGE 36  

2164          { 0xF,0x0,0x0,0xFC },
2165          { 0x3F,0x0,0x0,0xFC },
2166          { 0xFF,0x0,0x0,0xFC },
2167          { 0xFF,0x1,0x0,0xFC },
2168          { 0xFF,0x1,0x1,0xFE },
2169          { 0xFF,0x7,0x3,0xFC },
2170          { 0xFF,0x8F,0x3,0xFC },
2171          { 0xFF,0xFF,0x3,0xFC },
2172          { 0xFF,0xFF,0x7,0xFE },
2173          { 0xFF,0xFF,0xF,0xFE },
2174          { 0xFF,0xFF,0xF,0xFE },
2175          { 0xFF,0xFF,0xF,0xFE },
2176          { 0xFF,0xFF,0xF,0xFE },
2177          { 0xFF,0xFF,0x1F,0xFF },
2178          { 0xFF,0xFF,0x1F,0xFF },
2179          { 0xFF,0xFF,0x1F,0xFF },
2180          { 0xFF,0xFF,0x1F,0xFF },
2181          { 0xFF,0xFF,0x1F,0xFF },
2182          { 0xFF,0xFF,0x1F,0xFF },
2183          /*****************************************/
2184          { 0xFF,0xFF,0xFF,0xFF },
2185          { 0xFF,0xFF,0xFF,0xFF },
2186          { 0xFF,0xFF,0xFF,0xFF },
2187          { 0xFF,0xFF,0xFF,0xFF },
2188          { 0xFF,0xFF,0xFF,0xFF },
2189          { 0xFF,0xFF,0xFF,0xFF },
2190          { 0xFF,0xFF,0xFF,0xFF },
2191          { 0xFF,0xFF,0xFF,0xFF },
2192          { 0xFF,0xFF,0xFF,0xFF },
2193          { 0xFF,0xFF,0xFF,0xFF },
2194          { 0xFF,0xFF,0xFF,0xFF },
2195          { 0xFF,0xFF,0xFF,0xFF },
2196          { 0xFF,0xFF,0xFF,0xFF },
2197          { 0xFF,0xFF,0xFF,0xFF },
2198          { 0xFF,0xFF,0xFF,0xFF },
2199          { 0xFF,0xFF,0xFF,0xFF },
2200          { 0xFF,0xFF,0xFF,0xFF },
2201          { 0xFF,0xFF,0xFF,0xFF },
2202          { 0xFF,0xFF,0xFF,0xFF },
2203          { 0xFF,0xFF,0xFF,0xFF },
2204          { 0xFF,0xFF,0xFF,0xFF },
2205          { 0xFF,0xFF,0xFF,0xFF },
2206          { 0xFF,0xFF,0xFF,0xFF },
2207          { 0xFF,0xFF,0xFF,0xFF },
2208          { 0xFF,0xFF,0xFF,0xFF },
2209          { 0xFF,0xFF,0xFF,0xFF },
2210          { 0xFF,0xFF,0xFF,0xFF },
2211          { 0xFF,0xFF,0xFF,0xFF },
2212          { 0xFF,0xFF,0xFF,0xFF },
2213          { 0xFF,0xFF,0xFF,0xFF },
2214          { 0xFF,0xFF,0xFF,0xFF },
2215          { 0xFF,0xFF,0xFF,0xFF },
2216          { 0xFF,0xFF,0xFF,0xFF },
2217          { 0xFF,0xFF,0xFF,0xFF },
2218          { 0xFF,0xFF,0xFF,0xFF },
2219          { 0xFF,0xFF,0xFF,0xFF },
2220          { 0xFF,0xFF,0xFF,0xFF },
2221          { 0xFF,0xFF,0xFF,0xFF },
2222          { 0xFF,0xFF,0xFF,0xFF },
2223          { 0xFF,0xFF,0xFF,0xFF },
2224          { 0xFF,0xFF,0xFF,0xFF },
2225          { 0xFF,0xFF,0xFF,0xFF },
C51 COMPILER V8.08   ZIMO_DONGHUA                                                          08/14/2013 22:51:46 PAGE 37  

2226          { 0xFF,0xFF,0xFF,0xFF },
2227          { 0xFF,0xFF,0xFF,0xFF },
2228          { 0xFF,0xFF,0xFF,0xFF },
2229          { 0xFF,0xFF,0xFF,0xFF },
2230          { 0xFF,0xFF,0xFF,0xFF },
2231          { 0xFF,0xFF,0xFF,0xFF },
2232          { 0xFF,0xFF,0xFF,0xFF },
2233          { 0xFF,0xFF,0xFF,0xFF },
2234          { 0xFF,0xFF,0xFF,0xFF },
2235          { 0xFF,0xFF,0xFF,0xFF },
2236          { 0xFF,0xFF,0xFF,0xFF },
2237          { 0xFF,0xFF,0xFF,0xFF },
2238          { 0xFF,0xFF,0xFF,0xFF },
2239          { 0xFF,0xFF,0xFF,0xFF },
2240          { 0xFF,0xFF,0xFF,0xFF },
2241          { 0xFF,0xFF,0xFF,0xFF },
2242          { 0xFF,0xFF,0xFF,0xFF },
2243          { 0xFF,0xFF,0xFF,0xFF },
2244          { 0xFF,0xFF,0xFF,0xFF },
2245          { 0xFF,0xFF,0xFF,0xFF },
2246          { 0xFF,0xFF,0xFF,0xFF },
2247          { 0xFF,0xFF,0xFF,0xFF },
2248          { 0xFF,0xFF,0xFF,0xFF },
2249          { 0xFF,0xFF,0xFF,0xFF },
2250          { 0xFF,0xFF,0xFF,0xFF },
2251          { 0xFF,0xFF,0xFF,0xFF },
2252          { 0xFF,0xFF,0xFF,0xFF },
2253          { 0xFF,0xFF,0xFF,0xFF },
2254          { 0xFF,0xFF,0xFF,0xFF },
2255          { 0xFF,0xFF,0xFF,0xFF },
2256          { 0xFF,0xFF,0xFF,0xFF },
2257          { 0xFF,0xFF,0xFF,0xFF },
2258          { 0xFF,0xFF,0xFF,0xFF },
2259          { 0xFF,0xFF,0xFF,0xFF },
2260          { 0xFF,0xFF,0xFF,0xFF },
2261          { 0xFF,0xFF,0xFF,0xFF },
2262          { 0xFF,0xFF,0xFF,0xFF },
2263          { 0xFF,0xFF,0xFF,0xFF },
2264          { 0xFF,0xFF,0xFF,0xFF },
2265          { 0xFF,0xFF,0xFF,0xFF },
2266          { 0xFF,0xFF,0xFF,0xFF },
2267          { 0xFF,0xFF,0xFF,0xFF },
2268          { 0xFF,0xFF,0xFF,0xFF },
2269          { 0xFF,0xFF,0xFF,0xFF },
2270          { 0xFF,0xFF,0xFF,0xFF },
2271          { 0xFF,0xFF,0xFF,0xFF },
2272          { 0xFF,0xFF,0xFF,0xFF },
2273          { 0xFF,0xFF,0xFF,0xFF },
2274          { 0xFF,0xFF,0xFF,0xFF },
2275          { 0xFF,0xFF,0xFF,0xFF },
2276          { 0xFF,0xFF,0xFF,0xFF },
2277          { 0xFF,0xFF,0xFF,0xFF },
2278          { 0xFF,0xFF,0xFF,0xFF },
2279          { 0xFF,0xFF,0xFF,0xFF },
2280          { 0xFF,0xFF,0xFF,0xFF },
2281          { 0xFF,0xFF,0xFF,0xFF },
2282          { 0xFF,0xFF,0xFF,0xFF },
2283          { 0xFF,0xFF,0xFF,0xFF },
2284          { 0xFF,0xFF,0xFF,0xFF },
2285          { 0xFF,0xFF,0xFF,0xFF },
2286          { 0xFF,0xFF,0xFF,0xFF },
2287          { 0xFF,0xFF,0xFF,0xFF },
C51 COMPILER V8.08   ZIMO_DONGHUA                                                          08/14/2013 22:51:46 PAGE 38  

2288          { 0xFF,0xFF,0xFF,0xFF },
2289          { 0xFF,0xFF,0xFF,0xFF },
2290          { 0xFF,0xFF,0xFF,0xFF },
2291          { 0xFF,0xFF,0xFF,0xFF },
2292          { 0xFF,0xFF,0xFF,0xFF },
2293          { 0xFF,0xFF,0xFF,0xFF },
2294          { 0xFF,0xFF,0xFF,0xFF },
2295          { 0xFF,0xFF,0xFF,0xFF },
2296          { 0xFF,0xFF,0xFF,0xFF },
2297          { 0xFF,0xFF,0xFF,0xFF },
2298          { 0xFF,0xFF,0xFF,0xFF },
2299          { 0xFF,0xFF,0xFF,0xFF },
2300          { 0xFF,0xFF,0xFF,0xFF },
2301          { 0xFF,0xFF,0xFF,0xFF },
2302          { 0xFF,0xFF,0xFF,0xFF },
2303          { 0xFF,0xFF,0xFF,0xFF },
2304          { 0xFF,0xFF,0xFF,0xFF },
2305          { 0xFF,0xFF,0xFF,0xFF },
2306          { 0xFF,0xFF,0xFF,0xFF },
2307          { 0xFF,0xFF,0xFF,0xFF },
2308          { 0xFF,0xFF,0xFF,0xFF },
2309          { 0xFF,0xFF,0xFF,0xFF },
2310          { 0xFF,0xFF,0xFF,0xFF },
2311          { 0xFF,0xFF,0xFF,0xFF },
2312          { 0xFF,0xFF,0xFF,0xFF },
2313          { 0xFF,0xFF,0xFF,0xFF },
2314          { 0xFF,0xFF,0xFF,0xFF },
2315          { 0xFF,0xFF,0xFF,0xFF },
2316          { 0xFF,0xFF,0xFF,0xFF },
2317          { 0xFF,0xFF,0xFF,0xFF },
2318          { 0xFF,0xFF,0xFF,0xFF },
2319          { 0xFF,0xFF,0xFF,0xFF },
2320          { 0xFF,0xFF,0xFF,0xFF },
2321          { 0xFF,0xFF,0xFF,0xFF },
2322          { 0xFF,0xFF,0xFF,0xFF },
2323          { 0xFF,0xFF,0xFF,0xFF },
2324          { 0xFF,0xFF,0xFF,0xFF },
2325          { 0xFF,0xFF,0xFF,0xFF },
2326          { 0xFF,0xFF,0xFF,0xFF },
2327          { 0xFF,0xFF,0xFF,0xFF },
2328          { 0xFF,0xFF,0xFF,0xFF },
2329          { 0xFF,0xFF,0xFF,0xFF },
2330          { 0xFF,0xFF,0xFF,0xFF },
2331          { 0xFF,0xFF,0xFF,0xFF },
2332          { 0xFF,0xFF,0xFF,0xFF },
2333          { 0xFF,0xFF,0xFF,0xFF },
2334          { 0xFF,0xFF,0xFF,0xFF },
2335          { 0xFF,0xFF,0xFF,0xFF },
2336          { 0xFF,0xFF,0xFF,0xFF },
2337          { 0xFF,0xFF,0xFF,0xFF },
2338          { 0xFF,0xFF,0xFF,0xFF },
2339          { 0xFF,0xFF,0xFF,0xFF },
2340          { 0xFF,0xFF,0xFF,0xFF },
2341          { 0xFF,0xFF,0xFF,0xFF },
2342          { 0xFF,0xFF,0xFF,0xFF },
2343          { 0xFF,0xFF,0xFF,0xFF },
2344          { 0xFF,0xFF,0xFF,0xFF },
2345          { 0xFF,0xFF,0xFF,0xFF },
2346          { 0xFF,0xFF,0xFF,0xFF },
2347          { 0xFF,0xFF,0xFF,0xFF },
2348          { 0xFF,0xFF,0xFF,0xFF },
2349          { 0xFF,0xFF,0xFF,0xFF },
C51 COMPILER V8.08   ZIMO_DONGHUA                                                          08/14/2013 22:51:46 PAGE 39  

2350          { 0xFF,0xFF,0xFF,0xFF },
2351          { 0xFF,0xFF,0xFF,0xFF },
2352          { 0xFF,0xFF,0xFF,0xFF },
2353          { 0xFF,0xFF,0xFF,0xFF },
2354          { 0xFF,0xFF,0xFF,0xFF },
2355          { 0xFF,0xFF,0xFF,0xFF },
2356          { 0xFF,0xFF,0xFF,0xFF },
2357          { 0xFF,0xFF,0xFF,0xFF },
2358          { 0xFF,0xFF,0xFF,0xFF },
2359          { 0xFF,0xFF,0xFF,0xFF },
2360          { 0xFF,0xFF,0xFF,0xFF },
2361          { 0xFF,0xFF,0xFF,0xFF },
2362          { 0xFF,0xFF,0xFF,0xFF },
2363          { 0xFF,0xFF,0xFF,0xFF },
2364          
2365          
2366          };
2367          /*********************************************************************************/
2368          /*************************************************************************************
2369          ************************************************************************************
2370          ***********************                                     ***************************
2371          ***********************    http://59tiaoba.taobao.com       ***************************
2372          ***********************                                     ***************************
2373          ******************************************程序编写：Fucp************************************
2374          **********************************************************************************/


MODULE INFORMATION:   STATIC OVERLAYABLE
   CODE SIZE        =   ----    ----
   CONSTANT SIZE    =   9360    ----
   XDATA SIZE       =   ----    ----
   PDATA SIZE       =   ----    ----
   DATA SIZE        =   ----    ----
   IDATA SIZE       =   ----    ----
   BIT SIZE         =   ----    ----
END OF MODULE INFORMATION.


C51 COMPILATION COMPLETE.  0 WARNING(S),  0 ERROR(S)
