<html>
<body>
<pre>
<h1>礦ision Build Log</h1>
<h2>Tool Versions:</h2>
IDE-Version: μVision V5.12.0.0
Copyright (C) 2014 ARM Ltd and ARM Germany GmbH. All rights reserved.
License Information: zah Microsoft, Microsoft, LIC=X9645-GGG2X-BRSXT-RXUVG-J6CJ7-FXQR2
 
Tool Versions:
Toolchain:       MDK-ARM Standard  Version: 5.12.0.0
Toolchain Path:  E:\keil\ARM\ARMCC\Bin
C Compiler:      Armcc.exe V5.05 (build 41)
Assembler:       Armasm.exe V5.05 (build 41)
Linker/Locator:  ArmLink.exe V5.05 (build 41)
Library Manager: ArmAr.exe V5.05 (build 41)
Hex Converter:   FromElf.exe V5.05 (build 41)
CPU DLL:         SARMCM3.DLL V5.12.0.0
Dialog DLL:      DARMSTM.DLL V1.65.0.0
    Target DLL: Segger\JL2CM3.dll
Dialog DLL:      TARMSTM.DLL V1.64.0.0
 
<h2>Project:</h2>
E:\毕业设计\STM32系统学习\毕业设计项目—项目例程\2：仓库监控系统\F103ZET6仓库监控系统\2：1+蓝牙+舵机+传感器+英文显示界面优化\USER\test.uvprojx
Project File Date:  05/13/2018

<h2>Output:</h2>
Build target 'Target 1'
assembling startup_stm32f10x_hd.s...
compiling test.c...
compiling delay.c...
compiling sys.c...
compiling usart.c...
compiling led.c...
compiling ILI93xx.c...
compiling key.c...
compiling exti.c...
compiling timer.c...
compiling sccb.c...
compiling ov7725.c...
compiling dht11.c...
compiling adc.c...
linking...
Program Size: Code=23202 RO-data=6586 RW-data=36 ZI-data=1140  
FromELF: creating hex file...
"..\OBJ\test.axf" - 0 Error(s), 0 Warning(s).

<h2>Collection of Component include folders:</h2>
  E:\毕业设计\STM32系统学习\毕业设计项目—项目例程\2：仓库监控系统\F103ZET6仓库监控系统\2：1+蓝牙+舵机+传感器+英文显示界面优化\USER\RTE
  E:\keil\ARM\PACK\Keil\STM32F1xx_DFP\1.0.5\Device\Include

<h2>Collection of Component Files used:</h2>
Load "..\\OBJ\\test.axf" 
Set JLink Project File to "E:\毕业设计\STM32系统学习\毕业设计项目—项目例程\2：仓库监控系统\F103ZET6仓库监控系统\2：1+蓝牙+舵机+传感器+英文显示界面优化\USER\JLinkSettings.ini"
* JLink Info: Device "STM32F103ZE" selected (512 KB flash, 64 KB RAM).
 
JLink info:
------------
DLL: V4.91b, compiled Sep 15 2014 09:17:56
Firmware: J-Link ARM V8 compiled Jan 31 2018 18:34:52
Hardware: V8.00
S/N : 20080643 
Feature(s) : RDI,FlashDL,FlashBP,JFlash,GDBFull 
 
* JLink Info: Found SWD-DP with ID 0x1BA01477
* JLink Info: Found SWD-DP with ID 0x1BA01477
* JLink Info: Found Cortex-M3 r1p1, Little endian.
* JLink Info: FPUnit: 6 code (BP) slots and 2 literal slots
* JLink Info: TPIU fitted.
* JLink Info: ETM fitted.
ROMTableAddr = 0xE00FF003
 
Target info:
------------
Device: STM32F103ZE
VTarget = 3.235V
State of Pins: 
TCK: 0, TDI: 1, TDO: 1, TMS: 0, TRES: 1, TRST: 1
Hardware-Breakpoints: 6
Software-Breakpoints: 8192
Watchpoints:          4
JTAG speed: 1000 kHz
 
Erase Done.
Programming Done.
Verify OK.
Application running ...
</pre>
</body>
</html>
