Component: ARM Compiler 5.05 update 1 (build 106) Tool: armlink [4d0efa]

==============================================================================

Section Cross References

    startup_stm32f10x_hd.o(STACK) refers (Special) to heapauxi.o(.text) for __use_two_region_memory
    startup_stm32f10x_hd.o(HEAP) refers (Special) to heapauxi.o(.text) for __use_two_region_memory
    startup_stm32f10x_hd.o(RESET) refers (Special) to heapauxi.o(.text) for __use_two_region_memory
    startup_stm32f10x_hd.o(RESET) refers to startup_stm32f10x_hd.o(STACK) for __initial_sp
    startup_stm32f10x_hd.o(RESET) refers to startup_stm32f10x_hd.o(.text) for Reset_Handler
    startup_stm32f10x_hd.o(RESET) refers to usart.o(i.USART1_IRQHandler) for USART1_IRQHandler
    startup_stm32f10x_hd.o(RESET) refers to sdio_sdcard.o(i.SDIO_IRQHandler) for SDIO_IRQHandler
    startup_stm32f10x_hd.o(.text) refers (Special) to heapauxi.o(.text) for __use_two_region_memory
    startup_stm32f10x_hd.o(.text) refers to __main.o(!!!main) for __main
    startup_stm32f10x_hd.o(.text) refers to startup_stm32f10x_hd.o(HEAP) for Heap_Mem
    startup_stm32f10x_hd.o(.text) refers to startup_stm32f10x_hd.o(STACK) for Stack_Mem
    test.o(i.gui_draw_hline) refers to ili93xx.o(i.LCD_Fill) for LCD_Fill
    test.o(i.gui_fill_circle) refers to test.o(i.gui_draw_hline) for gui_draw_hline
    test.o(i.lcd_draw_bline) refers to test.o(i.gui_fill_circle) for gui_fill_circle
    test.o(i.main) refers to _printf_percent.o(.ARM.Collect$$_printf_percent$$00000000) for _printf_percent
    test.o(i.main) refers to _printf_d.o(.ARM.Collect$$_printf_percent$$00000009) for _printf_d
    test.o(i.main) refers to _printf_dec.o(.text) for _printf_int_dec
    test.o(i.main) refers to _printf_s.o(.ARM.Collect$$_printf_percent$$00000014) for _printf_s
    test.o(i.main) refers to _printf_str.o(.text) for _printf_str
    test.o(i.main) refers to sys.o(i.Stm32_Clock_Init) for Stm32_Clock_Init
    test.o(i.main) refers to usart.o(i.uart_init) for uart_init
    test.o(i.main) refers to delay.o(i.delay_init) for delay_init
    test.o(i.main) refers to led.o(i.LED_Init) for LED_Init
    test.o(i.main) refers to key.o(i.KEY_Init) for KEY_Init
    test.o(i.main) refers to ili93xx.o(i.LCD_Init) for LCD_Init
    test.o(i.main) refers to w25qxx.o(i.W25QXX_Init) for W25QXX_Init
    test.o(i.main) refers to malloc.o(i.my_mem_init) for my_mem_init
    test.o(i.main) refers to exfuns.o(i.exfuns_init) for exfuns_init
    test.o(i.main) refers to ff.o(i.f_mount) for f_mount
    test.o(i.main) refers to recognition.o(.text) for alientek_ncr_init
    test.o(i.main) refers to ili93xx.o(i.LCD_ShowString) for LCD_ShowString
    test.o(i.main) refers to delay.o(i.delay_ms) for delay_ms
    test.o(i.main) refers to ili93xx.o(i.LCD_Fill) for LCD_Fill
    test.o(i.main) refers to fontupd.o(i.font_init) for font_init
    test.o(i.main) refers to text.o(i.Show_Str) for Show_Str
    test.o(i.main) refers to ili93xx.o(i.LCD_DrawRectangle) for LCD_DrawRectangle
    test.o(i.main) refers to key.o(i.KEY_Scan) for KEY_Scan
    test.o(i.main) refers to touch.o(i.TP_Adjust) for TP_Adjust
    test.o(i.main) refers to ili93xx.o(i.LCD_Clear) for LCD_Clear
    test.o(i.main) refers to test.o(i.lcd_draw_bline) for lcd_draw_bline
    test.o(i.main) refers to noretval__2printf.o(.text) for __2printf
    test.o(i.main) refers to touch.o(.data) for tp_dev
    test.o(i.main) refers to exfuns.o(.data) for fs
    test.o(i.main) refers to ili93xx.o(.data) for POINT_COLOR
    test.o(i.main) refers to ili93xx.o(.bss) for lcddev
    test.o(i.main) refers to test.o(.bss) for READ_BUF
    delay.o(i.delay_init) refers to delay.o(.data) for fac_us
    delay.o(i.delay_ms) refers to delay.o(.data) for fac_ms
    delay.o(i.delay_us) refers to delay.o(.data) for fac_us
    sys.o(i.MYRCC_DeInit) refers to sys.o(i.MY_NVIC_SetVectorTable) for MY_NVIC_SetVectorTable
    sys.o(i.MY_NVIC_Init) refers to sys.o(i.MY_NVIC_PriorityGroupConfig) for MY_NVIC_PriorityGroupConfig
    sys.o(i.Stm32_Clock_Init) refers to sys.o(i.MYRCC_DeInit) for MYRCC_DeInit
    sys.o(i.Sys_Standby) refers to sys.o(i.WFI_SET) for WFI_SET
    usart.o(i.USART1_IRQHandler) refers (Special) to use_no_semi_2.o(.text) for __use_no_semihosting
    usart.o(i.USART1_IRQHandler) refers to usart.o(.data) for USART_RX_STA
    usart.o(i.USART1_IRQHandler) refers to usart.o(.bss) for USART_RX_BUF
    usart.o(i._sys_exit) refers (Special) to use_no_semi_2.o(.text) for __use_no_semihosting
    usart.o(i.fputc) refers (Special) to use_no_semi_2.o(.text) for __use_no_semihosting
    usart.o(i.uart_init) refers (Special) to use_no_semi_2.o(.text) for __use_no_semihosting
    usart.o(i.uart_init) refers to fflt_clz.o(x$fpl$ffltu) for __aeabi_ui2f
    usart.o(i.uart_init) refers to fdiv.o(x$fpl$fdiv) for __aeabi_fdiv
    usart.o(i.uart_init) refers to ffixu.o(x$fpl$ffixu) for __aeabi_f2uiz
    usart.o(i.uart_init) refers to faddsub_clz.o(x$fpl$frsb) for __aeabi_frsub
[...]
    .data                                    0x20000000   Section        4  delay.o(.data)
    fac_us                                   0x20000000   Data           1  delay.o(.data)
    fac_ms                                   0x20000002   Data           2  delay.o(.data)
    .data                                    0x20000004   Section        6  usart.o(.data)
    .data                                    0x2000000a   Section        4  ili93xx.o(.data)
    .data                                    0x2000000e   Section        1  key.o(.data)
    key_up                                   0x2000000e   Data           1  key.o(.data)
    .data                                    0x20000010   Section       16  sdio_sdcard.o(.data)
    CardType                                 0x20000010   Data           1  sdio_sdcard.o(.data)
    RCA                                      0x20000014   Data           4  sdio_sdcard.o(.data)
    DeviceMode                               0x20000018   Data           1  sdio_sdcard.o(.data)
    StopCondition                            0x20000019   Data           1  sdio_sdcard.o(.data)
    .data                                    0x20000020   Section        2  w25qxx.o(.data)
    .data                                    0x20000022   Section        1  ft5206.o(.data)
    t                                        0x20000022   Data           1  ft5206.o(.data)
    .data                                    0x20000023   Section        1  gt9147.o(.data)
    t                                        0x20000023   Data           1  gt9147.o(.data)
    .data                                    0x20000024   Section        1  ott2001a.o(.data)
    t                                        0x20000024   Data           1  ott2001a.o(.data)
    .data                                    0x20000028   Section       54  touch.o(.data)
    .data                                    0x20000060   Section       28  malloc.o(.data)
    .data                                    0x2000007c   Section        2  diskio.o(.data)
    .data                                    0x20000080   Section       10  ff.o(.data)
    FatFs                                    0x20000080   Data           8  ff.o(.data)
    Fsid                                     0x20000088   Data           2  ff.o(.data)
    .data                                    0x2000008c   Section       28  exfuns.o(.data)
    .data                                    0x200000a8   Section       28  recognition.o(.data)
    .bss                                     0x200000c4   Section      800  test.o(.bss)
    .bss                                     0x200003e4   Section      200  usart.o(.bss)
    .bss                                     0x200004ac   Section       14  ili93xx.o(.bss)
    .bss                                     0x200004c0   Section      632  sdio_sdcard.o(.bss)
    CSD_Tab                                  0x200004c0   Data          16  sdio_sdcard.o(.bss)
    CID_Tab                                  0x200004d0   Data          16  sdio_sdcard.o(.bss)
    .bss                                     0x20000738   Section     4096  w25qxx.o(.bss)
    .bss                                     0x20001740   Section    43520  malloc.o(.bss)
    .bss                                     0x2000c140   Section       33  fontupd.o(.bss)
    .bss                                     0x2000c164   Section       40  recognition.o(.bss)
    .bss                                     0x2000c18c   Section       96  libspace.o(.bss)
    HEAP                                     0x2000c1f0   Section        0  startup_stm32f10x_hd.o(HEAP)
    STACK                                    0x2000c1f0   Section     1024  startup_stm32f10x_hd.o(STACK)
    Heap_Mem                                 0x2000c1f0   Data           0  startup_stm32f10x_hd.o(HEAP)
    Stack_Mem                                0x2000c1f0   Data        1024  startup_stm32f10x_hd.o(STACK)
    __initial_sp                             0x2000c5f0   Data           0  startup_stm32f10x_hd.o(STACK)
    .ARM.__AT_0x68000000                     0x68000000   Section    983040  malloc.o(.ARM.__AT_0x68000000)
    .ARM.__AT_0x680F0000                     0x680f0000   Section    61440  malloc.o(.ARM.__AT_0x680F0000)

    Global Symbols

    Symbol Name                              Value     Ov Type        Size  Object(Section)

    BuildAttributes$$THM_ISAv4$P$D$K$B$S$PE$A:L22UL41UL21$X:L11$S22US41US21$IEEE1$IW$USESV6$~STKCKD$USESV7$~SHL$OTIME$ROPI$IEEEX$EBA8$UX$STANDARDLIB$REQ8$PRES8$EABIv2 0x00000000   Number         0  anon$$obj.o ABSOLUTE
    __ARM_use_no_argv                        0x00000000   Number         0  test.o ABSOLUTE
    __ARM_exceptions_init                     - Undefined Weak Reference
    __alloca_initialize                       - Undefined Weak Reference
    __arm_preinit_                            - Undefined Weak Reference
    __cpp_initialize__aeabi_                  - Undefined Weak Reference
    __cxa_finalize                            - Undefined Weak Reference
    __rt_locale                               - Undefined Weak Reference
    __sigvec_lookup                           - Undefined Weak Reference
    _atexit_init                              - Undefined Weak Reference
    _call_atexit_fns                          - Undefined Weak Reference
    _clock_init                               - Undefined Weak Reference
    _fp_trap_init                             - Undefined Weak Reference
    _fp_trap_shutdown                         - Undefined Weak Reference
    _get_lc_collate                           - Undefined Weak Reference
    _get_lc_ctype                             - Undefined Weak Reference
    _get_lc_monetary                          - Undefined Weak Reference
    _get_lc_numeric                           - Undefined Weak Reference
    _get_lc_time                              - Undefined Weak Reference
    _getenv_init                              - Undefined Weak Reference
    _handle_redirection                       - Undefined Weak Reference
    _init_alloc                               - Undefined Weak Reference
    _init_user_alloc                          - Undefined Weak Reference
    _initio                                   - Undefined Weak Reference
    _mutex_acquire                            - Undefined Weak Reference
    _mutex_release                            - Undefined Weak Reference
    _printf_mbtowc                            - Undefined Weak Reference
    _printf_post_padding                      - Undefined Weak Reference
    _printf_pre_padding                       - Undefined Weak Reference
    _printf_truncate_signed                   - Undefined Weak Reference
    _printf_truncate_unsigned                 - Undefined Weak Reference
    _rand_init                                - Undefined Weak Reference
    _signal_finish                            - Undefined Weak Reference
    _signal_init                              - Undefined Weak Reference
    _terminate_alloc                          - Undefined Weak Reference
    _terminate_user_alloc                     - Undefined Weak Reference
    _terminateio                              - Undefined Weak Reference
    __Vectors_Size                           0x00000130   Number         0  startup_stm32f10x_hd.o ABSOLUTE
    __Vectors                                0x08000000   Data           4  startup_stm32f10x_hd.o(RESET)
    __Vectors_End                            0x08000130   Data           0  startup_stm32f10x_hd.o(RESET)
    __main                                   0x08000131   Thumb Code     8  __main.o(!!!main)
    __scatterload                            0x08000139   Thumb Code     0  __scatter.o(!!!scatter)
    __scatterload_rt2                        0x08000139   Thumb Code    44  __scatter.o(!!!scatter)
    __scatterload_rt2_thumb_only             0x08000139   Thumb Code     0  __scatter.o(!!!scatter)
    __scatterload_null                       0x08000147   Thumb Code     0  __scatter.o(!!!scatter)
    __scatterload_copy                       0x0800016d   Thumb Code    26  __scatter_copy.o(!!handler_copy)
    __scatterload_zeroinit                   0x08000189   Thumb Code    28  __scatter_zi.o(!!handler_zi)
    _printf_d                                0x080001a5   Thumb Code     0  _printf_d.o(.ARM.Collect$$_printf_percent$$00000009)
    _printf_percent                          0x080001a5   Thumb Code     0  _printf_percent.o(.ARM.Collect$$_printf_percent$$00000000)
    _printf_x                                0x080001ab   Thumb Code     0  _printf_x.o(.ARM.Collect$$_printf_percent$$0000000C)
    _printf_s                                0x080001b1   Thumb Code     0  _printf_s.o(.ARM.Collect$$_printf_percent$$00000014)
    _printf_percent_end                      0x080001b7   Thumb Code     0  _printf_percent_end.o(.ARM.Collect$$_printf_percent$$00000017)
    __rt_lib_init                            0x080001bb   Thumb Code     0  libinit.o(.ARM.Collect$$libinit$$00000000)
    __rt_lib_init_alloca_1                   0x080001bd   Thumb Code     0  libinit2.o(.ARM.Collect$$libinit$$0000002E)
    __rt_lib_init_argv_1                     0x080001bd   Thumb Code     0  libinit2.o(.ARM.Collect$$libinit$$0000002C)
    __rt_lib_init_atexit_1                   0x080001bd   Thumb Code     0  libinit2.o(.ARM.Collect$$libinit$$0000001B)
    __rt_lib_init_clock_1                    0x080001bd   Thumb Code     0  libinit2.o(.ARM.Collect$$libinit$$00000021)
    __rt_lib_init_cpp_1                      0x080001bd   Thumb Code     0  libinit2.o(.ARM.Collect$$libinit$$00000032)
    __rt_lib_init_exceptions_1               0x080001bd   Thumb Code     0  libinit2.o(.ARM.Collect$$libinit$$00000030)
    __rt_lib_init_fp_1                       0x080001bd   Thumb Code     0  libinit2.o(.ARM.Collect$$libinit$$00000002)
    __rt_lib_init_fp_trap_1                  0x080001bd   Thumb Code     0  libinit2.o(.ARM.Collect$$libinit$$0000001F)
    __rt_lib_init_getenv_1                   0x080001bd   Thumb Code     0  libinit2.o(.ARM.Collect$$libinit$$00000023)
    __rt_lib_init_heap_1                     0x080001bd   Thumb Code     0  libinit2.o(.ARM.Collect$$libinit$$0000000A)
    __rt_lib_init_lc_collate_1               0x080001bd   Thumb Code     0  libinit2.o(.ARM.Collect$$libinit$$00000011)
    __rt_lib_init_lc_ctype_1                 0x080001bd   Thumb Code     0  libinit2.o(.ARM.Collect$$libinit$$00000013)
    __rt_lib_init_lc_monetary_1              0x080001bd   Thumb Code     0  libinit2.o(.ARM.Collect$$libinit$$00000015)
    __rt_lib_init_lc_numeric_1               0x080001bd   Thumb Code     0  libinit2.o(.ARM.Collect$$libinit$$00000017)
    __rt_lib_init_lc_time_1                  0x080001bd   Thumb Code     0  libinit2.o(.ARM.Collect$$libinit$$00000019)
    __rt_lib_init_preinit_1                  0x080001bd   Thumb Code     0  libinit2.o(.ARM.Collect$$libinit$$00000004)
    __rt_lib_init_rand_1                     0x080001bd   Thumb Code     0  libinit2.o(.ARM.Collect$$libinit$$0000000E)
    __rt_lib_init_return                     0x080001bd   Thumb Code     0  libinit2.o(.ARM.Collect$$libinit$$00000033)
    __rt_lib_init_signal_1                   0x080001bd   Thumb Code     0  libinit2.o(.ARM.Collect$$libinit$$0000001D)
    __rt_lib_init_stdio_1                    0x080001bd   Thumb Code     0  libinit2.o(.ARM.Collect$$libinit$$00000025)
    __rt_lib_init_user_alloc_1               0x080001bd   Thumb Code     0  libinit2.o(.ARM.Collect$$libinit$$0000000C)
    __rt_lib_shutdown                        0x080001bf   Thumb Code     0  libshutdown.o(.ARM.Collect$$libshutdown$$00000000)
    __rt_lib_shutdown_fp_trap_1              0x080001c1   Thumb Code     0  libshutdown2.o(.ARM.Collect$$libshutdown$$00000006)
    __rt_lib_shutdown_heap_1                 0x080001c1   Thumb Code     0  libshutdown2.o(.ARM.Collect$$libshutdown$$0000000E)
    __rt_lib_shutdown_return                 0x080001c1   Thumb Code     0  libshutdown2.o(.ARM.Collect$$libshutdown$$0000000F)
    __rt_lib_shutdown_signal_1               0x080001c1   Thumb Code     0  libshutdown2.o(.ARM.Collect$$libshutdown$$00000009)
    __rt_lib_shutdown_stdio_1                0x080001c1   Thumb Code     0  libshutdown2.o(.ARM.Collect$$libshutdown$$00000003)
    __rt_lib_shutdown_user_alloc_1           0x080001c1   Thumb Code     0  libshutdown2.o(.ARM.Collect$$libshutdown$$0000000B)
    __rt_entry                               0x080001c3   Thumb Code     0  __rtentry.o(.ARM.Collect$$rtentry$$00000000)
    __rt_entry_presh_1                       0x080001c3   Thumb Code     0  __rtentry2.o(.ARM.Collect$$rtentry$$00000002)
    __rt_entry_sh                            0x080001c3   Thumb Code     0  __rtentry4.o(.ARM.Collect$$rtentry$$00000004)
    __rt_entry_li                            0x080001c9   Thumb Code     0  __rtentry2.o(.ARM.Collect$$rtentry$$0000000A)
    __rt_entry_postsh_1                      0x080001c9   Thumb Code     0  __rtentry2.o(.ARM.Collect$$rtentry$$00000009)
    __rt_entry_main                          0x080001cd   Thumb Code     0  __rtentry2.o(.ARM.Collect$$rtentry$$0000000D)
    __rt_entry_postli_1                      0x080001cd   Thumb Code     0  __rtentry2.o(.ARM.Collect$$rtentry$$0000000C)
    __rt_exit                                0x080001d5   Thumb Code     0  rtexit.o(.ARM.Collect$$rtexit$$00000000)
    __rt_exit_ls                             0x080001d7   Thumb Code     0  rtexit2.o(.ARM.Collect$$rtexit$$00000003)
    __rt_exit_prels_1                        0x080001d7   Thumb Code     0  rtexit2.o(.ARM.Collect$$rtexit$$00000002)
    __rt_exit_exit                           0x080001db   Thumb Code     0  rtexit2.o(.ARM.Collect$$rtexit$$00000004)
    Reset_Handler                            0x080001e1   Thumb Code     4  startup_stm32f10x_hd.o(.text)
    NMI_Handler                              0x080001e5   Thumb Code     2  startup_stm32f10x_hd.o(.text)
    HardFault_Handler                        0x080001e7   Thumb Code     2  startup_stm32f10x_hd.o(.text)
    MemManage_Handler                        0x080001e9   Thumb Code     2  startup_stm32f10x_hd.o(.text)
    BusFault_Handler                         0x080001eb   Thumb Code     2  startup_stm32f10x_hd.o(.text)
    UsageFault_Handler                       0x080001ed   Thumb Code     2  startup_stm32f10x_hd.o(.text)
    SVC_Handler                              0x080001ef   Thumb Code     2  startup_stm32f10x_hd.o(.text)
    DebugMon_Handler                         0x080001f1   Thumb Code     2  startup_stm32f10x_hd.o(.text)
    PendSV_Handler                           0x080001f3   Thumb Code     2  startup_stm32f10x_hd.o(.text)
    SysTick_Handler                          0x080001f5   Thumb Code     2  startup_stm32f10x_hd.o(.text)
    ADC1_2_IRQHandler                        0x080001f7   Thumb Code     0  startup_stm32f10x_hd.o(.text)
    ADC3_IRQHandler                          0x080001f7   Thumb Code     0  startup_stm32f10x_hd.o(.text)
    CAN1_RX1_IRQHandler                      0x080001f7   Thumb Code     0  startup_stm32f10x_hd.o(.text)
    CAN1_SCE_IRQHandler                      0x080001f7   Thumb Code     0  startup_stm32f10x_hd.o(.text)
    DMA1_Channel1_IRQHandler                 0x080001f7   Thumb Code     0  startup_stm32f10x_hd.o(.text)
    DMA1_Channel2_IRQHandler                 0x080001f7   Thumb Code     0  startup_stm32f10x_hd.o(.text)
    DMA1_Channel3_IRQHandler                 0x080001f7   Thumb Code     0  startup_stm32f10x_hd.o(.text)
    DMA1_Channel4_IRQHandler                 0x080001f7   Thumb Code     0  startup_stm32f10x_hd.o(.text)
    DMA1_Channel5_IRQHandler                 0x080001f7   Thumb Code     0  startup_stm32f10x_hd.o(.text)
    DMA1_Channel6_IRQHandler                 0x080001f7   Thumb Code     0  startup_stm32f10x_hd.o(.text)
    DMA1_Channel7_IRQHandler                 0x080001f7   Thumb Code     0  startup_stm32f10x_hd.o(.text)
    DMA2_Channel1_IRQHandler                 0x080001f7   Thumb Code     0  startup_stm32f10x_hd.o(.text)
    DMA2_Channel2_IRQHandler                 0x080001f7   Thumb Code     0  startup_stm32f10x_hd.o(.text)
    DMA2_Channel3_IRQHandler                 0x080001f7   Thumb Code     0  startup_stm32f10x_hd.o(.text)
    DMA2_Channel4_5_IRQHandler               0x080001f7   Thumb Code     0  startup_stm32f10x_hd.o(.text)
    EXTI0_IRQHandler                         0x080001f7   Thumb Code     0  startup_stm32f10x_hd.o(.text)
    EXTI15_10_IRQHandler                     0x080001f7   Thumb Code     0  startup_stm32f10x_hd.o(.text)
    EXTI1_IRQHandler                         0x080001f7   Thumb Code     0  startup_stm32f10x_hd.o(.text)
    EXTI2_IRQHandler                         0x080001f7   Thumb Code     0  startup_stm32f10x_hd.o(.text)
    EXTI3_IRQHandler                         0x080001f7   Thumb Code     0  startup_stm32f10x_hd.o(.text)
    EXTI4_IRQHandler                         0x080001f7   Thumb Code     0  startup_stm32f10x_hd.o(.text)
    EXTI9_5_IRQHandler                       0x080001f7   Thumb Code     0  startup_stm32f10x_hd.o(.text)
    FLASH_IRQHandler                         0x080001f7   Thumb Code     0  startup_stm32f10x_hd.o(.text)
    FSMC_IRQHandler                          0x080001f7   Thumb Code     0  startup_stm32f10x_hd.o(.text)
    I2C1_ER_IRQHandler                       0x080001f7   Thumb Code     0  startup_stm32f10x_hd.o(.text)
    I2C1_EV_IRQHandler                       0x080001f7   Thumb Code     0  startup_stm32f10x_hd.o(.text)
    I2C2_ER_IRQHandler                       0x080001f7   Thumb Code     0  startup_stm32f10x_hd.o(.text)
    I2C2_EV_IRQHandler                       0x080001f7   Thumb Code     0  startup_stm32f10x_hd.o(.text)
    PVD_IRQHandler                           0x080001f7   Thumb Code     0  startup_stm32f10x_hd.o(.text)
    RCC_IRQHandler                           0x080001f7   Thumb Code     0  startup_stm32f10x_hd.o(.text)
    RTCAlarm_IRQHandler                      0x080001f7   Thumb Code     0  startup_stm32f10x_hd.o(.text)
    RTC_IRQHandler                           0x080001f7   Thumb Code     0  startup_stm32f10x_hd.o(.text)
    SPI1_IRQHandler                          0x080001f7   Thumb Code     0  startup_stm32f10x_hd.o(.text)
    SPI2_IRQHandler                          0x080001f7   Thumb Code     0  startup_stm32f10x_hd.o(.text)
    SPI3_IRQHandler                          0x080001f7   Thumb Code     0  startup_stm32f10x_hd.o(.text)
    TAMPER_IRQHandler                        0x080001f7   Thumb Code     0  startup_stm32f10x_hd.o(.text)
    TIM1_BRK_IRQHandler                      0x080001f7   Thumb Code     0  startup_stm32f10x_hd.o(.text)
    TIM1_CC_IRQHandler                       0x080001f7   Thumb Code     0  startup_stm32f10x_hd.o(.text)
    TIM1_TRG_COM_IRQHandler                  0x080001f7   Thumb Code     0  startup_stm32f10x_hd.o(.text)
    TIM1_UP_IRQHandler                       0x080001f7   Thumb Code     0  startup_stm32f10x_hd.o(.text)
    TIM2_IRQHandler                          0x080001f7   Thumb Code     0  startup_stm32f10x_hd.o(.text)
    TIM3_IRQHandler                          0x080001f7   Thumb Code     0  startup_stm32f10x_hd.o(.text)
    TIM4_IRQHandler                          0x080001f7   Thumb Code     0  startup_stm32f10x_hd.o(.text)
    TIM5_IRQHandler                          0x080001f7   Thumb Code     0  startup_stm32f10x_hd.o(.text)
    TIM6_IRQHandler                          0x080001f7   Thumb Code     0  startup_stm32f10x_hd.o(.text)
    TIM7_IRQHandler                          0x080001f7   Thumb Code     0  startup_stm32f10x_hd.o(.text)
    TIM8_BRK_IRQHandler                      0x080001f7   Thumb Code     0  startup_stm32f10x_hd.o(.text)
    TIM8_CC_IRQHandler                       0x080001f7   Thumb Code     0  startup_stm32f10x_hd.o(.text)
    TIM8_TRG_COM_IRQHandler                  0x080001f7   Thumb Code     0  startup_stm32f10x_hd.o(.text)
    TIM8_UP_IRQHandler                       0x080001f7   Thumb Code     0  startup_stm32f10x_hd.o(.text)
    UART4_IRQHandler                         0x080001f7   Thumb Code     0  startup_stm32f10x_hd.o(.text)
    UART5_IRQHandler                         0x080001f7   Thumb Code     0  startup_stm32f10x_hd.o(.text)
    USART2_IRQHandler                        0x080001f7   Thumb Code     0  startup_stm32f10x_hd.o(.text)
    USART3_IRQHandler                        0x080001f7   Thumb Code     0  startup_stm32f10x_hd.o(.text)
    USBWakeUp_IRQHandler                     0x080001f7   Thumb Code     0  startup_stm32f10x_hd.o(.text)
    USB_HP_CAN1_TX_IRQHandler                0x080001f7   Thumb Code     0  startup_stm32f10x_hd.o(.text)
    USB_LP_CAN1_RX0_IRQHandler               0x080001f7   Thumb Code     0  startup_stm32f10x_hd.o(.text)
    WWDG_IRQHandler                          0x080001f7   Thumb Code     0  startup_stm32f10x_hd.o(.text)
    __user_initial_stackheap                 0x080001f9   Thumb Code     0  startup_stm32f10x_hd.o(.text)
    alientek_ncr_stop                        0x08000215   Thumb Code    60  recognition.o(.text)
    alientek_ncr_init                        0x08000251   Thumb Code   148  recognition.o(.text)
    QuickSort                                0x080002e5   Thumb Code   188  recognition.o(.text)
    matrix_multiplication                    0x080003a1   Thumb Code   108  recognition.o(.text)
    CalcDirect                               0x0800040d   Thumb Code   266  recognition.o(.text)
    GetPot                                   0x08000517   Thumb Code    58  recognition.o(.text)
    OverallElasticMesh                       0x08000551   Thumb Code   526  recognition.o(.text)
    FeaExtractByGradient                     0x0800075f   Thumb Code  1888  recognition.o(.text)
    DDA_IMAGE                                0x08000ebf   Thumb Code  1352  recognition.o(.text)
    LinearNorm_data                          0x08001407   Thumb Code   276  recognition.o(.text)
    DDA_atk_ncr_point                        0x0800151b   Thumb Code   568  recognition.o(.text)
    SmoothFilter                             0x08001753   Thumb Code   206  recognition.o(.text)
    recog                                    0x08001821   Thumb Code   712  recognition.o(.text)
    alientek_ncr                             0x08001ae9   Thumb Code   250  recognition.o(.text)
    ExtractPoint                             0x08001be3   Thumb Code   498  recognition.o(.text)
    __use_no_semihosting                     0x08001dd5   Thumb Code     2  use_no_semi_2.o(.text)
    __2printf                                0x08001dd9   Thumb Code    20  noretval__2printf.o(.text)
    __printf                                 0x08001df1   Thumb Code   104  __printf.o(.text)
    _printf_str                              0x08001e59   Thumb Code    82  _printf_str.o(.text)
    _printf_int_dec                          0x08001ead   Thumb Code   104  _printf_dec.o(.text)
    _printf_int_hex                          0x08001f25   Thumb Code    84  _printf_hex_int.o(.text)
    _printf_longlong_hex                     0x08001f25   Thumb Code     0  _printf_hex_int.o(.text)
    __aeabi_memcpy                           0x08001f7d   Thumb Code     0  rt_memcpy_v6.o(.text)
    __rt_memcpy                              0x08001f7d   Thumb Code   138  rt_memcpy_v6.o(.text)
    _memcpy_lastbytes                        0x08001fe3   Thumb Code     0  rt_memcpy_v6.o(.text)
    strcmp                                   0x08002009   Thumb Code   128  strcmpv7m.o(.text)
    __use_two_region_memory                  0x08002089   Thumb Code     2  heapauxi.o(.text)
    __rt_heap_escrow$2region                 0x0800208b   Thumb Code     2  heapauxi.o(.text)
    __rt_heap_expand$2region                 0x0800208d   Thumb Code     2  heapauxi.o(.text)
    __I$use$semihosting                      0x0800208f   Thumb Code     0  use_no_semi.o(.text)
    __use_no_semihosting_swi                 0x0800208f   Thumb Code     2  use_no_semi.o(.text)
    __read_errno                             0x08002091   Thumb Code    10  _rserrno.o(.text)
    __set_errno                              0x0800209b   Thumb Code    12  _rserrno.o(.text)
    _printf_int_common                       0x080020a7   Thumb Code   178  _printf_intcommon.o(.text)
    _printf_cs_common                        0x08002159   Thumb Code    20  _printf_char.o(.text)
    _printf_char                             0x0800216d   Thumb Code    16  _printf_char.o(.text)
    _printf_string                           0x0800217d   Thumb Code     8  _printf_char.o(.text)
    _printf_char_file                        0x08002185   Thumb Code    32  _printf_char_file.o(.text)
    __aeabi_memcpy4                          0x080021a9   Thumb Code     0  rt_memcpy_w.o(.text)
    __aeabi_memcpy8                          0x080021a9   Thumb Code     0  rt_memcpy_w.o(.text)
    __rt_memcpy_w                            0x080021a9   Thumb Code   100  rt_memcpy_w.o(.text)
    _memcpy_lastbytes_aligned                0x080021f1   Thumb Code     0  rt_memcpy_w.o(.text)
    __aeabi_errno_addr                       0x0800220d   Thumb Code     8  rt_errno_addr_intlibspace.o(.text)
    __errno$intlibspace                      0x0800220d   Thumb Code     0  rt_errno_addr_intlibspace.o(.text)
    __rt_errno_addr$intlibspace              0x0800220d   Thumb Code     0  rt_errno_addr_intlibspace.o(.text)
    _printf_char_common                      0x0800221f   Thumb Code    32  _printf_char_common.o(.text)
    ferror                                   0x08002245   Thumb Code     8  ferror.o(.text)
    __user_libspace                          0x0800224d   Thumb Code     8  libspace.o(.text)
    __user_perproc_libspace                  0x0800224d   Thumb Code     0  libspace.o(.text)
    __user_perthread_libspace                0x0800224d   Thumb Code     0  libspace.o(.text)
    __user_setup_stackheap                   0x08002255   Thumb Code    74  sys_stackheap_outer.o(.text)
    exit                                     0x0800229f   Thumb Code    12  exit.o(.text)
    AT24CXX_Init                             0x080022ab   Thumb Code     8  24cxx.o(i.AT24CXX_Init)
    AT24CXX_Read                             0x080022b3   Thumb Code    34  24cxx.o(i.AT24CXX_Read)
    AT24CXX_ReadOneByte                      0x080022d5   Thumb Code    88  24cxx.o(i.AT24CXX_ReadOneByte)
    AT24CXX_Write                            0x0800232d   Thumb Code    36  24cxx.o(i.AT24CXX_Write)
    AT24CXX_WriteOneByte                     0x08002351   Thumb Code    80  24cxx.o(i.AT24CXX_WriteOneByte)
    CT_Delay                                 0x080023a1   Thumb Code    10  ctiic.o(i.CT_Delay)
    CT_IIC_Ack                               0x080023ad   Thumb Code    66  ctiic.o(i.CT_IIC_Ack)
    CT_IIC_Init                              0x08002401   Thumb Code   100  ctiic.o(i.CT_IIC_Init)
    CT_IIC_NAck                              0x08002471   Thumb Code    66  ctiic.o(i.CT_IIC_NAck)
    CT_IIC_Read_Byte                         0x080024c5   Thumb Code    94  ctiic.o(i.CT_IIC_Read_Byte)
    CT_IIC_Send_Byte                         0x08002535   Thumb Code    82  ctiic.o(i.CT_IIC_Send_Byte)
    CT_IIC_Start                             0x08002599   Thumb Code    62  ctiic.o(i.CT_IIC_Start)
    CT_IIC_Stop                              0x080025e5   Thumb Code    56  ctiic.o(i.CT_IIC_Stop)
    CT_IIC_Wait_Ack                          0x0800262d   Thumb Code    82  ctiic.o(i.CT_IIC_Wait_Ack)
    CmdError                                 0x08002691   Thumb Code    48  sdio_sdcard.o(i.CmdError)
    CmdResp1Error                            0x080026c5   Thumb Code    82  sdio_sdcard.o(i.CmdResp1Error)
    CmdResp2Error                            0x0800271d   Thumb Code    88  sdio_sdcard.o(i.CmdResp2Error)
    CmdResp3Error                            0x08002779   Thumb Code    52  sdio_sdcard.o(i.CmdResp3Error)
    CmdResp6Error                            0x080027b1   Thumb Code   142  sdio_sdcard.o(i.CmdResp6Error)
    CmdResp7Error                            0x08002845   Thumb Code    80  sdio_sdcard.o(i.CmdResp7Error)
    FT5206_Init                              0x08002899   Thumb Code   190  ft5206.o(i.FT5206_Init)
    FT5206_RD_Reg                            0x08002975   Thumb Code    88  ft5206.o(i.FT5206_RD_Reg)
    FT5206_Scan                              0x080029cd   Thumb Code   400  ft5206.o(i.FT5206_Scan)
    FT5206_WR_Reg                            0x08002b69   Thumb Code    82  ft5206.o(i.FT5206_WR_Reg)
    FindSCR                                  0x08002bbd   Thumb Code   326  sdio_sdcard.o(i.FindSCR)
    GT9147_Init                              0x08002d09   Thumb Code   248  gt9147.o(i.GT9147_Init)
    GT9147_RD_Reg                            0x08002e39   Thumb Code    98  gt9147.o(i.GT9147_RD_Reg)
    GT9147_Scan                              0x08002e9d   Thumb Code   494  gt9147.o(i.GT9147_Scan)
    GT9147_Send_Cfg                          0x0800309d   Thumb Code    86  gt9147.o(i.GT9147_Send_Cfg)
    GT9147_WR_Reg                            0x080030f9   Thumb Code    92  gt9147.o(i.GT9147_WR_Reg)
    Get_HzMat                                0x08003155   Thumb Code   220  text.o(i.Get_HzMat)
    IIC_Ack                                  0x08003235   Thumb Code    66  myiic.o(i.IIC_Ack)
    IIC_Init                                 0x08003285   Thumb Code    52  myiic.o(i.IIC_Init)
    IIC_NAck                                 0x080032c1   Thumb Code    66  myiic.o(i.IIC_NAck)
    IIC_Read_Byte                            0x08003311   Thumb Code    98  myiic.o(i.IIC_Read_Byte)
    IIC_Send_Byte                            0x08003381   Thumb Code    90  myiic.o(i.IIC_Send_Byte)
    IIC_Start                                0x080033e9   Thumb Code    64  myiic.o(i.IIC_Start)
    IIC_Stop                                 0x08003435   Thumb Code    62  myiic.o(i.IIC_Stop)
    IIC_Wait_Ack                             0x08003481   Thumb Code    86  myiic.o(i.IIC_Wait_Ack)
    INTX_DISABLE                             0x080034e5   Thumb Code     4  sys.o(i.INTX_DISABLE)
    INTX_ENABLE                              0x080034e9   Thumb Code     4  sys.o(i.INTX_ENABLE)
    IsCardProgramming                        0x080034ed   Thumb Code   134  sdio_sdcard.o(i.IsCardProgramming)
    KEY_Init                                 0x0800357d   Thumb Code    86  key.o(i.KEY_Init)
    KEY_Scan                                 0x080035e9   Thumb Code   150  key.o(i.KEY_Scan)
    LCD_Clear                                0x0800368d   Thumb Code   100  ili93xx.o(i.LCD_Clear)
    LCD_Display_Dir                          0x080036f9   Thumb Code   444  ili93xx.o(i.LCD_Display_Dir)
    LCD_DrawLine                             0x080038b9   Thumb Code   176  ili93xx.o(i.LCD_DrawLine)
    LCD_DrawPoint                            0x08003969   Thumb Code    28  ili93xx.o(i.LCD_DrawPoint)
    LCD_DrawRectangle                        0x0800398d   Thumb Code    60  ili93xx.o(i.LCD_DrawRectangle)
    LCD_Draw_Circle                          0x080039c9   Thumb Code   152  ili93xx.o(i.LCD_Draw_Circle)
    LCD_Fast_DrawPoint                       0x08003a61   Thumb Code   370  ili93xx.o(i.LCD_Fast_DrawPoint)
    LCD_Fill                                 0x08003bdd   Thumb Code   178  ili93xx.o(i.LCD_Fill)
    LCD_Init                                 0x08003c99   Thumb Code 14280  ili93xx.o(i.LCD_Init)
    LCD_Pow                                  0x08007469   Thumb Code    22  ili93xx.o(i.LCD_Pow)
    LCD_RD_DATA                              0x08007481   Thumb Code    14  ili93xx.o(i.LCD_RD_DATA)
    LCD_ReadReg                              0x08007495   Thumb Code    22  ili93xx.o(i.LCD_ReadReg)
    LCD_SSD_BackLightSet                     0x080074ad   Thumb Code    80  ili93xx.o(i.LCD_SSD_BackLightSet)
    LCD_Scan_Dir                             0x08007501   Thumb Code   744  ili93xx.o(i.LCD_Scan_Dir)
    LCD_SetCursor                            0x080077ed   Thumb Code   418  ili93xx.o(i.LCD_SetCursor)
    LCD_ShowChar                             0x08007995   Thumb Code   272  ili93xx.o(i.LCD_ShowChar)
    LCD_ShowNum                              0x08007abd   Thumb Code   148  ili93xx.o(i.LCD_ShowNum)
    LCD_ShowString                           0x08007b51   Thumb Code   102  ili93xx.o(i.LCD_ShowString)
    LCD_WR_DATA                              0x08007bb9   Thumb Code     6  ili93xx.o(i.LCD_WR_DATA)
    LCD_WR_REG                               0x08007bc5   Thumb Code     6  ili93xx.o(i.LCD_WR_REG)
    LCD_WriteRAM_Prepare                     0x08007bd1   Thumb Code    10  ili93xx.o(i.LCD_WriteRAM_Prepare)
    LCD_WriteReg                             0x08007be5   Thumb Code    10  ili93xx.o(i.LCD_WriteReg)
    LED_Init                                 0x08007bf5   Thumb Code   100  led.o(i.LED_Init)
    MYRCC_DeInit                             0x08007c65   Thumb Code    90  sys.o(i.MYRCC_DeInit)
    MY_NVIC_Init                             0x08007ccd   Thumb Code   116  sys.o(i.MY_NVIC_Init)
    MY_NVIC_PriorityGroupConfig              0x08007d45   Thumb Code    32  sys.o(i.MY_NVIC_PriorityGroupConfig)
    MY_NVIC_SetVectorTable                   0x08007d6d   Thumb Code    12  sys.o(i.MY_NVIC_SetVectorTable)
    OTT2001A_Init                            0x08007d81   Thumb Code   130  ott2001a.o(i.OTT2001A_Init)
    OTT2001A_RD_Reg                          0x08007e21   Thumb Code    98  ott2001a.o(i.OTT2001A_RD_Reg)
    OTT2001A_Scan                            0x08007e85   Thumb Code   446  ott2001a.o(i.OTT2001A_Scan)
    OTT2001A_SensorControl                   0x08008065   Thumb Code    28  ott2001a.o(i.OTT2001A_SensorControl)
    OTT2001A_WR_Reg                          0x08008081   Thumb Code    92  ott2001a.o(i.OTT2001A_WR_Reg)
    SDEnWideBus                              0x080080dd   Thumb Code   118  sdio_sdcard.o(i.SDEnWideBus)
    SDIO_Clock_Set                           0x0800815d   Thumb Code    16  sdio_sdcard.o(i.SDIO_Clock_Set)
    SDIO_IRQHandler                          0x08008171   Thumb Code     8  sdio_sdcard.o(i.SDIO_IRQHandler)
    SDIO_Send_Cmd                            0x08008179   Thumb Code    36  sdio_sdcard.o(i.SDIO_Send_Cmd)
    SDIO_Send_Data_Cfg                       0x080081a1   Thumb Code    48  sdio_sdcard.o(i.SDIO_Send_Data_Cfg)
    SD_DMA_Config                            0x080081d5   Thumb Code   142  sdio_sdcard.o(i.SD_DMA_Config)
    SD_EnableWideBusOperation                0x0800826d   Thumb Code    94  sdio_sdcard.o(i.SD_EnableWideBusOperation)
    SD_GetCardInfo                           0x080082d5   Thumb Code   772  sdio_sdcard.o(i.SD_GetCardInfo)
    SD_Init                                  0x080085e9   Thumb Code   234  sdio_sdcard.o(i.SD_Init)
    SD_InitializeCards                       0x080086f5   Thumb Code   240  sdio_sdcard.o(i.SD_InitializeCards)
    SD_PowerON                               0x080087f9   Thumb Code   358  sdio_sdcard.o(i.SD_PowerON)
    SD_ProcessIRQSrc                         0x08008971   Thumb Code   310  sdio_sdcard.o(i.SD_ProcessIRQSrc)
    SD_ReadBlock                             0x08008ab9   Thumb Code   512  sdio_sdcard.o(i.SD_ReadBlock)
    SD_ReadDisk                              0x08008cd9   Thumb Code   148  sdio_sdcard.o(i.SD_ReadDisk)
    SD_ReadMultiBlocks                       0x08008d71   Thumb Code   628  sdio_sdcard.o(i.SD_ReadMultiBlocks)
    SD_SelectDeselect                        0x08009009   Thumb Code    22  sdio_sdcard.o(i.SD_SelectDeselect)
    SD_SetDeviceMode                         0x08009021   Thumb Code    20  sdio_sdcard.o(i.SD_SetDeviceMode)
    SD_WriteBlock                            0x08009039   Thumb Code   760  sdio_sdcard.o(i.SD_WriteBlock)
    SD_WriteDisk                             0x08009351   Thumb Code   148  sdio_sdcard.o(i.SD_WriteDisk)
    SD_WriteMultiBlocks                      0x080093e9   Thumb Code   816  sdio_sdcard.o(i.SD_WriteMultiBlocks)
    SPI2_Init                                0x08009739   Thumb Code   162  spi.o(i.SPI2_Init)
    SPI2_ReadWriteByte                       0x080097ed   Thumb Code    82  spi.o(i.SPI2_ReadWriteByte)
    SPI2_SetSpeed                            0x08009845   Thumb Code    40  spi.o(i.SPI2_SetSpeed)
    Show_Font                                0x08009871   Thumb Code   190  text.o(i.Show_Font)
    Show_Str                                 0x08009939   Thumb Code   194  text.o(i.Show_Str)
    Stm32_Clock_Init                         0x080099fd   Thumb Code   134  sys.o(i.Stm32_Clock_Init)
    TP_Adj_Info_Show                         0x08009a8d   Thumb Code   374  touch.o(i.TP_Adj_Info_Show)
    TP_Adjust                                0x08009c35   Thumb Code  2058  touch.o(i.TP_Adjust)
    TP_Drow_Touch_Point                      0x0800a491   Thumb Code   108  touch.o(i.TP_Drow_Touch_Point)
    TP_Get_Adjdata                           0x0800a501   Thumb Code    68  touch.o(i.TP_Get_Adjdata)
    TP_Init                                  0x0800a551   Thumb Code   292  touch.o(i.TP_Init)
    TP_Read_AD                               0x0800a695   Thumb Code   132  touch.o(i.TP_Read_AD)
    TP_Read_XOY                              0x0800a729   Thumb Code   120  touch.o(i.TP_Read_XOY)
    TP_Read_XY                               0x0800a7a1   Thumb Code    38  touch.o(i.TP_Read_XY)
    TP_Read_XY2                              0x0800a7d1   Thumb Code   192  touch.o(i.TP_Read_XY2)
    TP_Save_Adjdata                          0x0800a891   Thumb Code    22  touch.o(i.TP_Save_Adjdata)
    TP_Scan                                  0x0800a8ad   Thumb Code   262  touch.o(i.TP_Scan)
    TP_Write_Byte                            0x0800a9bd   Thumb Code    64  touch.o(i.TP_Write_Byte)
    USART1_IRQHandler                        0x0800aa09   Thumb Code   118  usart.o(i.USART1_IRQHandler)
    W25QXX_Erase_Sector                      0x0800aa8d   Thumb Code    70  w25qxx.o(i.W25QXX_Erase_Sector)
    W25QXX_Init                              0x0800aae5   Thumb Code    62  w25qxx.o(i.W25QXX_Init)
    W25QXX_Read                              0x0800ab35   Thumb Code    74  w25qxx.o(i.W25QXX_Read)
    W25QXX_ReadID                            0x0800ab85   Thumb Code    64  w25qxx.o(i.W25QXX_ReadID)
    W25QXX_ReadSR                            0x0800abcd   Thumb Code    36  w25qxx.o(i.W25QXX_ReadSR)
    W25QXX_Wait_Busy                         0x0800abf9   Thumb Code    18  w25qxx.o(i.W25QXX_Wait_Busy)
    W25QXX_Write                             0x0800ac0d   Thumb Code   180  w25qxx.o(i.W25QXX_Write)
    W25QXX_Write_Enable                      0x0800acc5   Thumb Code    24  w25qxx.o(i.W25QXX_Write_Enable)
    W25QXX_Write_NoCheck                     0x0800ace5   Thumb Code    70  w25qxx.o(i.W25QXX_Write_NoCheck)
    W25QXX_Write_Page                        0x0800ad2d   Thumb Code    80  w25qxx.o(i.W25QXX_Write_Page)
    __ARM_fpclassifyf                        0x0800ad81   Thumb Code    38  fpclassifyf.o(i.__ARM_fpclassifyf)
    __mathlib_flt_divzero                    0x0800ada7   Thumb Code    10  funder.o(i.__mathlib_flt_divzero)
    __mathlib_flt_infnan2                    0x0800adb1   Thumb Code     4  funder.o(i.__mathlib_flt_infnan2)
    __mathlib_flt_invalid                    0x0800adb5   Thumb Code     8  funder.o(i.__mathlib_flt_invalid)
    __mathlib_flt_overflow                   0x0800adbd   Thumb Code    10  funder.o(i.__mathlib_flt_overflow)
    __mathlib_flt_underflow                  0x0800adc7   Thumb Code    10  funder.o(i.__mathlib_flt_underflow)
    _sys_exit                                0x0800add1   Thumb Code     6  usart.o(i._sys_exit)
    alientek_ncr_free                        0x0800add7   Thumb Code    14  atk_ncr.o(i.alientek_ncr_free)
    alientek_ncr_malloc                      0x0800ade5   Thumb Code    14  atk_ncr.o(i.alientek_ncr_malloc)
    alientek_ncr_memset                      0x0800adf3   Thumb Code    20  atk_ncr.o(i.alientek_ncr_memset)
    convert_from_bytes_to_power_of_two       0x0800ae99   Thumb Code    18  sdio_sdcard.o(i.convert_from_bytes_to_power_of_two)
    delay_init                               0x0800aead   Thumb Code    56  delay.o(i.delay_init)
    delay_ms                                 0x0800aeed   Thumb Code    56  delay.o(i.delay_ms)
    delay_us                                 0x0800af29   Thumb Code    56  delay.o(i.delay_us)
    disk_initialize                          0x0800af65   Thumb Code    52  diskio.o(i.disk_initialize)
    disk_read                                0x0800af9d   Thumb Code   122  diskio.o(i.disk_read)
    disk_status                              0x0800b017   Thumb Code     6  diskio.o(i.disk_status)
    disk_write                               0x0800b01d   Thumb Code   122  diskio.o(i.disk_write)
    exfuns_init                              0x0800b099   Thumb Code   114  exfuns.o(i.exfuns_init)
    f_mount                                  0x0800b11d   Thumb Code    86  ff.o(i.f_mount)
    font_init                                0x0800b50d   Thumb Code    64  fontupd.o(i.font_init)
    fputc                                    0x0800b551   Thumb Code    24  usart.o(i.fputc)
    gui_draw_hline                           0x0800b5b7   Thumb Code    36  test.o(i.gui_draw_hline)
    gui_fill_circle                          0x0800b5db   Thumb Code   176  test.o(i.gui_fill_circle)
    lcd_draw_bline                           0x0800b68b   Thumb Code   212  test.o(i.lcd_draw_bline)
    main                                     0x0800b761   Thumb Code   954  test.o(i.main)
    my_mem_free                              0x0800bc35   Thumb Code    96  malloc.o(i.my_mem_free)
    my_mem_init                              0x0800bca1   Thumb Code    54  malloc.o(i.my_mem_init)
    my_mem_malloc                            0x0800bce5   Thumb Code   156  malloc.o(i.my_mem_malloc)
    my_mem_perused                           0x0800bd8d   Thumb Code    54  malloc.o(i.my_mem_perused)
    myfree                                   0x0800bdcd   Thumb Code    30  malloc.o(i.myfree)
    mymalloc                                 0x0800bdf1   Thumb Code    34  malloc.o(i.mymalloc)
    mymemset                                 0x0800be19   Thumb Code    20  malloc.o(i.mymemset)
    __mathlib_powf                           0x0800be2d   Thumb Code     0  powf.o(i.powf)
    powf                                     0x0800be2d   Thumb Code  1488  powf.o(i.powf)
    sqrt                                     0x0800c411   Thumb Code    76  sqrt.o(i.sqrt)
    uart_init                                0x0800c4b1   Thumb Code   202  usart.o(i.uart_init)
    __aeabi_dadd                             0x0800c58d   Thumb Code     0  daddsub_clz.o(x$fpl$dadd)
    _dadd                                    0x0800c58d   Thumb Code   332  daddsub_clz.o(x$fpl$dadd)
    __fpl_dcmp_Inf                           0x0800c6dd   Thumb Code    24  dcmpi.o(x$fpl$dcmpinf)
    __aeabi_d2uiz                            0x0800c6f5   Thumb Code     0  dfixu.o(x$fpl$dfixu)
    _dfixu                                   0x0800c6f5   Thumb Code    90  dfixu.o(x$fpl$dfixu)
    __aeabi_i2d                              0x0800c74f   Thumb Code     0  dflt_clz.o(x$fpl$dflt)
    _dflt                                    0x0800c74f   Thumb Code    46  dflt_clz.o(x$fpl$dflt)
    __aeabi_ui2d                             0x0800c77d   Thumb Code     0  dflt_clz.o(x$fpl$dfltu)
    _dfltu                                   0x0800c77d   Thumb Code    38  dflt_clz.o(x$fpl$dfltu)
    __aeabi_cdcmple                          0x0800c7a5   Thumb Code     0  dleqf.o(x$fpl$dleqf)
    _dcmple                                  0x0800c7a5   Thumb Code   120  dleqf.o(x$fpl$dleqf)
    __fpl_dcmple_InfNaN                      0x0800c807   Thumb Code     0  dleqf.o(x$fpl$dleqf)
    __aeabi_dmul                             0x0800c81d   Thumb Code     0  dmul.o(x$fpl$dmul)
    _dmul                                    0x0800c81d   Thumb Code   332  dmul.o(x$fpl$dmul)
    __fpl_dnaninf                            0x0800c971   Thumb Code   156  dnaninf.o(x$fpl$dnaninf)
    __fpl_dretinf                            0x0800ca0d   Thumb Code    12  dretinf.o(x$fpl$dretinf)
    __aeabi_cdrcmple                         0x0800ca19   Thumb Code     0  drleqf.o(x$fpl$drleqf)
    _drcmple                                 0x0800ca19   Thumb Code   108  drleqf.o(x$fpl$drleqf)
    __aeabi_drsub                            0x0800ca85   Thumb Code     0  daddsub_clz.o(x$fpl$drsb)
    _drsb                                    0x0800ca85   Thumb Code    22  daddsub_clz.o(x$fpl$drsb)
    _dsqrt                                   0x0800ca9d   Thumb Code   456  dsqrt_noumaal.o(x$fpl$dsqrt)
    __aeabi_dsub                             0x0800cc69   Thumb Code     0  daddsub_clz.o(x$fpl$dsub)
    _dsub                                    0x0800cc69   Thumb Code   464  daddsub_clz.o(x$fpl$dsub)
    __aeabi_f2d                              0x0800ce3d   Thumb Code     0  f2d.o(x$fpl$f2d)
    _f2d                                     0x0800ce3d   Thumb Code    86  f2d.o(x$fpl$f2d)
    __aeabi_fadd                             0x0800ce95   Thumb Code     0  faddsub_clz.o(x$fpl$fadd)
    _fadd                                    0x0800ce95   Thumb Code   196  faddsub_clz.o(x$fpl$fadd)
    __fpl_fcheck_NaN1                        0x0800cf59   Thumb Code     6  fcheck1.o(x$fpl$fcheck1)
    __fpl_fcmp_Inf                           0x0800cf65   Thumb Code    24  fcmpi.o(x$fpl$fcmpinf)
    __aeabi_fdiv                             0x0800cf7d   Thumb Code     0  fdiv.o(x$fpl$fdiv)
    _fdiv                                    0x0800cf7d   Thumb Code   384  fdiv.o(x$fpl$fdiv)
    __aeabi_f2iz                             0x0800d101   Thumb Code     0  ffix.o(x$fpl$ffix)
    _ffix                                    0x0800d101   Thumb Code    54  ffix.o(x$fpl$ffix)
    _ffix_r                                  0x0800d139   Thumb Code    82  ffix.o(x$fpl$ffixr)
    __aeabi_f2uiz                            0x0800d18d   Thumb Code     0  ffixu.o(x$fpl$ffixu)
    _ffixu                                   0x0800d18d   Thumb Code    62  ffixu.o(x$fpl$ffixu)
    __aeabi_i2f                              0x0800d1cd   Thumb Code     0  fflt_clz.o(x$fpl$fflt)
    _fflt                                    0x0800d1cd   Thumb Code    48  fflt_clz.o(x$fpl$fflt)
    __aeabi_ui2f                             0x0800d1fd   Thumb Code     0  fflt_clz.o(x$fpl$ffltu)
    _ffltu                                   0x0800d1fd   Thumb Code    38  fflt_clz.o(x$fpl$ffltu)
    __aeabi_cfcmple                          0x0800d225   Thumb Code     0  fleqf.o(x$fpl$fleqf)
    _fcmple                                  0x0800d225   Thumb Code   104  fleqf.o(x$fpl$fleqf)
    __fpl_fcmple_InfNaN                      0x0800d277   Thumb Code     0  fleqf.o(x$fpl$fleqf)
    __aeabi_fmul                             0x0800d28d   Thumb Code     0  fmul.o(x$fpl$fmul)
    _fmul                                    0x0800d28d   Thumb Code   258  fmul.o(x$fpl$fmul)
    __fpl_fnaninf                            0x0800d38f   Thumb Code   140  fnaninf.o(x$fpl$fnaninf)
    __fpl_fretinf                            0x0800d41b   Thumb Code    10  fretinf.o(x$fpl$fretinf)
    __aeabi_frsub                            0x0800d425   Thumb Code     0  faddsub_clz.o(x$fpl$frsb)
    _frsb                                    0x0800d425   Thumb Code    20  faddsub_clz.o(x$fpl$frsb)
    __aeabi_fsub                             0x0800d439   Thumb Code     0  faddsub_clz.o(x$fpl$fsub)
    _fsub                                    0x0800d439   Thumb Code   234  faddsub_clz.o(x$fpl$fsub)
    __fpl_return_NaN                         0x0800d523   Thumb Code   100  retnan.o(x$fpl$retnan)
    __ARM_scalbnf                            0x0800d587   Thumb Code    76  scalbnf.o(x$fpl$scalbnf)
    __fpl_cmpreturn                          0x0800d5d3   Thumb Code    48  trapv.o(x$fpl$trapveneer)
    __I$use$fp                               0x0800d602   Number         0  usenofp.o(x$fpl$usenofp)
    asc2_1206                                0x0800d602   Data        1140  ili93xx.o(.constdata)
    asc2_1608                                0x0800da76   Data        1520  ili93xx.o(.constdata)
    asc2_2412                                0x0800e066   Data        3420  ili93xx.o(.constdata)
    FT5206_TPX_TBL                           0x0800edc2   Data          10  ft5206.o(.constdata)
    GT9147_CFG_TBL                           0x0800edcc   Data         184  gt9147.o(.constdata)
    GT9147_TPX_TBL                           0x0800ee84   Data          10  gt9147.o(.constdata)
    OTT_TPX_TBL                              0x0800ee8e   Data          10  ott2001a.o(.constdata)
    TP_REMIND_MSG_TBL                        0x0800ee98   Data           4  touch.o(.constdata)
    memtblsize                               0x0800ee9c   Data           8  malloc.o(.constdata)
    memblksize                               0x0800eea4   Data           8  malloc.o(.constdata)
    memsize                                  0x0800eeac   Data           8  malloc.o(.constdata)
    E_GTABLE                                 0x0800eeb4   Data         972  recognition.o(.constdata)
    E_GARTABLE                               0x0800f280   Data        2500  recognition.o(.constdata)
    E_LDA                                    0x0800fc44   Data       20480  recognition.o(.constdata)
    E_MODEL                                  0x08014c44   Data        9920  recognition.o(.constdata)
    Dic                                      0x08017304   Data          62  recognition.o(.constdata)
    Region$$Table$$Base                      0x08017528   Number         0  anon$$obj.o(Region$$Table)
    Region$$Table$$Limit                     0x08017548   Number         0  anon$$obj.o(Region$$Table)
    __stdout                                 0x20000004   Data           4  usart.o(.data)
    USART_RX_STA                             0x20000008   Data           2  usart.o(.data)
    POINT_COLOR                              0x2000000a   Data           2  ili93xx.o(.data)
    BACK_COLOR                               0x2000000c   Data           2  ili93xx.o(.data)
    TransferError                            0x2000001a   Data           1  sdio_sdcard.o(.data)
    TransferEnd                              0x2000001b   Data           1  sdio_sdcard.o(.data)
    tempbuff                                 0x2000001c   Data           4  sdio_sdcard.o(.data)
    W25QXX_TYPE                              0x20000020   Data           2  w25qxx.o(.data)
    tp_dev                                   0x20000028   Data          52  touch.o(.data)
    CMD_RDX                                  0x2000005c   Data           1  touch.o(.data)
    CMD_RDY                                  0x2000005d   Data           1  touch.o(.data)
    mallco_dev                               0x20000060   Data          28  malloc.o(.data)
    FLASH_SECTOR_COUNT                       0x2000007c   Data           2  diskio.o(.data)
    fs                                       0x2000008c   Data           8  exfuns.o(.data)
    file                                     0x20000094   Data           4  exfuns.o(.data)
    ftemp                                    0x20000098   Data           4  exfuns.o(.data)
    br                                       0x2000009c   Data           4  exfuns.o(.data)
    bw                                       0x200000a0   Data           4  exfuns.o(.data)
    fatbuf                                   0x200000a4   Data           4  exfuns.o(.data)
    picdata                                  0x200000a8   Data           4  recognition.o(.data)
    Gas                                      0x200000ac   Data           4  recognition.o(.data)
    feature                                  0x200000b0   Data           4  recognition.o(.data)
    ldafeature                               0x200000b4   Data           4  recognition.o(.data)
    Hmap                                     0x200000b8   Data           4  recognition.o(.data)
    Vmap                                     0x200000bc   Data           4  recognition.o(.data)
    distance                                 0x200000c0   Data           4  recognition.o(.data)
    READ_BUF                                 0x200000c4   Data         800  test.o(.bss)
    USART_RX_BUF                             0x200003e4   Data         200  usart.o(.bss)
    lcddev                                   0x200004ac   Data          14  ili93xx.o(.bss)
    SDCardInfo                               0x200004e0   Data          88  sdio_sdcard.o(.bss)
    SDIO_DATA_BUFFER                         0x20000538   Data         512  sdio_sdcard.o(.bss)
    W25QXX_BUFFER                            0x20000738   Data        4096  w25qxx.o(.bss)
    mem1base                                 0x20001740   Data       40960  malloc.o(.bss)
    mem1mapbase                              0x2000b740   Data        2560  malloc.o(.bss)
    ftinfo                                   0x2000c140   Data          33  fontupd.o(.bss)
    Htemp                                    0x2000c164   Data          20  recognition.o(.bss)
    Vtemp                                    0x2000c178   Data          20  recognition.o(.bss)
    __libspace_start                         0x2000c18c   Data          96  libspace.o(.bss)
    __temporary_stack_top$libspace           0x2000c1ec   Data           0  libspace.o(.bss)
    mem2base                                 0x68000000   Data       983040  malloc.o(.ARM.__AT_0x68000000)
    mem2mapbase                              0x680f0000   Data       61440  malloc.o(.ARM.__AT_0x680F0000)



==============================================================================

Memory Map of the image

  Image Entry point : 0x08000131

  Load Region LR_IROM1 (Base: 0x08000000, Size: 0x0001760c, Max: 0x00080000, ABSOLUTE)

    Execution Region ER_IROM1 (Base: 0x08000000, Size: 0x00017548, Max: 0x00080000, ABSOLUTE)

    Base Addr    Size         Type   Attr      Idx    E Section Name        Object

    0x08000000   0x00000130   Data   RO            3    RESET               startup_stm32f10x_hd.o
    0x08000130   0x00000008   Code   RO         2174  * !!!main             c_w.l(__main.o)
    0x08000138   0x00000034   Code   RO         2477    !!!scatter          c_w.l(__scatter.o)
    0x0800016c   0x0000001a   Code   RO         2479    !!handler_copy      c_w.l(__scatter_copy.o)
    0x08000186   0x00000002   PAD
    0x08000188   0x0000001c   Code   RO         2481    !!handler_zi        c_w.l(__scatter_zi.o)
    0x080001a4   0x00000000   Code   RO         2161    .ARM.Collect$$_printf_percent$$00000000  c_w.l(_printf_percent.o)
    0x080001a4   0x00000006   Code   RO         2160    .ARM.Collect$$_printf_percent$$00000009  c_w.l(_printf_d.o)
    0x080001aa   0x00000006   Code   RO         2159    .ARM.Collect$$_printf_percent$$0000000C  c_w.l(_printf_x.o)
    0x080001b0   0x00000006   Code   RO         2158    .ARM.Collect$$_printf_percent$$00000014  c_w.l(_printf_s.o)
    0x080001b6   0x00000004   Code   RO         2261    .ARM.Collect$$_printf_percent$$00000017  c_w.l(_printf_percent_end.o)
    0x080001ba   0x00000002   Code   RO         2347    .ARM.Collect$$libinit$$00000000  c_w.l(libinit.o)
    0x080001bc   0x00000000   Code   RO         2357    .ARM.Collect$$libinit$$00000002  c_w.l(libinit2.o)
    0x080001bc   0x00000000   Code   RO         2359    .ARM.Collect$$libinit$$00000004  c_w.l(libinit2.o)
    0x080001bc   0x00000000   Code   RO         2362    .ARM.Collect$$libinit$$0000000A  c_w.l(libinit2.o)
    0x080001bc   0x00000000   Code   RO         2364    .ARM.Collect$$libinit$$0000000C  c_w.l(libinit2.o)
    0x080001bc   0x00000000   Code   RO         2366    .ARM.Collect$$libinit$$0000000E  c_w.l(libinit2.o)
    0x080001bc   0x00000000   Code   RO         2369    .ARM.Collect$$libinit$$00000011  c_w.l(libinit2.o)
    0x080001bc   0x00000000   Code   RO         2371    .ARM.Collect$$libinit$$00000013  c_w.l(libinit2.o)
    0x080001bc   0x00000000   Code   RO         2373    .ARM.Collect$$libinit$$00000015  c_w.l(libinit2.o)
    0x080001bc   0x00000000   Code   RO         2375    .ARM.Collect$$libinit$$00000017  c_w.l(libinit2.o)
    0x080001bc   0x00000000   Code   RO         2377    .ARM.Collect$$libinit$$00000019  c_w.l(libinit2.o)
    0x080001bc   0x00000000   Code   RO         2379    .ARM.Collect$$libinit$$0000001B  c_w.l(libinit2.o)
    0x080001bc   0x00000000   Code   RO         2381    .ARM.Collect$$libinit$$0000001D  c_w.l(libinit2.o)
    0x080001bc   0x00000000   Code   RO         2383    .ARM.Collect$$libinit$$0000001F  c_w.l(libinit2.o)
    0x080001bc   0x00000000   Code   RO         2385    .ARM.Collect$$libinit$$00000021  c_w.l(libinit2.o)
    0x080001bc   0x00000000   Code   RO         2387    .ARM.Collect$$libinit$$00000023  c_w.l(libinit2.o)
    0x080001bc   0x00000000   Code   RO         2389    .ARM.Collect$$libinit$$00000025  c_w.l(libinit2.o)
    0x080001bc   0x00000000   Code   RO         2393    .ARM.Collect$$libinit$$0000002C  c_w.l(libinit2.o)
    0x080001bc   0x00000000   Code   RO         2395    .ARM.Collect$$libinit$$0000002E  c_w.l(libinit2.o)
    0x080001bc   0x00000000   Code   RO         2397    .ARM.Collect$$libinit$$00000030  c_w.l(libinit2.o)
    0x080001bc   0x00000000   Code   RO         2399    .ARM.Collect$$libinit$$00000032  c_w.l(libinit2.o)
    0x080001bc   0x00000002   Code   RO         2400    .ARM.Collect$$libinit$$00000033  c_w.l(libinit2.o)
    0x080001be   0x00000002   Code   RO         2430    .ARM.Collect$$libshutdown$$00000000  c_w.l(libshutdown.o)
    0x080001c0   0x00000000   Code   RO         2445    .ARM.Collect$$libshutdown$$00000003  c_w.l(libshutdown2.o)
    0x080001c0   0x00000000   Code   RO         2448    .ARM.Collect$$libshutdown$$00000006  c_w.l(libshutdown2.o)
    0x080001c0   0x00000000   Code   RO         2451    .ARM.Collect$$libshutdown$$00000009  c_w.l(libshutdown2.o)
    0x080001c0   0x00000000   Code   RO         2453    .ARM.Collect$$libshutdown$$0000000B  c_w.l(libshutdown2.o)
    0x080001c0   0x00000000   Code   RO         2456    .ARM.Collect$$libshutdown$$0000000E  c_w.l(libshutdown2.o)
    0x080001c0   0x00000002   Code   RO         2457    .ARM.Collect$$libshutdown$$0000000F  c_w.l(libshutdown2.o)
    0x080001c2   0x00000000   Code   RO         2250    .ARM.Collect$$rtentry$$00000000  c_w.l(__rtentry.o)
    0x080001c2   0x00000000   Code   RO         2300    .ARM.Collect$$rtentry$$00000002  c_w.l(__rtentry2.o)
    0x080001c2   0x00000006   Code   RO         2312    .ARM.Collect$$rtentry$$00000004  c_w.l(__rtentry4.o)
    0x080001c8   0x00000000   Code   RO         2302    .ARM.Collect$$rtentry$$00000009  c_w.l(__rtentry2.o)
    0x080001c8   0x00000004   Code   RO         2303    .ARM.Collect$$rtentry$$0000000A  c_w.l(__rtentry2.o)
    0x080001cc   0x00000000   Code   RO         2305    .ARM.Collect$$rtentry$$0000000C  c_w.l(__rtentry2.o)
    0x080001cc   0x00000008   Code   RO         2306    .ARM.Collect$$rtentry$$0000000D  c_w.l(__rtentry2.o)
    0x080001d4   0x00000002   Code   RO         2350    .ARM.Collect$$rtexit$$00000000  c_w.l(rtexit.o)
    0x080001d6   0x00000000   Code   RO         2404    .ARM.Collect$$rtexit$$00000002  c_w.l(rtexit2.o)
    0x080001d6   0x00000004   Code   RO         2405    .ARM.Collect$$rtexit$$00000003  c_w.l(rtexit2.o)
    0x080001da   0x00000006   Code   RO         2406    .ARM.Collect$$rtexit$$00000004  c_w.l(rtexit2.o)
    0x080001e0   0x00000034   Code   RO            4    .text               startup_stm32f10x_hd.o
    0x08000214   0x00001bc0   Code   RO         2054    .text               ATKNCR_M_V2.0.lib(recognition.o)
    0x08001dd4   0x00000002   Code   RO         2102    .text               c_w.l(use_no_semi_2.o)
    0x08001dd6   0x00000002   PAD
    0x08001dd8   0x00000018   Code   RO         2108    .text               c_w.l(noretval__2printf.o)
    0x08001df0   0x00000068   Code   RO         2110    .text               c_w.l(__printf.o)
    0x08001e58   0x00000052   Code   RO         2112    .text               c_w.l(_printf_str.o)
    0x08001eaa   0x00000002   PAD
    0x08001eac   0x00000078   Code   RO         2114    .text               c_w.l(_printf_dec.o)
    0x08001f24   0x00000058   Code   RO         2119    .text               c_w.l(_printf_hex_int.o)
    0x08001f7c   0x0000008a   Code   RO         2168    .text               c_w.l(rt_memcpy_v6.o)
    0x08002006   0x00000002   PAD
    0x08002008   0x00000080   Code   RO         2170    .text               c_w.l(strcmpv7m.o)
    0x08002088   0x00000006   Code   RO         2172    .text               c_w.l(heapauxi.o)
    0x0800208e   0x00000002   Code   RO         2248    .text               c_w.l(use_no_semi.o)
    0x08002090   0x00000016   Code   RO         2253    .text               c_w.l(_rserrno.o)
    0x080020a6   0x000000b2   Code   RO         2255    .text               c_w.l(_printf_intcommon.o)
    0x08002158   0x0000002c   Code   RO         2257    .text               c_w.l(_printf_char.o)
    0x08002184   0x00000024   Code   RO         2259    .text               c_w.l(_printf_char_file.o)
    0x080021a8   0x00000064   Code   RO         2262    .text               c_w.l(rt_memcpy_w.o)
    0x0800220c   0x00000008   Code   RO         2321    .text               c_w.l(rt_errno_addr_intlibspace.o)
    0x08002214   0x00000030   Code   RO         2323    .text               c_w.l(_printf_char_common.o)
    0x08002244   0x00000008   Code   RO         2325    .text               c_w.l(ferror.o)
    0x0800224c   0x00000008   Code   RO         2331    .text               c_w.l(libspace.o)
    0x08002254   0x0000004a   Code   RO         2334    .text               c_w.l(sys_stackheap_outer.o)
    0x0800229e   0x0000000c   Code   RO         2340    .text               c_w.l(exit.o)
    0x080022aa   0x00000008   Code   RO          950    i.AT24CXX_Init      24cxx.o
    0x080022b2   0x00000022   Code   RO          951    i.AT24CXX_Read      24cxx.o
    0x080022d4   0x00000058   Code   RO          952    i.AT24CXX_ReadOneByte  24cxx.o
    0x0800232c   0x00000024   Code   RO          953    i.AT24CXX_Write     24cxx.o
    0x08002350   0x00000050   Code   RO          954    i.AT24CXX_WriteOneByte  24cxx.o
    0x080023a0   0x0000000a   Code   RO          994    i.CT_Delay          ctiic.o
    0x080023aa   0x00000002   PAD
    0x080023ac   0x00000054   Code   RO          995    i.CT_IIC_Ack        ctiic.o
    0x08002400   0x00000070   Code   RO          996    i.CT_IIC_Init       ctiic.o
    0x08002470   0x00000054   Code   RO          997    i.CT_IIC_NAck       ctiic.o
    0x080024c4   0x00000070   Code   RO          998    i.CT_IIC_Read_Byte  ctiic.o
    0x08002534   0x00000064   Code   RO          999    i.CT_IIC_Send_Byte  ctiic.o
    0x08002598   0x0000004c   Code   RO         1000    i.CT_IIC_Start      ctiic.o
    0x080025e4   0x00000048   Code   RO         1001    i.CT_IIC_Stop       ctiic.o
    0x0800262c   0x00000064   Code   RO         1002    i.CT_IIC_Wait_Ack   ctiic.o
    0x08002690   0x00000034   Code   RO          532    i.CmdError          sdio_sdcard.o
    0x080026c4   0x00000058   Code   RO          533    i.CmdResp1Error     sdio_sdcard.o
    0x0800271c   0x0000005c   Code   RO          534    i.CmdResp2Error     sdio_sdcard.o
    0x08002778   0x00000038   Code   RO          535    i.CmdResp3Error     sdio_sdcard.o
    0x080027b0   0x00000094   Code   RO          536    i.CmdResp6Error     sdio_sdcard.o
    0x08002844   0x00000054   Code   RO          537    i.CmdResp7Error     sdio_sdcard.o
    0x08002898   0x000000dc   Code   RO         1057    i.FT5206_Init       ft5206.o
    0x08002974   0x00000058   Code   RO         1058    i.FT5206_RD_Reg     ft5206.o
    0x080029cc   0x0000019c   Code   RO         1059    i.FT5206_Scan       ft5206.o
    0x08002b68   0x00000052   Code   RO         1060    i.FT5206_WR_Reg     ft5206.o
    0x08002bba   0x00000002   PAD
    0x08002bbc   0x0000014c   Code   RO          538    i.FindSCR           sdio_sdcard.o
    0x08002d08   0x00000130   Code   RO         1094    i.GT9147_Init       gt9147.o
    0x08002e38   0x00000062   Code   RO         1095    i.GT9147_RD_Reg     gt9147.o
    0x08002e9a   0x00000002   PAD
    0x08002e9c   0x00000200   Code   RO         1096    i.GT9147_Scan       gt9147.o
    0x0800309c   0x0000005c   Code   RO         1097    i.GT9147_Send_Cfg   gt9147.o
    0x080030f8   0x0000005c   Code   RO         1098    i.GT9147_WR_Reg     gt9147.o
    0x08003154   0x000000e0   Code   RO         1996    i.Get_HzMat         text.o
    0x08003234   0x00000050   Code   RO          892    i.IIC_Ack           myiic.o
    0x08003284   0x0000003c   Code   RO          893    i.IIC_Init          myiic.o
    0x080032c0   0x00000050   Code   RO          894    i.IIC_NAck          myiic.o
    0x08003310   0x00000070   Code   RO          895    i.IIC_Read_Byte     myiic.o
    0x08003380   0x00000068   Code   RO          896    i.IIC_Send_Byte     myiic.o
    0x080033e8   0x0000004c   Code   RO          897    i.IIC_Start         myiic.o
    0x08003434   0x0000004c   Code   RO          898    i.IIC_Stop          myiic.o
    0x08003480   0x00000064   Code   RO          899    i.IIC_Wait_Ack      myiic.o
    0x080034e4   0x00000004   Code   RO          170    i.INTX_DISABLE      sys.o
    0x080034e8   0x00000004   Code   RO          171    i.INTX_ENABLE       sys.o
    0x080034ec   0x00000090   Code   RO          539    i.IsCardProgramming  sdio_sdcard.o
    0x0800357c   0x0000006c   Code   RO          513    i.KEY_Init          key.o
    0x080035e8   0x000000a4   Code   RO          514    i.KEY_Scan          key.o
    0x0800368c   0x0000006c   Code   RO          304    i.LCD_Clear         ili93xx.o
    0x080036f8   0x000001c0   Code   RO          308    i.LCD_Display_Dir   ili93xx.o
    0x080038b8   0x000000b0   Code   RO          309    i.LCD_DrawLine      ili93xx.o
    0x08003968   0x00000024   Code   RO          310    i.LCD_DrawPoint     ili93xx.o
    0x0800398c   0x0000003c   Code   RO          311    i.LCD_DrawRectangle  ili93xx.o
    0x080039c8   0x00000098   Code   RO          312    i.LCD_Draw_Circle   ili93xx.o
    0x08003a60   0x0000017c   Code   RO          313    i.LCD_Fast_DrawPoint  ili93xx.o
    0x08003bdc   0x000000bc   Code   RO          314    i.LCD_Fill          ili93xx.o
    0x08003c98   0x000037d0   Code   RO          315    i.LCD_Init          ili93xx.o
    0x08007468   0x00000016   Code   RO          316    i.LCD_Pow           ili93xx.o
    0x0800747e   0x00000002   PAD
    0x08007480   0x00000014   Code   RO          317    i.LCD_RD_DATA       ili93xx.o
    0x08007494   0x00000016   Code   RO          319    i.LCD_ReadReg       ili93xx.o
    0x080074aa   0x00000002   PAD
    0x080074ac   0x00000054   Code   RO          320    i.LCD_SSD_BackLightSet  ili93xx.o
    0x08007500   0x000002ec   Code   RO          321    i.LCD_Scan_Dir      ili93xx.o
    0x080077ec   0x000001a8   Code   RO          322    i.LCD_SetCursor     ili93xx.o
    0x08007994   0x00000128   Code   RO          324    i.LCD_ShowChar      ili93xx.o
    0x08007abc   0x00000094   Code   RO          325    i.LCD_ShowNum       ili93xx.o
    0x08007b50   0x00000066   Code   RO          326    i.LCD_ShowString    ili93xx.o
    0x08007bb6   0x00000002   PAD
    0x08007bb8   0x0000000c   Code   RO          328    i.LCD_WR_DATA       ili93xx.o
    0x08007bc4   0x0000000c   Code   RO          329    i.LCD_WR_REG        ili93xx.o
    0x08007bd0   0x00000014   Code   RO          331    i.LCD_WriteRAM_Prepare  ili93xx.o
    0x08007be4   0x00000010   Code   RO          332    i.LCD_WriteReg      ili93xx.o
    0x08007bf4   0x00000070   Code   RO          291    i.LED_Init          led.o
    0x08007c64   0x00000068   Code   RO          173    i.MYRCC_DeInit      sys.o
    0x08007ccc   0x00000078   Code   RO          174    i.MY_NVIC_Init      sys.o
    0x08007d44   0x00000028   Code   RO          175    i.MY_NVIC_PriorityGroupConfig  sys.o
    0x08007d6c   0x00000014   Code   RO          176    i.MY_NVIC_SetVectorTable  sys.o
    0x08007d80   0x000000a0   Code   RO         1134    i.OTT2001A_Init     ott2001a.o
    0x08007e20   0x00000062   Code   RO         1135    i.OTT2001A_RD_Reg   ott2001a.o
    0x08007e82   0x00000002   PAD
    0x08007e84   0x000001e0   Code   RO         1136    i.OTT2001A_Scan     ott2001a.o
    0x08008064   0x0000001c   Code   RO         1137    i.OTT2001A_SensorControl  ott2001a.o
    0x08008080   0x0000005c   Code   RO         1138    i.OTT2001A_WR_Reg   ott2001a.o
    0x080080dc   0x00000080   Code   RO          540    i.SDEnWideBus       sdio_sdcard.o
    0x0800815c   0x00000014   Code   RO          541    i.SDIO_Clock_Set    sdio_sdcard.o
    0x08008170   0x00000008   Code   RO          542    i.SDIO_IRQHandler   sdio_sdcard.o
    0x08008178   0x00000028   Code   RO          543    i.SDIO_Send_Cmd     sdio_sdcard.o
    0x080081a0   0x00000034   Code   RO          544    i.SDIO_Send_Data_Cfg  sdio_sdcard.o
    0x080081d4   0x00000098   Code   RO          545    i.SD_DMA_Config     sdio_sdcard.o
    0x0800826c   0x00000068   Code   RO          546    i.SD_EnableWideBusOperation  sdio_sdcard.o
    0x080082d4   0x00000314   Code   RO          547    i.SD_GetCardInfo    sdio_sdcard.o
    0x080085e8   0x0000010c   Code   RO          549    i.SD_Init           sdio_sdcard.o
    0x080086f4   0x00000104   Code   RO          550    i.SD_InitializeCards  sdio_sdcard.o
    0x080087f8   0x00000178   Code   RO          552    i.SD_PowerON        sdio_sdcard.o
    0x08008970   0x00000148   Code   RO          553    i.SD_ProcessIRQSrc  sdio_sdcard.o
    0x08008ab8   0x00000220   Code   RO          554    i.SD_ReadBlock      sdio_sdcard.o
    0x08008cd8   0x00000098   Code   RO          555    i.SD_ReadDisk       sdio_sdcard.o
    0x08008d70   0x00000298   Code   RO          556    i.SD_ReadMultiBlocks  sdio_sdcard.o
    0x08009008   0x00000016   Code   RO          557    i.SD_SelectDeselect  sdio_sdcard.o
    0x0800901e   0x00000002   PAD
    0x08009020   0x00000018   Code   RO          559    i.SD_SetDeviceMode  sdio_sdcard.o
    0x08009038   0x00000318   Code   RO          560    i.SD_WriteBlock     sdio_sdcard.o
    0x08009350   0x00000098   Code   RO          561    i.SD_WriteDisk      sdio_sdcard.o
    0x080093e8   0x00000350   Code   RO          562    i.SD_WriteMultiBlocks  sdio_sdcard.o
    0x08009738   0x000000b4   Code   RO          747    i.SPI2_Init         spi.o
    0x080097ec   0x00000058   Code   RO          748    i.SPI2_ReadWriteByte  spi.o
    0x08009844   0x0000002c   Code   RO          749    i.SPI2_SetSpeed     spi.o
    0x08009870   0x000000c8   Code   RO         1997    i.Show_Font         text.o
    0x08009938   0x000000c2   Code   RO         1998    i.Show_Str          text.o
    0x080099fa   0x00000002   PAD
    0x080099fc   0x00000090   Code   RO          177    i.Stm32_Clock_Init  sys.o
    0x08009a8c   0x000001a8   Code   RO         1174    i.TP_Adj_Info_Show  touch.o
    0x08009c34   0x0000085c   Code   RO         1175    i.TP_Adjust         touch.o
    0x0800a490   0x00000070   Code   RO         1177    i.TP_Drow_Touch_Point  touch.o
    0x0800a500   0x00000050   Code   RO         1178    i.TP_Get_Adjdata    touch.o
    0x0800a550   0x00000144   Code   RO         1179    i.TP_Init           touch.o
    0x0800a694   0x00000094   Code   RO         1180    i.TP_Read_AD        touch.o
    0x0800a728   0x00000078   Code   RO         1181    i.TP_Read_XOY       touch.o
    0x0800a7a0   0x00000030   Code   RO         1182    i.TP_Read_XY        touch.o
    0x0800a7d0   0x000000c0   Code   RO         1183    i.TP_Read_XY2       touch.o
    0x0800a890   0x0000001c   Code   RO         1184    i.TP_Save_Adjdata   touch.o
    0x0800a8ac   0x00000110   Code   RO         1185    i.TP_Scan           touch.o
    0x0800a9bc   0x0000004c   Code   RO         1186    i.TP_Write_Byte     touch.o
    0x0800aa08   0x00000084   Code   RO          250    i.USART1_IRQHandler  usart.o
    0x0800aa8c   0x00000058   Code   RO          790    i.W25QXX_Erase_Sector  w25qxx.o
    0x0800aae4   0x00000050   Code   RO          791    i.W25QXX_Init       w25qxx.o
    0x0800ab34   0x00000050   Code   RO          793    i.W25QXX_Read       w25qxx.o
    0x0800ab84   0x00000048   Code   RO          794    i.W25QXX_ReadID     w25qxx.o
    0x0800abcc   0x0000002c   Code   RO          795    i.W25QXX_ReadSR     w25qxx.o
    0x0800abf8   0x00000012   Code   RO          797    i.W25QXX_Wait_Busy  w25qxx.o
    0x0800ac0a   0x00000002   PAD
    0x0800ac0c   0x000000b8   Code   RO          798    i.W25QXX_Write      w25qxx.o
    0x0800acc4   0x00000020   Code   RO          800    i.W25QXX_Write_Enable  w25qxx.o
    0x0800ace4   0x00000046   Code   RO          801    i.W25QXX_Write_NoCheck  w25qxx.o
    0x0800ad2a   0x00000002   PAD
    0x0800ad2c   0x00000054   Code   RO          802    i.W25QXX_Write_Page  w25qxx.o
    0x0800ad80   0x00000026   Code   RO         2283    i.__ARM_fpclassifyf  m_ws.l(fpclassifyf.o)
    0x0800ada6   0x0000000a   Code   RO         2285    i.__mathlib_flt_divzero  m_ws.l(funder.o)
    0x0800adb0   0x00000004   Code   RO         2287    i.__mathlib_flt_infnan2  m_ws.l(funder.o)
    0x0800adb4   0x00000008   Code   RO         2288    i.__mathlib_flt_invalid  m_ws.l(funder.o)
    0x0800adbc   0x0000000a   Code   RO         2289    i.__mathlib_flt_overflow  m_ws.l(funder.o)
    0x0800adc6   0x0000000a   Code   RO         2291    i.__mathlib_flt_underflow  m_ws.l(funder.o)
    0x0800add0   0x00000006   Code   RO          251    i._sys_exit         usart.o
    0x0800add6   0x0000000e   Code   RO         2026    i.alientek_ncr_free  atk_ncr.o
    0x0800ade4   0x0000000e   Code   RO         2027    i.alientek_ncr_malloc  atk_ncr.o
    0x0800adf2   0x00000014   Code   RO         2028    i.alientek_ncr_memset  atk_ncr.o
    0x0800ae06   0x00000002   PAD
    0x0800ae08   0x00000090   Code   RO         1400    i.check_fs          ff.o
    0x0800ae98   0x00000012   Code   RO          563    i.convert_from_bytes_to_power_of_two  sdio_sdcard.o
    0x0800aeaa   0x00000002   PAD
    0x0800aeac   0x00000040   Code   RO          142    i.delay_init        delay.o
    0x0800aeec   0x0000003c   Code   RO          143    i.delay_ms          delay.o
    0x0800af28   0x0000003c   Code   RO          144    i.delay_us          delay.o
    0x0800af64   0x00000038   Code   RO         1340    i.disk_initialize   diskio.o
    0x0800af9c   0x0000007a   Code   RO         1342    i.disk_read         diskio.o
    0x0800b016   0x00000006   Code   RO         1343    i.disk_status       diskio.o
    0x0800b01c   0x0000007a   Code   RO         1344    i.disk_write        diskio.o
    0x0800b096   0x00000002   PAD
    0x0800b098   0x00000084   Code   RO         1746    i.exfuns_init       exfuns.o
    0x0800b11c   0x0000005c   Code   RO         1423    i.f_mount           ff.o
    0x0800b178   0x00000394   Code   RO         1439    i.find_volume       ff.o
    0x0800b50c   0x00000044   Code   RO         1954    i.font_init         fontupd.o
    0x0800b550   0x0000001c   Code   RO          252    i.fputc             usart.o
    0x0800b56c   0x0000004a   Code   RO         1445    i.get_ldnumber      ff.o
    0x0800b5b6   0x00000024   Code   RO           10    i.gui_draw_hline    test.o
    0x0800b5da   0x000000b0   Code   RO           11    i.gui_fill_circle   test.o
    0x0800b68a   0x000000d4   Code   RO           12    i.lcd_draw_bline    test.o
    0x0800b75e   0x00000002   PAD
    0x0800b760   0x000004a0   Code   RO           13    i.main              test.o
    0x0800bc00   0x00000034   Code   RO         1450    i.move_window       ff.o
    0x0800bc34   0x0000006c   Code   RO         1270    i.my_mem_free       malloc.o
    0x0800bca0   0x00000044   Code   RO         1271    i.my_mem_init       malloc.o
    0x0800bce4   0x000000a8   Code   RO         1272    i.my_mem_malloc     malloc.o
    0x0800bd8c   0x00000040   Code   RO         1273    i.my_mem_perused    malloc.o
    0x0800bdcc   0x00000024   Code   RO         1274    i.myfree            malloc.o
    0x0800bdf0   0x00000028   Code   RO         1275    i.mymalloc          malloc.o
    0x0800be18   0x00000014   Code   RO         1277    i.mymemset          malloc.o
    0x0800be2c   0x000005e4   Code   RO         2231    i.powf              m_ws.l(powf.o)
    0x0800c410   0x0000004c   Code   RO         2241    i.sqrt              m_ws.l(sqrt.o)
    0x0800c45c   0x00000052   Code   RO         1458    i.sync_window       ff.o
    0x0800c4ae   0x00000002   PAD
    0x0800c4b0   0x000000dc   Code   RO          253    i.uart_init         usart.o
    0x0800c58c   0x00000150   Code   RO         2176    x$fpl$dadd          fz_ws.l(daddsub_clz.o)
    0x0800c6dc   0x00000018   Code   RO         2264    x$fpl$dcmpinf       fz_ws.l(dcmpi.o)
    0x0800c6f4   0x0000005a   Code   RO         2182    x$fpl$dfixu         fz_ws.l(dfixu.o)
    0x0800c74e   0x0000002e   Code   RO         2187    x$fpl$dflt          fz_ws.l(dflt_clz.o)
    0x0800c77c   0x00000026   Code   RO         2186    x$fpl$dfltu         fz_ws.l(dflt_clz.o)
    0x0800c7a2   0x00000002   PAD
    0x0800c7a4   0x00000078   Code   RO         2192    x$fpl$dleqf         fz_ws.l(dleqf.o)
    0x0800c81c   0x00000154   Code   RO         2194    x$fpl$dmul          fz_ws.l(dmul.o)
    0x0800c970   0x0000009c   Code   RO         2266    x$fpl$dnaninf       fz_ws.l(dnaninf.o)
    0x0800ca0c   0x0000000c   Code   RO         2268    x$fpl$dretinf       fz_ws.l(dretinf.o)
    0x0800ca18   0x0000006c   Code   RO         2196    x$fpl$drleqf        fz_ws.l(drleqf.o)
    0x0800ca84   0x00000016   Code   RO         2177    x$fpl$drsb          fz_ws.l(daddsub_clz.o)
    0x0800ca9a   0x00000002   PAD
    0x0800ca9c   0x000001cc   Code   RO         2270    x$fpl$dsqrt         fz_ws.l(dsqrt_noumaal.o)
    0x0800cc68   0x000001d4   Code   RO         2178    x$fpl$dsub          fz_ws.l(daddsub_clz.o)
    0x0800ce3c   0x00000056   Code   RO         2198    x$fpl$f2d           fz_ws.l(f2d.o)
    0x0800ce92   0x00000002   PAD
    0x0800ce94   0x000000c4   Code   RO         2200    x$fpl$fadd          fz_ws.l(faddsub_clz.o)
    0x0800cf58   0x0000000c   Code   RO         2329    x$fpl$fcheck1       fz_ws.l(fcheck1.o)
    0x0800cf64   0x00000018   Code   RO         2272    x$fpl$fcmpinf       fz_ws.l(fcmpi.o)
    0x0800cf7c   0x00000184   Code   RO         2207    x$fpl$fdiv          fz_ws.l(fdiv.o)
    0x0800d100   0x00000036   Code   RO         2212    x$fpl$ffix          fz_ws.l(ffix.o)
    0x0800d136   0x00000002   PAD
    0x0800d138   0x00000052   Code   RO         2213    x$fpl$ffixr         fz_ws.l(ffix.o)
    0x0800d18a   0x00000002   PAD
    0x0800d18c   0x0000003e   Code   RO         2216    x$fpl$ffixu         fz_ws.l(ffixu.o)
    0x0800d1ca   0x00000002   PAD
    0x0800d1cc   0x00000030   Code   RO         2221    x$fpl$fflt          fz_ws.l(fflt_clz.o)
    0x0800d1fc   0x00000026   Code   RO         2220    x$fpl$ffltu         fz_ws.l(fflt_clz.o)
    0x0800d222   0x00000002   PAD
    0x0800d224   0x00000068   Code   RO         2226    x$fpl$fleqf         fz_ws.l(fleqf.o)
    0x0800d28c   0x00000102   Code   RO         2228    x$fpl$fmul          fz_ws.l(fmul.o)
    0x0800d38e   0x0000008c   Code   RO         2274    x$fpl$fnaninf       fz_ws.l(fnaninf.o)
    0x0800d41a   0x0000000a   Code   RO         2276    x$fpl$fretinf       fz_ws.l(fretinf.o)
    0x0800d424   0x00000014   Code   RO         2201    x$fpl$frsb          fz_ws.l(faddsub_clz.o)
    0x0800d438   0x000000ea   Code   RO         2202    x$fpl$fsub          fz_ws.l(faddsub_clz.o)
    0x0800d522   0x00000064   Code   RO         2348    x$fpl$retnan        fz_ws.l(retnan.o)
    0x0800d586   0x0000004c   Code   RO         2280    x$fpl$scalbnf       fz_ws.l(scalbnf.o)
    0x0800d5d2   0x00000030   Code   RO         2401    x$fpl$trapveneer    fz_ws.l(trapv.o)
    0x0800d602   0x00000000   Code   RO         2282    x$fpl$usenofp       fz_ws.l(usenofp.o)
    0x0800d602   0x000017c0   Data   RO          335    .constdata          ili93xx.o
    0x0800edc2   0x0000000a   Data   RO         1061    .constdata          ft5206.o
    0x0800edcc   0x000000c2   Data   RO         1099    .constdata          gt9147.o
    0x0800ee8e   0x0000000a   Data   RO         1139    .constdata          ott2001a.o
    0x0800ee98   0x00000004   Data   RO         1187    .constdata          touch.o
    0x0800ee9c   0x00000018   Data   RO         1282    .constdata          malloc.o
    0x0800eeb4   0x0000848e   Data   RO         2056    .constdata          ATKNCR_M_V2.0.lib(recognition.o)
    0x08017342   0x00000028   Data   RO         2120    .constdata          c_w.l(_printf_hex_int.o)
    0x0801736a   0x00000002   PAD
    0x0801736c   0x00000140   Data   RO         2232    .constdata          m_ws.l(powf.o)
    0x080174ac   0x00000079   Data   RO         1188    .conststring        touch.o
    0x08017525   0x00000003   PAD
    0x08017528   0x00000020   Data   RO         2475    Region$$Table       anon$$obj.o


    Execution Region RW_IRAM1 (Base: 0x20000000, Size: 0x0000c5f0, Max: 0x00010000, ABSOLUTE)

    Base Addr    Size         Type   Attr      Idx    E Section Name        Object

    0x20000000   0x00000004   Data   RW          145    .data               delay.o
    0x20000004   0x00000006   Data   RW          255    .data               usart.o
    0x2000000a   0x00000004   Data   RW          336    .data               ili93xx.o
    0x2000000e   0x00000001   Data   RW          515    .data               key.o
    0x2000000f   0x00000001   PAD
    0x20000010   0x00000010   Data   RW          565    .data               sdio_sdcard.o
    0x20000020   0x00000002   Data   RW          805    .data               w25qxx.o
    0x20000022   0x00000001   Data   RW         1062    .data               ft5206.o
    0x20000023   0x00000001   Data   RW         1100    .data               gt9147.o
    0x20000024   0x00000001   Data   RW         1140    .data               ott2001a.o
    0x20000025   0x00000003   PAD
    0x20000028   0x00000036   Data   RW         1189    .data               touch.o
    0x2000005e   0x00000002   PAD
    0x20000060   0x0000001c   Data   RW         1283    .data               malloc.o
    0x2000007c   0x00000002   Data   RW         1348    .data               diskio.o
    0x2000007e   0x00000002   PAD
    0x20000080   0x0000000a   Data   RW         1461    .data               ff.o
    0x2000008a   0x00000002   PAD
    0x2000008c   0x0000001c   Data   RW         1751    .data               exfuns.o
    0x200000a8   0x0000001c   Data   RW         2057    .data               ATKNCR_M_V2.0.lib(recognition.o)
    0x200000c4   0x00000320   Zero   RW           15    .bss                test.o
    0x200003e4   0x000000c8   Zero   RW          254    .bss                usart.o
    0x200004ac   0x0000000e   Zero   RW          334    .bss                ili93xx.o
    0x200004ba   0x00000006   PAD
    0x200004c0   0x00000278   Zero   RW          564    .bss                sdio_sdcard.o
    0x20000738   0x00001000   Zero   RW          804    .bss                w25qxx.o
    0x20001738   0x00000008   PAD
    0x20001740   0x0000aa00   Zero   RW         1281    .bss                malloc.o
    0x2000c140   0x00000021   Zero   RW         1958    .bss                fontupd.o
    0x2000c161   0x00000003   PAD
    0x2000c164   0x00000028   Zero   RW         2055    .bss                ATKNCR_M_V2.0.lib(recognition.o)
    0x2000c18c   0x00000060   Zero   RW         2332    .bss                c_w.l(libspace.o)
    0x2000c1ec   0x00000004   PAD
    0x2000c1f0   0x00000000   Zero   RW            2    HEAP                startup_stm32f10x_hd.o
    0x2000c1f0   0x00000400   Zero   RW            1    STACK               startup_stm32f10x_hd.o



  Load Region LR$$.ARM.__AT_0x68000000 (Base: 0x68000000, Size: 0x00000000, Max: 0x000f0000, ABSOLUTE)

    Execution Region ER$$.ARM.__AT_0x68000000 (Base: 0x68000000, Size: 0x000f0000, Max: 0x000f0000, ABSOLUTE, UNINIT)

    Base Addr    Size         Type   Attr      Idx    E Section Name        Object

    0x68000000   0x000f0000   Zero   RW         1279    .ARM.__AT_0x68000000  malloc.o



  Load Region LR$$.ARM.__AT_0x680F0000 (Base: 0x680f0000, Size: 0x00000000, Max: 0x0000f000, ABSOLUTE)

    Execution Region ER$$.ARM.__AT_0x680F0000 (Base: 0x680f0000, Size: 0x0000f000, Max: 0x0000f000, ABSOLUTE, UNINIT)

    Base Addr    Size         Type   Attr      Idx    E Section Name        Object

    0x680f0000   0x0000f000   Zero   RW         1280    .ARM.__AT_0x680F0000  malloc.o


==============================================================================

Image component sizes


      Code (inc. data)   RO Data    RW Data    ZI Data      Debug   Object Name

       246          0          0          0          0       3595   24cxx.o
        48          0          0          0          0       1820   atk_ncr.o
       750        132          0          0          0       5293   ctiic.o
       184         16          0          4          0       1975   delay.o
       306          4          0          2          0       4622   diskio.o
       132         18          0         28          0       1778   exfuns.o
      1360         26          0         10          0      10830   ff.o
        68          4          0          0         33       2321   fontupd.o
       802         42         10          1          0       3853   ft5206.o
      1098         80        194          1          0       4774   gt9147.o
     17762        216       6080          4         14      26783   ili93xx.o
       272         36          0          1          0       1242   key.o
       112         12          0          0          0        515   led.o
       504         60         24         28    1088000       6629   malloc.o
       688        104          0          0          0       4714   myiic.o
       858         64         10          1          0       4439   ott2001a.o
      6736        336          0         16        632      34867   sdio_sdcard.o
       312         28          0          0          0       1797   spi.o
        52         18        304          0       1024        852   startup_stm32f10x_hd.o
       436         44          0          0          0       4121   sys.o
      1608        230          0          0        800     213414   test.o
       618         14          0          0          0       3495   text.o
      3964        270        125         54          0      11013   touch.o
       386         36          0          6        200       4444   usart.o
       752         74          0          2       4096       7417   w25qxx.o

    ----------------------------------------------------------------------
     40086       1864       6782        168    1094816     366603   Object Totals
         0          0         32          0          0          0   (incl. Generated)
        32          0          3         10         17          0   (incl. Padding)

    ----------------------------------------------------------------------

      Code (inc. data)   RO Data    RW Data    ZI Data      Debug   Library Member Name

      7104        142      33934         28         40      12863   recognition.o
         8          0          0          0          0         68   __main.o
       104          0          0          0          0         84   __printf.o
         0          0          0          0          0          0   __rtentry.o
        12          0          0          0          0          0   __rtentry2.o
         6          0          0          0          0          0   __rtentry4.o
        52          8          0          0          0          0   __scatter.o
        26          0          0          0          0          0   __scatter_copy.o
        28          0          0          0          0          0   __scatter_zi.o
        44          0          0          0          0        108   _printf_char.o
        48          6          0          0          0         96   _printf_char_common.o
        36          4          0          0          0         80   _printf_char_file.o
         6          0          0          0          0          0   _printf_d.o
       120         16          0          0          0         92   _printf_dec.o
        88          4         40          0          0         88   _printf_hex_int.o
       178          0          0          0          0         88   _printf_intcommon.o
         0          0          0          0          0          0   _printf_percent.o
         4          0          0          0          0          0   _printf_percent_end.o
         6          0          0          0          0          0   _printf_s.o
        82          0          0          0          0         80   _printf_str.o
         6          0          0          0          0          0   _printf_x.o
        22          0          0          0          0        100   _rserrno.o
        12          0          0          0          0         72   exit.o
         8          0          0          0          0         68   ferror.o
         6          0          0          0          0        152   heapauxi.o
         2          0          0          0          0          0   libinit.o
         2          0          0          0          0          0   libinit2.o
         2          0          0          0          0          0   libshutdown.o
         2          0          0          0          0          0   libshutdown2.o
         8          4          0          0         96         68   libspace.o
        24          4          0          0          0         84   noretval__2printf.o
         8          4          0          0          0         68   rt_errno_addr_intlibspace.o
       138          0          0          0          0         68   rt_memcpy_v6.o
       100          0          0          0          0         80   rt_memcpy_w.o
         2          0          0          0          0          0   rtexit.o
        10          0          0          0          0          0   rtexit2.o
       128          0          0          0          0         68   strcmpv7m.o
        74          0          0          0          0         80   sys_stackheap_outer.o
         2          0          0          0          0         68   use_no_semi.o
         2          0          0          0          0         68   use_no_semi_2.o
       826         16          0          0          0        348   daddsub_clz.o
        24          0          0          0          0         68   dcmpi.o
        90          4          0          0          0         92   dfixu.o
        84          0          0          0          0        136   dflt_clz.o
       120          4          0          0          0         92   dleqf.o
       340         12          0          0          0        104   dmul.o
       156          4          0          0          0         92   dnaninf.o
        12          0          0          0          0         68   dretinf.o
       108          0          0          0          0         80   drleqf.o
       460         56          0          0          0        120   dsqrt_noumaal.o
        86          4          0          0          0         84   f2d.o
       450          8          0          0          0        236   faddsub_clz.o
        12          4          0          0          0         68   fcheck1.o
        24          0          0          0          0         68   fcmpi.o
       388         76          0          0          0         96   fdiv.o
       136          8          0          0          0        168   ffix.o
        62          4          0          0          0         84   ffixu.o
        86          0          0          0          0        136   fflt_clz.o
       104          4          0          0          0         84   fleqf.o
       258          4          0          0          0         84   fmul.o
       140          4          0          0          0         84   fnaninf.o
        10          0          0          0          0         68   fretinf.o
       100          0          0          0          0         68   retnan.o
        76          0          0          0          0         68   scalbnf.o
        48          0          0          0          0         68   trapv.o
         0          0          0          0          0          0   usenofp.o
        38          0          0          0          0         68   fpclassifyf.o
        42          0          0          0          0        340   funder.o
      1508         76        320          0          0        224   powf.o
        76          0          0          0          0         84   sqrt.o

    ----------------------------------------------------------------------
     14396        480      34296         28        140      18071   Library Totals
        22          0          2          0          4          0   (incl. Padding)

    ----------------------------------------------------------------------

      Code (inc. data)   RO Data    RW Data    ZI Data      Debug   Library Name

      7104        142      33934         28         40      12863   ATKNCR_M_V2.0.lib
      1406         50         40          0         96       1828   c_w.l
      4200        212          0          0          0       2664   fz_ws.l
      1664         76        320          0          0        716   m_ws.l

    ----------------------------------------------------------------------
     14396        480      34296         28        140      18071   Library Totals

    ----------------------------------------------------------------------

==============================================================================


      Code (inc. data)   RO Data    RW Data    ZI Data      Debug   

     54482       2344      41078        196    1094956     373698   Grand Totals
     54482       2344      41078        196    1094956     373698   ELF Image Totals
     54482       2344      41078        196          0          0   ROM Totals

==============================================================================

    Total RO  Size (Code + RO Data)                95560 (  93.32kB)
    Total RW  Size (RW Data + ZI Data)           1095152 (1069.48kB)
    Total ROM Size (Code + RO Data + RW Data)      95756 (  93.51kB)

==============================================================================

