Component: ARM Compiler 5.05 (build 41) Tool: armlink [4d0eb9]

==============================================================================

Section Cross References

    main.o(i.Display) refers to ffixu.o(x$fpl$ffixu) for __aeabi_f2uiz
    main.o(i.Display) refers to oled.o(i.OLED_ShowNum) for OLED_ShowNum
    main.o(i.Display) refers to oled.o(i.OLED_ShowCHinese) for OLED_ShowCHinese
    main.o(i.Display) refers to main.o(.data) for m1
    main.o(i.Rc522_read) refers to rc522.o(i.PcdRequest) for PcdRequest
    main.o(i.Rc522_read) refers to rc522.o(i.PcdAnticoll) for PcdAnticoll
    main.o(i.Rc522_read) refers to rc522.o(i.PcdSelect) for PcdSelect
    main.o(i.Rc522_read) refers to rc522.o(i.PcdAuthState) for PcdAuthState
    main.o(i.Rc522_read) refers to oled.o(i.OLED_ShowNum) for OLED_ShowNum
    main.o(i.Rc522_read) refers to main.o(.data) for CT
    main.o(i.date_read) refers to csb.o(i.Read_Distane) for Read_Distane
    main.o(i.date_read) refers to fflt_clz.o(x$fpl$ffltu) for __aeabi_ui2f
    main.o(i.date_read) refers to adc.o(i.Get_Adc_Average) for Get_Adc_Average
    main.o(i.date_read) refers to ds18b20.o(i.DS18B20_Get_Temp) for DS18B20_Get_Temp
    main.o(i.date_read) refers to dht11.o(i.DHT11_Read_Data) for DHT11_Read_Data
    main.o(i.date_read) refers to ffix.o(x$fpl$ffix) for __aeabi_f2iz
    main.o(i.date_read) refers to main.o(.data) for Distance
    main.o(i.date_read) refers to main.o(.bss) for tmp_buf
    main.o(i.main) refers to delay.o(i.delay_init) for delay_init
    main.o(i.main) refers to usart.o(i.uart_init) for uart_init
    main.o(i.main) refers to led.o(i.LED_Init) for LED_Init
    main.o(i.main) refers to led.o(i.KEY_Init) for KEY_Init
    main.o(i.main) refers to oled.o(i.OLED_Init) for OLED_Init
    main.o(i.main) refers to csb.o(i.TIM3_Cap_Init) for TIM3_Cap_Init
    main.o(i.main) refers to rc522.o(i.InitRc522) for InitRc522
    main.o(i.main) refers to dht11.o(i.DHT11_Init) for DHT11_Init
    main.o(i.main) refers to ds18b20.o(i.DS18B20_Init) for DS18B20_Init
    main.o(i.main) refers to 24l01.o(i.NRF24L01_Init) for NRF24L01_Init
    main.o(i.main) refers to 24l01.o(i.NRF24L01_Check) for NRF24L01_Check
    main.o(i.main) refers to oled.o(i.OLED_Clear) for OLED_Clear
    main.o(i.main) refers to adc.o(i.Adc_Init) for Adc_Init
    main.o(i.main) refers to 24l01.o(i.NRF24L01_TX_Mode) for NRF24L01_TX_Mode
    main.o(i.main) refers to oled.o(i.OLED_ShowString) for OLED_ShowString
    main.o(i.main) refers to oled.o(i.OLED_ShowCHinese) for OLED_ShowCHinese
    main.o(i.main) refers to oled.o(i.OLED_ShowChar) for OLED_ShowChar
    main.o(i.main) refers to 24l01.o(i.NRF24L01_TxPacket) for NRF24L01_TxPacket
    main.o(i.main) refers to main.o(i.date_read) for date_read
    main.o(i.main) refers to main.o(i.Display) for Display
    main.o(i.main) refers to main.o(i.Rc522_read) for Rc522_read
    main.o(i.main) refers to main.o(.bss) for tmp_buf
    system_stm32f10x.o(i.SetSysClock) refers to system_stm32f10x.o(i.SetSysClockTo72) for SetSysClockTo72
    system_stm32f10x.o(i.SystemCoreClockUpdate) refers to system_stm32f10x.o(.data) for SystemCoreClock
    system_stm32f10x.o(i.SystemInit) refers to system_stm32f10x.o(i.SetSysClock) for SetSysClock
    led.o(i.LED_Init) refers to stm32f10x_rcc.o(i.RCC_APB2PeriphClockCmd) for RCC_APB2PeriphClockCmd
    led.o(i.LED_Init) refers to stm32f10x_gpio.o(i.GPIO_Init) for GPIO_Init
    led.o(i.LED_Init) refers to stm32f10x_gpio.o(i.GPIO_SetBits) for GPIO_SetBits
    oled.o(i.IIC_start) refers to stm32f10x_gpio.o(i.GPIO_SetBits) for GPIO_SetBits
    oled.o(i.IIC_start) refers to stm32f10x_gpio.o(i.GPIO_ResetBits) for GPIO_ResetBits
    oled.o(i.IIC_stop) refers to stm32f10x_gpio.o(i.GPIO_SetBits) for GPIO_SetBits
    oled.o(i.IIC_stop) refers to stm32f10x_gpio.o(i.GPIO_ResetBits) for GPIO_ResetBits
    oled.o(i.IIC_wait_Ack) refers to stm32f10x_gpio.o(i.GPIO_SetBits) for GPIO_SetBits
    oled.o(i.IIC_wait_Ack) refers to stm32f10x_gpio.o(i.GPIO_ResetBits) for GPIO_ResetBits
    oled.o(i.OLED_Clear) refers to oled.o(i.OLED_WR_Byte) for OLED_WR_Byte
    oled.o(i.OLED_Display_Off) refers to oled.o(i.OLED_WR_Byte) for OLED_WR_Byte
    oled.o(i.OLED_Display_On) refers to oled.o(i.OLED_WR_Byte) for OLED_WR_Byte
    oled.o(i.OLED_DrawBMP) refers to oled.o(i.OLED_Set_Pos) for OLED_Set_Pos
    oled.o(i.OLED_DrawBMP) refers to oled.o(i.OLED_WR_Byte) for OLED_WR_Byte
    oled.o(i.OLED_Init) refers to stm32f10x_rcc.o(i.RCC_APB2PeriphClockCmd) for RCC_APB2PeriphClockCmd
    oled.o(i.OLED_Init) refers to stm32f10x_gpio.o(i.GPIO_Init) for GPIO_Init
    oled.o(i.OLED_Init) refers to stm32f10x_gpio.o(i.GPIO_SetBits) for GPIO_SetBits
    oled.o(i.OLED_Init) refers to delay.o(i.delay_ms) for delay_ms
    oled.o(i.OLED_Init) refers to oled.o(i.OLED_WR_Byte) for OLED_WR_Byte
    oled.o(i.OLED_On) refers to oled.o(i.OLED_WR_Byte) for OLED_WR_Byte
    oled.o(i.OLED_Set_Pos) refers to oled.o(i.OLED_WR_Byte) for OLED_WR_Byte
[...]
    Removing sys.o(i.Sys_Standby), (76 bytes).
    Removing sys.o(i.WFI_SET), (4 bytes).
    Removing core_cm3.o(.emb_text), (32 bytes).
    Removing stm32f10x_gpio.o(i.GPIO_AFIODeInit), (20 bytes).
    Removing stm32f10x_gpio.o(i.GPIO_DeInit), (200 bytes).
    Removing stm32f10x_gpio.o(i.GPIO_ETH_MediaInterfaceConfig), (12 bytes).
    Removing stm32f10x_gpio.o(i.GPIO_EXTILineConfig), (64 bytes).
    Removing stm32f10x_gpio.o(i.GPIO_EventOutputCmd), (12 bytes).
    Removing stm32f10x_gpio.o(i.GPIO_EventOutputConfig), (32 bytes).
    Removing stm32f10x_gpio.o(i.GPIO_PinLockConfig), (18 bytes).
    Removing stm32f10x_gpio.o(i.GPIO_PinRemapConfig), (144 bytes).
    Removing stm32f10x_gpio.o(i.GPIO_ReadInputData), (8 bytes).
    Removing stm32f10x_gpio.o(i.GPIO_ReadInputDataBit), (18 bytes).
    Removing stm32f10x_gpio.o(i.GPIO_ReadOutputData), (8 bytes).
    Removing stm32f10x_gpio.o(i.GPIO_ReadOutputDataBit), (18 bytes).
    Removing stm32f10x_gpio.o(i.GPIO_StructInit), (16 bytes).
    Removing stm32f10x_gpio.o(i.GPIO_Write), (4 bytes).
    Removing stm32f10x_gpio.o(i.GPIO_WriteBit), (10 bytes).
    Removing stm32f10x_rcc.o(i.RCC_ADCCLKConfig), (24 bytes).
    Removing stm32f10x_rcc.o(i.RCC_AHBPeriphClockCmd), (32 bytes).
    Removing stm32f10x_rcc.o(i.RCC_APB1PeriphClockCmd), (32 bytes).
    Removing stm32f10x_rcc.o(i.RCC_APB1PeriphResetCmd), (32 bytes).
    Removing stm32f10x_rcc.o(i.RCC_APB2PeriphResetCmd), (32 bytes).
    Removing stm32f10x_rcc.o(i.RCC_AdjustHSICalibrationValue), (24 bytes).
    Removing stm32f10x_rcc.o(i.RCC_BackupResetCmd), (12 bytes).
    Removing stm32f10x_rcc.o(i.RCC_ClearFlag), (20 bytes).
    Removing stm32f10x_rcc.o(i.RCC_ClearITPendingBit), (12 bytes).
    Removing stm32f10x_rcc.o(i.RCC_ClockSecuritySystemCmd), (12 bytes).
    Removing stm32f10x_rcc.o(i.RCC_DeInit), (76 bytes).
    Removing stm32f10x_rcc.o(i.RCC_GetClocksFreq), (212 bytes).
    Removing stm32f10x_rcc.o(i.RCC_GetFlagStatus), (60 bytes).
    Removing stm32f10x_rcc.o(i.RCC_GetITStatus), (24 bytes).
    Removing stm32f10x_rcc.o(i.RCC_GetSYSCLKSource), (16 bytes).
    Removing stm32f10x_rcc.o(i.RCC_HCLKConfig), (24 bytes).
    Removing stm32f10x_rcc.o(i.RCC_HSEConfig), (76 bytes).
    Removing stm32f10x_rcc.o(i.RCC_HSICmd), (12 bytes).
    Removing stm32f10x_rcc.o(i.RCC_ITConfig), (32 bytes).
    Removing stm32f10x_rcc.o(i.RCC_LSEConfig), (52 bytes).
    Removing stm32f10x_rcc.o(i.RCC_LSICmd), (12 bytes).
    Removing stm32f10x_rcc.o(i.RCC_MCOConfig), (12 bytes).
    Removing stm32f10x_rcc.o(i.RCC_PCLK1Config), (24 bytes).
    Removing stm32f10x_rcc.o(i.RCC_PCLK2Config), (24 bytes).
    Removing stm32f10x_rcc.o(i.RCC_PLLCmd), (12 bytes).
    Removing stm32f10x_rcc.o(i.RCC_PLLConfig), (28 bytes).
    Removing stm32f10x_rcc.o(i.RCC_RTCCLKCmd), (12 bytes).
    Removing stm32f10x_rcc.o(i.RCC_RTCCLKConfig), (16 bytes).
    Removing stm32f10x_rcc.o(i.RCC_SYSCLKConfig), (24 bytes).
    Removing stm32f10x_rcc.o(i.RCC_USBCLKConfig), (12 bytes).
    Removing stm32f10x_rcc.o(i.RCC_WaitForHSEStartUp), (56 bytes).
    Removing stm32f10x_rcc.o(.data), (20 bytes).
    Removing stm32f10x_usart.o(i.USART_ClearFlag), (18 bytes).
    Removing stm32f10x_usart.o(i.USART_ClearITPendingBit), (30 bytes).
    Removing stm32f10x_usart.o(i.USART_ClockInit), (34 bytes).
    Removing stm32f10x_usart.o(i.USART_ClockStructInit), (12 bytes).
    Removing stm32f10x_usart.o(i.USART_Cmd), (24 bytes).
    Removing stm32f10x_usart.o(i.USART_DMACmd), (18 bytes).
    Removing stm32f10x_usart.o(i.USART_DeInit), (156 bytes).
    Removing stm32f10x_usart.o(i.USART_GetFlagStatus), (26 bytes).
    Removing stm32f10x_usart.o(i.USART_GetITStatus), (84 bytes).
    Removing stm32f10x_usart.o(i.USART_HalfDuplexCmd), (24 bytes).
    Removing stm32f10x_usart.o(i.USART_ITConfig), (74 bytes).
    Removing stm32f10x_usart.o(i.USART_Init), (216 bytes).
    Removing stm32f10x_usart.o(i.USART_IrDACmd), (24 bytes).
    Removing stm32f10x_usart.o(i.USART_IrDAConfig), (18 bytes).
    Removing stm32f10x_usart.o(i.USART_LINBreakDetectLengthConfig), (18 bytes).
    Removing stm32f10x_usart.o(i.USART_LINCmd), (24 bytes).
    Removing stm32f10x_usart.o(i.USART_OneBitMethodCmd), (24 bytes).
    Removing stm32f10x_usart.o(i.USART_OverSampling8Cmd), (22 bytes).
    Removing stm32f10x_usart.o(i.USART_ReceiveData), (10 bytes).
    Removing stm32f10x_usart.o(i.USART_ReceiverWakeUpCmd), (24 bytes).
    Removing stm32f10x_usart.o(i.USART_SendBreak), (10 bytes).
    Removing stm32f10x_usart.o(i.USART_SendData), (8 bytes).
    Removing stm32f10x_usart.o(i.USART_SetAddress), (18 bytes).
    Removing stm32f10x_usart.o(i.USART_SetGuardTime), (16 bytes).
    Removing stm32f10x_usart.o(i.USART_SetPrescaler), (16 bytes).
    Removing stm32f10x_usart.o(i.USART_SmartCardCmd), (24 bytes).
    Removing stm32f10x_usart.o(i.USART_SmartCardNACKCmd), (24 bytes).
    Removing stm32f10x_usart.o(i.USART_StructInit), (24 bytes).
    Removing stm32f10x_usart.o(i.USART_WakeUpConfig), (18 bytes).
    Removing misc.o(i.NVIC_Init), (112 bytes).
    Removing misc.o(i.NVIC_PriorityGroupConfig), (20 bytes).
    Removing misc.o(i.NVIC_SetVectorTable), (20 bytes).
    Removing misc.o(i.NVIC_SystemLPConfig), (32 bytes).
    Removing misc.o(i.SysTick_CLKSourceConfig), (40 bytes).

110 unused section(s) (total 4904 bytes) removed from the image.

==============================================================================

Image Symbol Table

    Local Symbols

    Symbol Name                              Value     Ov Type        Size  Object(Section)

    ../clib/angel/boardlib.s                 0x00000000   Number         0  boardshut.o ABSOLUTE
    ../clib/angel/boardlib.s                 0x00000000   Number         0  boardinit1.o ABSOLUTE
    ../clib/angel/boardlib.s                 0x00000000   Number         0  boardinit3.o ABSOLUTE
    ../clib/angel/boardlib.s                 0x00000000   Number         0  boardinit2.o ABSOLUTE
    ../clib/angel/dczerorl2.s                0x00000000   Number         0  __dczerorl2.o ABSOLUTE
    ../clib/angel/handlers.s                 0x00000000   Number         0  __scatter_zi.o ABSOLUTE
    ../clib/angel/kernel.s                   0x00000000   Number         0  rtexit2.o ABSOLUTE
    ../clib/angel/kernel.s                   0x00000000   Number         0  __rtentry.o ABSOLUTE
    ../clib/angel/kernel.s                   0x00000000   Number         0  __rtentry4.o ABSOLUTE
    ../clib/angel/kernel.s                   0x00000000   Number         0  rtexit.o ABSOLUTE
    ../clib/angel/kernel.s                   0x00000000   Number         0  __rtentry2.o ABSOLUTE
    ../clib/angel/rt.s                       0x00000000   Number         0  rt_raise.o ABSOLUTE
    ../clib/angel/scatter.s                  0x00000000   Number         0  __scatter.o ABSOLUTE
    ../clib/angel/startup.s                  0x00000000   Number         0  __main.o ABSOLUTE
    ../clib/angel/sys.s                      0x00000000   Number         0  use_no_semi.o ABSOLUTE
    ../clib/angel/sys.s                      0x00000000   Number         0  sys_stackheap_outer.o ABSOLUTE
    ../clib/angel/sys.s                      0x00000000   Number         0  indicate_semi.o ABSOLUTE
    ../clib/angel/sys.s                      0x00000000   Number         0  libspace.o ABSOLUTE
    ../clib/angel/sys.s                      0x00000000   Number         0  use_no_semi_2.o ABSOLUTE
    ../clib/angel/sysapp.c                   0x00000000   Number         0  sys_wrch.o ABSOLUTE
    ../clib/angel/sysapp.c                   0x00000000   Number         0  sys_command.o ABSOLUTE
    ../clib/armsys.c                         0x00000000   Number         0  argv_veneer.o ABSOLUTE
    ../clib/armsys.c                         0x00000000   Number         0  no_argv.o ABSOLUTE
    ../clib/armsys.c                         0x00000000   Number         0  argv_veneer.o ABSOLUTE
    ../clib/armsys.c                         0x00000000   Number         0  _get_argv_nomalloc.o ABSOLUTE
    ../clib/heapalloc.c                      0x00000000   Number         0  hrguard.o ABSOLUTE
    ../clib/heapaux.c                        0x00000000   Number         0  heapauxi.o ABSOLUTE
    ../clib/libinit.s                        0x00000000   Number         0  libinit2.o ABSOLUTE
    ../clib/libinit.s                        0x00000000   Number         0  libshutdown2.o ABSOLUTE
    ../clib/libinit.s                        0x00000000   Number         0  libinit.o ABSOLUTE
    ../clib/libinit.s                        0x00000000   Number         0  libshutdown.o ABSOLUTE
    ../clib/printf.c                         0x00000000   Number         0  _printf_char_file.o ABSOLUTE
    ../clib/printf.c                         0x00000000   Number         0  _printf_char_common.o ABSOLUTE
    ../clib/printf.c                         0x00000000   Number         0  __printf_nopercent.o ABSOLUTE
    ../clib/printf.c                         0x00000000   Number         0  __printf_ss.o ABSOLUTE
    ../clib/printf.c                         0x00000000   Number         0  __printf_flags.o ABSOLUTE
    ../clib/printf.c                         0x00000000   Number         0  _printf_dec.o ABSOLUTE
    ../clib/printf.c                         0x00000000   Number         0  __printf.o ABSOLUTE
    ../clib/printf.c                         0x00000000   Number         0  noretval__2printf.o ABSOLUTE
    ../clib/printf.c                         0x00000000   Number         0  __2printf.o ABSOLUTE
    ../clib/printf.c                         0x00000000   Number         0  __printf_flags_wp.o ABSOLUTE
    ../clib/printf.c                         0x00000000   Number         0  __printf_flags_ss.o ABSOLUTE
    ../clib/printf.c                         0x00000000   Number         0  __printf_flags_ss_wp.o ABSOLUTE
    ../clib/printf.c                         0x00000000   Number         0  _printf_intcommon.o ABSOLUTE
    ../clib/printf.c                         0x00000000   Number         0  __printf_wp.o ABSOLUTE
    ../clib/printf.c                         0x00000000   Number         0  __printf_ss_wp.o ABSOLUTE
    ../clib/printf_percent.s                 0x00000000   Number         0  _printf_percent_end.o ABSOLUTE
    ../clib/printf_percent.s                 0x00000000   Number         0  _printf_d.o ABSOLUTE
    ../clib/printf_percent.s                 0x00000000   Number         0  _printf_percent.o ABSOLUTE
    ../clib/signal.c                         0x00000000   Number         0  defsig_cppl_inner.o ABSOLUTE
    ../clib/signal.c                         0x00000000   Number         0  defsig_rtred_inner.o ABSOLUTE
    ../clib/signal.c                         0x00000000   Number         0  defsig_exit.o ABSOLUTE
    ../clib/signal.c                         0x00000000   Number         0  defsig_rtmem_inner.o ABSOLUTE
    ../clib/signal.c                         0x00000000   Number         0  __raise.o ABSOLUTE
    ../clib/signal.c                         0x00000000   Number         0  defsig_rtmem_outer.o ABSOLUTE
    ../clib/signal.c                         0x00000000   Number         0  defsig_general.o ABSOLUTE
    ../clib/signal.c                         0x00000000   Number         0  defsig_rtmem_formal.o ABSOLUTE
    ../clib/signal.c                         0x00000000   Number         0  defsig_abrt_inner.o ABSOLUTE
    ../clib/signal.c                         0x00000000   Number         0  defsig_stak_inner.o ABSOLUTE
    ../clib/signal.c                         0x00000000   Number         0  defsig_fpe_inner.o ABSOLUTE
    ../clib/signal.c                         0x00000000   Number         0  defsig_pvfn_inner.o ABSOLUTE
    ../clib/signal.c                         0x00000000   Number         0  defsig_other.o ABSOLUTE
    ../clib/signal.c                         0x00000000   Number         0  defsig_segv_inner.o ABSOLUTE
    ../clib/signal.s                         0x00000000   Number         0  defsig.o ABSOLUTE
    ../clib/stdio.c                          0x00000000   Number         0  ferror.o ABSOLUTE
    ../clib/stdio.c                          0x00000000   Number         0  ferror_locked.o ABSOLUTE
    ../clib/stdlib.c                         0x00000000   Number         0  exit.o ABSOLUTE
    ../fplib/dfix.s                          0x00000000   Number         0  dfix.o ABSOLUTE
    ../fplib/dmul.s                          0x00000000   Number         0  dmul.o ABSOLUTE
    ../fplib/dnaninf.s                       0x00000000   Number         0  dnaninf.o ABSOLUTE
    ../fplib/dretinf.s                       0x00000000   Number         0  dretinf.o ABSOLUTE
    ../fplib/f2d.s                           0x00000000   Number         0  f2d.o ABSOLUTE
    ../fplib/faddsub.s                       0x00000000   Number         0  faddsub_clz.o ABSOLUTE
    ../fplib/fdiv.s                          0x00000000   Number         0  fdiv.o ABSOLUTE
    ../fplib/ffix.s                          0x00000000   Number         0  ffix.o ABSOLUTE
    ../fplib/ffixu.s                         0x00000000   Number         0  ffixu.o ABSOLUTE
    ../fplib/fflt.s                          0x00000000   Number         0  fflt_clz.o ABSOLUTE
    ../fplib/fmul.s                          0x00000000   Number         0  fmul.o ABSOLUTE
    ../fplib/fnaninf.s                       0x00000000   Number         0  fnaninf.o ABSOLUTE
    ../fplib/fpinit.s                        0x00000000   Number         0  fpinit.o ABSOLUTE
    ../fplib/fretinf.s                       0x00000000   Number         0  fretinf.o ABSOLUTE
    ../fplib/usenofp.s                       0x00000000   Number         0  usenofp.o ABSOLUTE
    ..\CORE\core_cm3.c                       0x00000000   Number         0  core_cm3.o ABSOLUTE
    ..\CORE\startup_stm32f10x_hd.s           0x00000000   Number         0  startup_stm32f10x_hd.o ABSOLUTE
    ..\HARDWARE\CSB\csb.c                    0x00000000   Number         0  csb.o ABSOLUTE
    ..\HARDWARE\LED\led.c                    0x00000000   Number         0  led.o ABSOLUTE
    ..\HARDWARE\OLED\oled.c                  0x00000000   Number         0  oled.o ABSOLUTE
    ..\HARDWARE\USE\24l01.c                  0x00000000   Number         0  24l01.o ABSOLUTE
    ..\HARDWARE\USE\adc.c                    0x00000000   Number         0  adc.o ABSOLUTE
    ..\HARDWARE\USE\dht11.c                  0x00000000   Number         0  dht11.o ABSOLUTE
    ..\HARDWARE\USE\ds18b20.c                0x00000000   Number         0  ds18b20.o ABSOLUTE
    ..\HARDWARE\USE\rc522.c                  0x00000000   Number         0  rc522.o ABSOLUTE
    ..\HARDWARE\USE\spi.c                    0x00000000   Number         0  spi.o ABSOLUTE
    ..\STM32F10x_FWLib\src\misc.c            0x00000000   Number         0  misc.o ABSOLUTE
    ..\STM32F10x_FWLib\src\stm32f10x_gpio.c  0x00000000   Number         0  stm32f10x_gpio.o ABSOLUTE
    ..\STM32F10x_FWLib\src\stm32f10x_rcc.c   0x00000000   Number         0  stm32f10x_rcc.o ABSOLUTE
    ..\STM32F10x_FWLib\src\stm32f10x_usart.c 0x00000000   Number         0  stm32f10x_usart.o ABSOLUTE
    ..\SYSTEM\delay\delay.c                  0x00000000   Number         0  delay.o ABSOLUTE
    ..\SYSTEM\sys\sys.c                      0x00000000   Number         0  sys.o ABSOLUTE
    ..\SYSTEM\usart\usart.c                  0x00000000   Number         0  usart.o ABSOLUTE
    ..\\CORE\\core_cm3.c                     0x00000000   Number         0  core_cm3.o ABSOLUTE
    ..\\SYSTEM\\sys\\sys.c                   0x00000000   Number         0  sys.o ABSOLUTE
    dc.s                                     0x00000000   Number         0  dc.o ABSOLUTE
    main.c                                   0x00000000   Number         0  main.o ABSOLUTE
    stm32f10x_it.c                           0x00000000   Number         0  stm32f10x_it.o ABSOLUTE
    system_stm32f10x.c                       0x00000000   Number         0  system_stm32f10x.o ABSOLUTE
    RESET                                    0x08000000   Section      304  startup_stm32f10x_hd.o(RESET)
    !!!main                                  0x08000130   Section        8  __main.o(!!!main)
    !!!scatter                               0x08000138   Section       52  __scatter.o(!!!scatter)
    !!dczerorl2                              0x0800016c   Section       90  __dczerorl2.o(!!dczerorl2)
    !!handler_zi                             0x080001c8   Section       28  __scatter_zi.o(!!handler_zi)
    .ARM.Collect$$_printf_percent$$00000000  0x080001e4   Section        0  _printf_percent.o(.ARM.Collect$$_printf_percent$$00000000)
    .ARM.Collect$$_printf_percent$$00000009  0x080001e4   Section        6  _printf_d.o(.ARM.Collect$$_printf_percent$$00000009)
    .ARM.Collect$$_printf_percent$$00000017  0x080001ea   Section        4  _printf_percent_end.o(.ARM.Collect$$_printf_percent$$00000017)
    .ARM.Collect$$libinit$$00000000          0x080001ee   Section        2  libinit.o(.ARM.Collect$$libinit$$00000000)
    .ARM.Collect$$libinit$$00000002          0x080001f0   Section        0  libinit2.o(.ARM.Collect$$libinit$$00000002)
    .ARM.Collect$$libinit$$00000004          0x080001f0   Section        0  libinit2.o(.ARM.Collect$$libinit$$00000004)
    .ARM.Collect$$libinit$$0000000A          0x080001f0   Section        0  libinit2.o(.ARM.Collect$$libinit$$0000000A)
    .ARM.Collect$$libinit$$0000000C          0x080001f0   Section        0  libinit2.o(.ARM.Collect$$libinit$$0000000C)
    .ARM.Collect$$libinit$$0000000E          0x080001f0   Section        0  libinit2.o(.ARM.Collect$$libinit$$0000000E)
    .ARM.Collect$$libinit$$00000011          0x080001f0   Section        0  libinit2.o(.ARM.Collect$$libinit$$00000011)
    .ARM.Collect$$libinit$$00000013          0x080001f0   Section        0  libinit2.o(.ARM.Collect$$libinit$$00000013)
    .ARM.Collect$$libinit$$00000015          0x080001f0   Section        0  libinit2.o(.ARM.Collect$$libinit$$00000015)
    .ARM.Collect$$libinit$$00000017          0x080001f0   Section        0  libinit2.o(.ARM.Collect$$libinit$$00000017)
    .ARM.Collect$$libinit$$00000019          0x080001f0   Section        0  libinit2.o(.ARM.Collect$$libinit$$00000019)
    .ARM.Collect$$libinit$$0000001B          0x080001f0   Section        0  libinit2.o(.ARM.Collect$$libinit$$0000001B)
    .ARM.Collect$$libinit$$0000001D          0x080001f0   Section        0  libinit2.o(.ARM.Collect$$libinit$$0000001D)
    .ARM.Collect$$libinit$$0000001F          0x080001f0   Section        0  libinit2.o(.ARM.Collect$$libinit$$0000001F)
    .ARM.Collect$$libinit$$00000021          0x080001f0   Section        0  libinit2.o(.ARM.Collect$$libinit$$00000021)
    .ARM.Collect$$libinit$$00000023          0x080001f0   Section        0  libinit2.o(.ARM.Collect$$libinit$$00000023)
    .ARM.Collect$$libinit$$00000025          0x080001f0   Section        0  libinit2.o(.ARM.Collect$$libinit$$00000025)
    .ARM.Collect$$libinit$$0000002C          0x080001f0   Section        0  libinit2.o(.ARM.Collect$$libinit$$0000002C)
    .ARM.Collect$$libinit$$0000002E          0x080001f0   Section        0  libinit2.o(.ARM.Collect$$libinit$$0000002E)
    .ARM.Collect$$libinit$$00000030          0x080001f0   Section        0  libinit2.o(.ARM.Collect$$libinit$$00000030)
    .ARM.Collect$$libinit$$00000032          0x080001f0   Section        0  libinit2.o(.ARM.Collect$$libinit$$00000032)
    .ARM.Collect$$libinit$$00000033          0x080001f0   Section        2  libinit2.o(.ARM.Collect$$libinit$$00000033)
    .ARM.Collect$$libshutdown$$00000000      0x080001f2   Section        2  libshutdown.o(.ARM.Collect$$libshutdown$$00000000)
    .ARM.Collect$$libshutdown$$00000003      0x080001f4   Section        0  libshutdown2.o(.ARM.Collect$$libshutdown$$00000003)
    .ARM.Collect$$libshutdown$$00000006      0x080001f4   Section        0  libshutdown2.o(.ARM.Collect$$libshutdown$$00000006)
    .ARM.Collect$$libshutdown$$00000009      0x080001f4   Section        0  libshutdown2.o(.ARM.Collect$$libshutdown$$00000009)
    .ARM.Collect$$libshutdown$$0000000B      0x080001f4   Section        0  libshutdown2.o(.ARM.Collect$$libshutdown$$0000000B)
    .ARM.Collect$$libshutdown$$0000000E      0x080001f4   Section        0  libshutdown2.o(.ARM.Collect$$libshutdown$$0000000E)
    .ARM.Collect$$libshutdown$$0000000F      0x080001f4   Section        2  libshutdown2.o(.ARM.Collect$$libshutdown$$0000000F)
    .ARM.Collect$$rtentry$$00000000          0x080001f6   Section        0  __rtentry.o(.ARM.Collect$$rtentry$$00000000)
    .ARM.Collect$$rtentry$$00000002          0x080001f6   Section        0  __rtentry2.o(.ARM.Collect$$rtentry$$00000002)
    .ARM.Collect$$rtentry$$00000004          0x080001f6   Section        6  __rtentry4.o(.ARM.Collect$$rtentry$$00000004)
    .ARM.Collect$$rtentry$$00000009          0x080001fc   Section        0  __rtentry2.o(.ARM.Collect$$rtentry$$00000009)
    .ARM.Collect$$rtentry$$0000000A          0x080001fc   Section        4  __rtentry2.o(.ARM.Collect$$rtentry$$0000000A)
    .ARM.Collect$$rtentry$$0000000C          0x08000200   Section        0  __rtentry2.o(.ARM.Collect$$rtentry$$0000000C)
    .ARM.Collect$$rtentry$$0000000D          0x08000200   Section        8  __rtentry2.o(.ARM.Collect$$rtentry$$0000000D)
    .ARM.Collect$$rtexit$$00000000           0x08000208   Section        2  rtexit.o(.ARM.Collect$$rtexit$$00000000)
    .ARM.Collect$$rtexit$$00000002           0x0800020a   Section        0  rtexit2.o(.ARM.Collect$$rtexit$$00000002)
    .ARM.Collect$$rtexit$$00000003           0x0800020a   Section        4  rtexit2.o(.ARM.Collect$$rtexit$$00000003)
    .ARM.Collect$$rtexit$$00000004           0x0800020e   Section        6  rtexit2.o(.ARM.Collect$$rtexit$$00000004)
    .text                                    0x08000214   Section       64  startup_stm32f10x_hd.o(.text)
    .text                                    0x08000254   Section        2  use_no_semi_2.o(.text)
    .text                                    0x08000258   Section        0  noretval__2printf.o(.text)
    .text                                    0x08000270   Section        0  __printf.o(.text)
    .text                                    0x080002d8   Section        0  _printf_dec.o(.text)
    .text                                    0x08000350   Section        0  heapauxi.o(.text)
    .text                                    0x08000356   Section        2  use_no_semi.o(.text)
    .text                                    0x08000358   Section        0  _printf_intcommon.o(.text)
    .text                                    0x0800040c   Section        0  _printf_char_file.o(.text)
    .text                                    0x08000430   Section        0  _printf_char_common.o(.text)
    _printf_input_char                       0x08000431   Thumb Code    10  _printf_char_common.o(.text)
    .text                                    0x08000460   Section        0  ferror.o(.text)
    .text                                    0x08000468   Section       74  sys_stackheap_outer.o(.text)
    .text                                    0x080004b2   Section        0  exit.o(.text)
    .text                                    0x080004c0   Section        8  libspace.o(.text)
    i.Adc_Init                               0x080004c8   Section        0  adc.o(i.Adc_Init)
    i.BusFault_Handler                       0x080005f0   Section        0  stm32f10x_it.o(i.BusFault_Handler)
    i.CalulateCRC                            0x080005f4   Section        0  rc522.o(i.CalulateCRC)
    i.ClearBitMask                           0x08000660   Section        0  rc522.o(i.ClearBitMask)
    i.DHT11_Check                            0x0800067c   Section        0  dht11.o(i.DHT11_Check)
    i.DHT11_Init                             0x080006e0   Section        0  dht11.o(i.DHT11_Init)
    i.DHT11_Read_Bit                         0x08000720   Section        0  dht11.o(i.DHT11_Read_Bit)
    i.DHT11_Read_Byte                        0x0800076c   Section        0  dht11.o(i.DHT11_Read_Byte)
    i.DHT11_Read_Data                        0x0800078a   Section        0  dht11.o(i.DHT11_Read_Data)
    i.DHT11_Rst                              0x080007e4   Section        0  dht11.o(i.DHT11_Rst)
    i.DS18B20_Check                          0x08000824   Section        0  ds18b20.o(i.DS18B20_Check)
    i.DS18B20_Get_Temp                       0x08000888   Section        0  ds18b20.o(i.DS18B20_Get_Temp)
    i.DS18B20_Init                           0x08000914   Section        0  ds18b20.o(i.DS18B20_Init)
    i.DS18B20_Read_Bit                       0x0800095c   Section        0  ds18b20.o(i.DS18B20_Read_Bit)
    i.DS18B20_Read_Byte                      0x080009c8   Section        0  ds18b20.o(i.DS18B20_Read_Byte)
    i.DS18B20_Rst                            0x080009ec   Section        0  ds18b20.o(i.DS18B20_Rst)
    i.DS18B20_Start                          0x08000a30   Section        0  ds18b20.o(i.DS18B20_Start)
    i.DS18B20_Write_Byte                     0x08000a48   Section        0  ds18b20.o(i.DS18B20_Write_Byte)
    i.DebugMon_Handler                       0x08000abc   Section        0  stm32f10x_it.o(i.DebugMon_Handler)
    i.Display                                0x08000ac0   Section        0  main.o(i.Display)
    i.GPIO_Init                              0x08000ba4   Section        0  stm32f10x_gpio.o(i.GPIO_Init)
    i.GPIO_ResetBits                         0x08000cba   Section        0  stm32f10x_gpio.o(i.GPIO_ResetBits)
    i.GPIO_SetBits                           0x08000cbe   Section        0  stm32f10x_gpio.o(i.GPIO_SetBits)
    i.Get_Adc                                0x08000cc4   Section        0  adc.o(i.Get_Adc)
    i.Get_Adc_Average                        0x08000d08   Section        0  adc.o(i.Get_Adc_Average)
    i.HardFault_Handler                      0x08000d36   Section        0  stm32f10x_it.o(i.HardFault_Handler)
    i.IIC_start                              0x08000d3c   Section        0  oled.o(i.IIC_start)
    i.IIC_stop                               0x08000d64   Section        0  oled.o(i.IIC_stop)
    i.IIC_wait_Ack                           0x08000d84   Section        0  oled.o(i.IIC_wait_Ack)
    i.InitRc522                              0x08000d9c   Section        0  rc522.o(i.InitRc522)
    i.KEY_Init                               0x08000db8   Section        0  led.o(i.KEY_Init)
    i.LED_Init                               0x08000de4   Section        0  led.o(i.LED_Init)
    i.M500PcdConfigISOType                   0x08000e1c   Section        0  rc522.o(i.M500PcdConfigISOType)
    i.MY_NVIC_Init                           0x08000e7c   Section        0  sys.o(i.MY_NVIC_Init)
    i.MY_NVIC_PriorityGroupConfig            0x08000ef4   Section        0  sys.o(i.MY_NVIC_PriorityGroupConfig)
    i.MemManage_Handler                      0x08000f1c   Section        0  stm32f10x_it.o(i.MemManage_Handler)
    i.NMI_Handler                            0x08000f20   Section        0  stm32f10x_it.o(i.NMI_Handler)
    i.NRF24L01_Check                         0x08000f24   Section        0  24l01.o(i.NRF24L01_Check)
    i.NRF24L01_Init                          0x08000f74   Section        0  24l01.o(i.NRF24L01_Init)
    i.NRF24L01_Read_Buf                      0x08001038   Section        0  24l01.o(i.NRF24L01_Read_Buf)
    i.NRF24L01_Read_Reg                      0x08001074   Section        0  24l01.o(i.NRF24L01_Read_Reg)
    i.NRF24L01_TX_Mode                       0x080010a0   Section        0  24l01.o(i.NRF24L01_TX_Mode)
    i.NRF24L01_TxPacket                      0x08001108   Section        0  24l01.o(i.NRF24L01_TxPacket)
    i.NRF24L01_Write_Buf                     0x08001170   Section        0  24l01.o(i.NRF24L01_Write_Buf)
    i.NRF24L01_Write_Reg                     0x080011ac   Section        0  24l01.o(i.NRF24L01_Write_Reg)
    i.OLED_Clear                             0x080011dc   Section        0  oled.o(i.OLED_Clear)
    i.OLED_Init                              0x0800121c   Section        0  oled.o(i.OLED_Init)
    i.OLED_Set_Pos                           0x0800132c   Section        0  oled.o(i.OLED_Set_Pos)
    i.OLED_ShowCHinese                       0x08001354   Section        0  oled.o(i.OLED_ShowCHinese)
    i.OLED_ShowChar                          0x080013bc   Section        0  oled.o(i.OLED_ShowChar)
    i.OLED_ShowNum                           0x08001460   Section        0  oled.o(i.OLED_ShowNum)
    i.OLED_ShowString                        0x080014e8   Section        0  oled.o(i.OLED_ShowString)
    i.OLED_WR_Byte                           0x08001522   Section        0  oled.o(i.OLED_WR_Byte)
    i.PcdAntennaOff                          0x0800153a   Section        0  rc522.o(i.PcdAntennaOff)
    i.PcdAntennaOn                           0x08001546   Section        0  rc522.o(i.PcdAntennaOn)
    i.PcdAnticoll                            0x08001560   Section        0  rc522.o(i.PcdAnticoll)
    i.PcdAuthState                           0x080015d0   Section        0  rc522.o(i.PcdAuthState)
    i.PcdComMF522                            0x08001626   Section        0  rc522.o(i.PcdComMF522)
    i.PcdRequest                             0x08001764   Section        0  rc522.o(i.PcdRequest)
    i.PcdReset                               0x080017bc   Section        0  rc522.o(i.PcdReset)
    i.PcdSelect                              0x08001830   Section        0  rc522.o(i.PcdSelect)
    i.PendSV_Handler                         0x080018a4   Section        0  stm32f10x_it.o(i.PendSV_Handler)
    i.RCC_APB2PeriphClockCmd                 0x080018a8   Section        0  stm32f10x_rcc.o(i.RCC_APB2PeriphClockCmd)
    i.Rc522_read                             0x080018c8   Section        0  main.o(i.Rc522_read)
    i.ReadRawRC                              0x08001938   Section        0  rc522.o(i.ReadRawRC)
    i.Read_Distane                           0x0800196c   Section        0  csb.o(i.Read_Distane)
    i.SPI1_Init                              0x080019f0   Section        0  spi.o(i.SPI1_Init)
    i.SPI1_ReadWriteByte                     0x08001aa4   Section        0  spi.o(i.SPI1_ReadWriteByte)
    i.SPI1_SetSpeed                          0x08001af8   Section        0  spi.o(i.SPI1_SetSpeed)
    i.SPI2_Init                              0x08001b24   Section        0  rc522.o(i.SPI2_Init)
    i.SPIWriteByte                           0x08001bec   Section        0  rc522.o(i.SPIWriteByte)
    i.SVC_Handler                            0x08001c20   Section        0  stm32f10x_it.o(i.SVC_Handler)
    i.SetBitMask                             0x08001c22   Section        0  rc522.o(i.SetBitMask)
    i.SetSysClock                            0x08001c3e   Section        0  system_stm32f10x.o(i.SetSysClock)
    SetSysClock                              0x08001c3f   Thumb Code     8  system_stm32f10x.o(i.SetSysClock)
    i.SetSysClockTo72                        0x08001c48   Section        0  system_stm32f10x.o(i.SetSysClockTo72)
    SetSysClockTo72                          0x08001c49   Thumb Code   214  system_stm32f10x.o(i.SetSysClockTo72)
    i.SysTick_Handler                        0x08001d28   Section        0  stm32f10x_it.o(i.SysTick_Handler)
    i.SystemInit                             0x08001d2c   Section        0  system_stm32f10x.o(i.SystemInit)
    i.TIM3_Cap_Init                          0x08001d8c   Section        0  csb.o(i.TIM3_Cap_Init)
    i.TIM3_IRQHandler                        0x08001e38   Section        0  csb.o(i.TIM3_IRQHandler)
    i.USART1_IRQHandler                      0x08001efc   Section        0  usart.o(i.USART1_IRQHandler)
    i.UsageFault_Handler                     0x08001f80   Section        0  stm32f10x_it.o(i.UsageFault_Handler)
    i.WriteRawRC                             0x08001f84   Section        0  rc522.o(i.WriteRawRC)
    i.Write_IIC_Byte                         0x08001fb0   Section        0  oled.o(i.Write_IIC_Byte)
    i.Write_IIC_Command                      0x08002004   Section        0  oled.o(i.Write_IIC_Command)
    i.Write_IIC_Data                         0x08002030   Section        0  oled.o(i.Write_IIC_Data)
    i._sys_exit                              0x0800205c   Section        0  usart.o(i._sys_exit)
    i.date_read                              0x08002064   Section        0  main.o(i.date_read)
    i.delay_init                             0x0800230c   Section        0  delay.o(i.delay_init)
    i.delay_ms                               0x0800234c   Section        0  delay.o(i.delay_ms)
    i.delay_ns                               0x08002388   Section        0  rc522.o(i.delay_ns)
    i.delay_us                               0x0800239c   Section        0  delay.o(i.delay_us)
    i.fputc                                  0x080023d8   Section        0  usart.o(i.fputc)
    i.main                                   0x080023f4   Section        0  main.o(i.main)
    i.oled_pow                               0x08002540   Section        0  oled.o(i.oled_pow)
    i.uart_init                              0x08002558   Section        0  usart.o(i.uart_init)
    x$fpl$dfix                               0x08002634   Section       94  dfix.o(x$fpl$dfix)
    x$fpl$dmul                               0x08002694   Section      340  dmul.o(x$fpl$dmul)
    x$fpl$dnaninf                            0x080027e8   Section      156  dnaninf.o(x$fpl$dnaninf)
    x$fpl$dretinf                            0x08002884   Section       12  dretinf.o(x$fpl$dretinf)
    x$fpl$f2d                                0x08002890   Section       86  f2d.o(x$fpl$f2d)
    x$fpl$fadd                               0x080028e8   Section      196  faddsub_clz.o(x$fpl$fadd)
    _fadd1                                   0x080028f7   Thumb Code     0  faddsub_clz.o(x$fpl$fadd)
    x$fpl$fdiv                               0x080029ac   Section      388  fdiv.o(x$fpl$fdiv)
    _fdiv1                                   0x080029ad   Thumb Code     0  fdiv.o(x$fpl$fdiv)
    x$fpl$ffix                               0x08002b30   Section       54  ffix.o(x$fpl$ffix)
    x$fpl$ffixu                              0x08002b68   Section       62  ffixu.o(x$fpl$ffixu)
    x$fpl$fflt                               0x08002ba8   Section       48  fflt_clz.o(x$fpl$fflt)
    x$fpl$ffltu                              0x08002bd8   Section       38  fflt_clz.o(x$fpl$ffltu)
    x$fpl$fmul                               0x08002c00   Section      258  fmul.o(x$fpl$fmul)
    x$fpl$fnaninf                            0x08002d02   Section      140  fnaninf.o(x$fpl$fnaninf)
    x$fpl$fretinf                            0x08002d8e   Section       10  fretinf.o(x$fpl$fretinf)
    x$fpl$frsb                               0x08002d98   Section       20  faddsub_clz.o(x$fpl$frsb)
    x$fpl$fsub                               0x08002dac   Section      234  faddsub_clz.o(x$fpl$fsub)
    _fsub1                                   0x08002dbb   Thumb Code     0  faddsub_clz.o(x$fpl$fsub)
    .constdata                               0x08002e96   Section     2072  oled.o(.constdata)
    x$fpl$usenofp                            0x08002e96   Section        0  usenofp.o(x$fpl$usenofp)
    .constdata                               0x080036ae   Section       10  24l01.o(.constdata)
    .data                                    0x20000000   Section       46  main.o(.data)
    .data                                    0x2000002e   Section      832  oled.o(.data)
    .data                                    0x2000036e   Section        4  csb.o(.data)
    .data                                    0x20000372   Section        4  delay.o(.data)
    fac_us                                   0x20000372   Data           1  delay.o(.data)
    fac_ms                                   0x20000374   Data           2  delay.o(.data)
    .data                                    0x20000378   Section        6  usart.o(.data)
    .bss                                     0x20000380   Section       49  main.o(.bss)
    .bss                                     0x200003b1   Section      200  usart.o(.bss)
    .bss                                     0x2000047c   Section       96  libspace.o(.bss)
    HEAP                                     0x200004e0   Section      512  startup_stm32f10x_hd.o(HEAP)
    Heap_Mem                                 0x200004e0   Data         512  startup_stm32f10x_hd.o(HEAP)
    STACK                                    0x200006e0   Section     1024  startup_stm32f10x_hd.o(STACK)
    Stack_Mem                                0x200006e0   Data        1024  startup_stm32f10x_hd.o(STACK)
    __initial_sp                             0x20000ae0   Data           0  startup_stm32f10x_hd.o(STACK)

    Global Symbols

    Symbol Name                              Value     Ov Type        Size  Object(Section)

    BuildAttributes$$THM_ISAv4$P$D$K$B$S$PE$A:L22UL41UL21$X:L11$S22US41US21$IEEE1$IW$USESV6$~STKCKD$USESV7$~SHL$OSPACE$ROPI$EBA8$UX$STANDARDLIB$REQ8$PRES8$EABIv2 0x00000000   Number         0  anon$$obj.o ABSOLUTE
    __ARM_use_no_argv                        0x00000000   Number         0  main.o ABSOLUTE
    __ARM_exceptions_init                     - Undefined Weak Reference
    __alloca_initialize                       - Undefined Weak Reference
    __arm_preinit_                            - Undefined Weak Reference
    __cpp_initialize__aeabi_                  - Undefined Weak Reference
    __cxa_finalize                            - Undefined Weak Reference
    __rt_locale                               - Undefined Weak Reference
    __sigvec_lookup                           - Undefined Weak Reference
    _atexit_init                              - Undefined Weak Reference
    _call_atexit_fns                          - Undefined Weak Reference
    _clock_init                               - Undefined Weak Reference
    _fp_trap_init                             - Undefined Weak Reference
    _fp_trap_shutdown                         - Undefined Weak Reference
    _get_lc_collate                           - Undefined Weak Reference
    _get_lc_ctype                             - Undefined Weak Reference
    _get_lc_monetary                          - Undefined Weak Reference
    _get_lc_numeric                           - Undefined Weak Reference
    _get_lc_time                              - Undefined Weak Reference
    _getenv_init                              - Undefined Weak Reference
    _handle_redirection                       - Undefined Weak Reference
    _init_alloc                               - Undefined Weak Reference
    _init_user_alloc                          - Undefined Weak Reference
    _initio                                   - Undefined Weak Reference
    _mutex_acquire                            - Undefined Weak Reference
    _mutex_release                            - Undefined Weak Reference
    _printf_post_padding                      - Undefined Weak Reference
    _printf_pre_padding                       - Undefined Weak Reference
    _printf_truncate_signed                   - Undefined Weak Reference
    _printf_truncate_unsigned                 - Undefined Weak Reference
    _rand_init                                - Undefined Weak Reference
    _signal_finish                            - Undefined Weak Reference
    _signal_init                              - Undefined Weak Reference
    _terminate_alloc                          - Undefined Weak Reference
    _terminate_user_alloc                     - Undefined Weak Reference
    _terminateio                              - Undefined Weak Reference
    __Vectors_Size                           0x00000130   Number         0  startup_stm32f10x_hd.o ABSOLUTE
    __Vectors                                0x08000000   Data           4  startup_stm32f10x_hd.o(RESET)
    __Vectors_End                            0x08000130   Data           0  startup_stm32f10x_hd.o(RESET)
    __main                                   0x08000131   Thumb Code     8  __main.o(!!!main)
    __scatterload                            0x08000139   Thumb Code     0  __scatter.o(!!!scatter)
    __scatterload_rt2                        0x08000139   Thumb Code    44  __scatter.o(!!!scatter)
    __scatterload_rt2_thumb_only             0x08000139   Thumb Code     0  __scatter.o(!!!scatter)
    __scatterload_null                       0x08000147   Thumb Code     0  __scatter.o(!!!scatter)
    __decompress                             0x0800016d   Thumb Code    90  __dczerorl2.o(!!dczerorl2)
    __decompress1                            0x0800016d   Thumb Code     0  __dczerorl2.o(!!dczerorl2)
    __scatterload_zeroinit                   0x080001c9   Thumb Code    28  __scatter_zi.o(!!handler_zi)
    _printf_d                                0x080001e5   Thumb Code     0  _printf_d.o(.ARM.Collect$$_printf_percent$$00000009)
    _printf_percent                          0x080001e5   Thumb Code     0  _printf_percent.o(.ARM.Collect$$_printf_percent$$00000000)
    _printf_percent_end                      0x080001eb   Thumb Code     0  _printf_percent_end.o(.ARM.Collect$$_printf_percent$$00000017)
    __rt_lib_init                            0x080001ef   Thumb Code     0  libinit.o(.ARM.Collect$$libinit$$00000000)
    __rt_lib_init_alloca_1                   0x080001f1   Thumb Code     0  libinit2.o(.ARM.Collect$$libinit$$0000002E)
    __rt_lib_init_argv_1                     0x080001f1   Thumb Code     0  libinit2.o(.ARM.Collect$$libinit$$0000002C)
    __rt_lib_init_atexit_1                   0x080001f1   Thumb Code     0  libinit2.o(.ARM.Collect$$libinit$$0000001B)
    __rt_lib_init_clock_1                    0x080001f1   Thumb Code     0  libinit2.o(.ARM.Collect$$libinit$$00000021)
    __rt_lib_init_cpp_1                      0x080001f1   Thumb Code     0  libinit2.o(.ARM.Collect$$libinit$$00000032)
    __rt_lib_init_exceptions_1               0x080001f1   Thumb Code     0  libinit2.o(.ARM.Collect$$libinit$$00000030)
    __rt_lib_init_fp_1                       0x080001f1   Thumb Code     0  libinit2.o(.ARM.Collect$$libinit$$00000002)
    __rt_lib_init_fp_trap_1                  0x080001f1   Thumb Code     0  libinit2.o(.ARM.Collect$$libinit$$0000001F)
    __rt_lib_init_getenv_1                   0x080001f1   Thumb Code     0  libinit2.o(.ARM.Collect$$libinit$$00000023)
    __rt_lib_init_heap_1                     0x080001f1   Thumb Code     0  libinit2.o(.ARM.Collect$$libinit$$0000000A)
    __rt_lib_init_lc_collate_1               0x080001f1   Thumb Code     0  libinit2.o(.ARM.Collect$$libinit$$00000011)
    __rt_lib_init_lc_ctype_1                 0x080001f1   Thumb Code     0  libinit2.o(.ARM.Collect$$libinit$$00000013)
    __rt_lib_init_lc_monetary_1              0x080001f1   Thumb Code     0  libinit2.o(.ARM.Collect$$libinit$$00000015)
    __rt_lib_init_lc_numeric_1               0x080001f1   Thumb Code     0  libinit2.o(.ARM.Collect$$libinit$$00000017)
    __rt_lib_init_lc_time_1                  0x080001f1   Thumb Code     0  libinit2.o(.ARM.Collect$$libinit$$00000019)
    __rt_lib_init_preinit_1                  0x080001f1   Thumb Code     0  libinit2.o(.ARM.Collect$$libinit$$00000004)
    __rt_lib_init_rand_1                     0x080001f1   Thumb Code     0  libinit2.o(.ARM.Collect$$libinit$$0000000E)
    __rt_lib_init_return                     0x080001f1   Thumb Code     0  libinit2.o(.ARM.Collect$$libinit$$00000033)
    __rt_lib_init_signal_1                   0x080001f1   Thumb Code     0  libinit2.o(.ARM.Collect$$libinit$$0000001D)
    __rt_lib_init_stdio_1                    0x080001f1   Thumb Code     0  libinit2.o(.ARM.Collect$$libinit$$00000025)
    __rt_lib_init_user_alloc_1               0x080001f1   Thumb Code     0  libinit2.o(.ARM.Collect$$libinit$$0000000C)
    __rt_lib_shutdown                        0x080001f3   Thumb Code     0  libshutdown.o(.ARM.Collect$$libshutdown$$00000000)
    __rt_lib_shutdown_fp_trap_1              0x080001f5   Thumb Code     0  libshutdown2.o(.ARM.Collect$$libshutdown$$00000006)
    __rt_lib_shutdown_heap_1                 0x080001f5   Thumb Code     0  libshutdown2.o(.ARM.Collect$$libshutdown$$0000000E)
    __rt_lib_shutdown_return                 0x080001f5   Thumb Code     0  libshutdown2.o(.ARM.Collect$$libshutdown$$0000000F)
    __rt_lib_shutdown_signal_1               0x080001f5   Thumb Code     0  libshutdown2.o(.ARM.Collect$$libshutdown$$00000009)
    __rt_lib_shutdown_stdio_1                0x080001f5   Thumb Code     0  libshutdown2.o(.ARM.Collect$$libshutdown$$00000003)
    __rt_lib_shutdown_user_alloc_1           0x080001f5   Thumb Code     0  libshutdown2.o(.ARM.Collect$$libshutdown$$0000000B)
    __rt_entry                               0x080001f7   Thumb Code     0  __rtentry.o(.ARM.Collect$$rtentry$$00000000)
    __rt_entry_presh_1                       0x080001f7   Thumb Code     0  __rtentry2.o(.ARM.Collect$$rtentry$$00000002)
    __rt_entry_sh                            0x080001f7   Thumb Code     0  __rtentry4.o(.ARM.Collect$$rtentry$$00000004)
    __rt_entry_li                            0x080001fd   Thumb Code     0  __rtentry2.o(.ARM.Collect$$rtentry$$0000000A)
    __rt_entry_postsh_1                      0x080001fd   Thumb Code     0  __rtentry2.o(.ARM.Collect$$rtentry$$00000009)
    __rt_entry_main                          0x08000201   Thumb Code     0  __rtentry2.o(.ARM.Collect$$rtentry$$0000000D)
    __rt_entry_postli_1                      0x08000201   Thumb Code     0  __rtentry2.o(.ARM.Collect$$rtentry$$0000000C)
    __rt_exit                                0x08000209   Thumb Code     0  rtexit.o(.ARM.Collect$$rtexit$$00000000)
    __rt_exit_ls                             0x0800020b   Thumb Code     0  rtexit2.o(.ARM.Collect$$rtexit$$00000003)
    __rt_exit_prels_1                        0x0800020b   Thumb Code     0  rtexit2.o(.ARM.Collect$$rtexit$$00000002)
    __rt_exit_exit                           0x0800020f   Thumb Code     0  rtexit2.o(.ARM.Collect$$rtexit$$00000004)
    Reset_Handler                            0x08000215   Thumb Code     8  startup_stm32f10x_hd.o(.text)
    ADC1_2_IRQHandler                        0x0800022f   Thumb Code     0  startup_stm32f10x_hd.o(.text)
    ADC3_IRQHandler                          0x0800022f   Thumb Code     0  startup_stm32f10x_hd.o(.text)
    CAN1_RX1_IRQHandler                      0x0800022f   Thumb Code     0  startup_stm32f10x_hd.o(.text)
    CAN1_SCE_IRQHandler                      0x0800022f   Thumb Code     0  startup_stm32f10x_hd.o(.text)
    DMA1_Channel1_IRQHandler                 0x0800022f   Thumb Code     0  startup_stm32f10x_hd.o(.text)
    DMA1_Channel2_IRQHandler                 0x0800022f   Thumb Code     0  startup_stm32f10x_hd.o(.text)
    DMA1_Channel3_IRQHandler                 0x0800022f   Thumb Code     0  startup_stm32f10x_hd.o(.text)
    DMA1_Channel4_IRQHandler                 0x0800022f   Thumb Code     0  startup_stm32f10x_hd.o(.text)
    DMA1_Channel5_IRQHandler                 0x0800022f   Thumb Code     0  startup_stm32f10x_hd.o(.text)
    DMA1_Channel6_IRQHandler                 0x0800022f   Thumb Code     0  startup_stm32f10x_hd.o(.text)
    DMA1_Channel7_IRQHandler                 0x0800022f   Thumb Code     0  startup_stm32f10x_hd.o(.text)
    DMA2_Channel1_IRQHandler                 0x0800022f   Thumb Code     0  startup_stm32f10x_hd.o(.text)
    DMA2_Channel2_IRQHandler                 0x0800022f   Thumb Code     0  startup_stm32f10x_hd.o(.text)
    DMA2_Channel3_IRQHandler                 0x0800022f   Thumb Code     0  startup_stm32f10x_hd.o(.text)
    DMA2_Channel4_5_IRQHandler               0x0800022f   Thumb Code     0  startup_stm32f10x_hd.o(.text)
    EXTI0_IRQHandler                         0x0800022f   Thumb Code     0  startup_stm32f10x_hd.o(.text)
    EXTI15_10_IRQHandler                     0x0800022f   Thumb Code     0  startup_stm32f10x_hd.o(.text)
    EXTI1_IRQHandler                         0x0800022f   Thumb Code     0  startup_stm32f10x_hd.o(.text)
    EXTI2_IRQHandler                         0x0800022f   Thumb Code     0  startup_stm32f10x_hd.o(.text)
    EXTI3_IRQHandler                         0x0800022f   Thumb Code     0  startup_stm32f10x_hd.o(.text)
    EXTI4_IRQHandler                         0x0800022f   Thumb Code     0  startup_stm32f10x_hd.o(.text)
    EXTI9_5_IRQHandler                       0x0800022f   Thumb Code     0  startup_stm32f10x_hd.o(.text)
    FLASH_IRQHandler                         0x0800022f   Thumb Code     0  startup_stm32f10x_hd.o(.text)
    FSMC_IRQHandler                          0x0800022f   Thumb Code     0  startup_stm32f10x_hd.o(.text)
    I2C1_ER_IRQHandler                       0x0800022f   Thumb Code     0  startup_stm32f10x_hd.o(.text)
    I2C1_EV_IRQHandler                       0x0800022f   Thumb Code     0  startup_stm32f10x_hd.o(.text)
    I2C2_ER_IRQHandler                       0x0800022f   Thumb Code     0  startup_stm32f10x_hd.o(.text)
    I2C2_EV_IRQHandler                       0x0800022f   Thumb Code     0  startup_stm32f10x_hd.o(.text)
    PVD_IRQHandler                           0x0800022f   Thumb Code     0  startup_stm32f10x_hd.o(.text)
    RCC_IRQHandler                           0x0800022f   Thumb Code     0  startup_stm32f10x_hd.o(.text)
    RTCAlarm_IRQHandler                      0x0800022f   Thumb Code     0  startup_stm32f10x_hd.o(.text)
    RTC_IRQHandler                           0x0800022f   Thumb Code     0  startup_stm32f10x_hd.o(.text)
    SDIO_IRQHandler                          0x0800022f   Thumb Code     0  startup_stm32f10x_hd.o(.text)
    SPI1_IRQHandler                          0x0800022f   Thumb Code     0  startup_stm32f10x_hd.o(.text)
    SPI2_IRQHandler                          0x0800022f   Thumb Code     0  startup_stm32f10x_hd.o(.text)
    SPI3_IRQHandler                          0x0800022f   Thumb Code     0  startup_stm32f10x_hd.o(.text)
    TAMPER_IRQHandler                        0x0800022f   Thumb Code     0  startup_stm32f10x_hd.o(.text)
    TIM1_BRK_IRQHandler                      0x0800022f   Thumb Code     0  startup_stm32f10x_hd.o(.text)
    TIM1_CC_IRQHandler                       0x0800022f   Thumb Code     0  startup_stm32f10x_hd.o(.text)
    TIM1_TRG_COM_IRQHandler                  0x0800022f   Thumb Code     0  startup_stm32f10x_hd.o(.text)
    TIM1_UP_IRQHandler                       0x0800022f   Thumb Code     0  startup_stm32f10x_hd.o(.text)
    TIM2_IRQHandler                          0x0800022f   Thumb Code     0  startup_stm32f10x_hd.o(.text)
    TIM4_IRQHandler                          0x0800022f   Thumb Code     0  startup_stm32f10x_hd.o(.text)
    TIM5_IRQHandler                          0x0800022f   Thumb Code     0  startup_stm32f10x_hd.o(.text)
    TIM6_IRQHandler                          0x0800022f   Thumb Code     0  startup_stm32f10x_hd.o(.text)
    TIM7_IRQHandler                          0x0800022f   Thumb Code     0  startup_stm32f10x_hd.o(.text)
    TIM8_BRK_IRQHandler                      0x0800022f   Thumb Code     0  startup_stm32f10x_hd.o(.text)
    TIM8_CC_IRQHandler                       0x0800022f   Thumb Code     0  startup_stm32f10x_hd.o(.text)
    TIM8_TRG_COM_IRQHandler                  0x0800022f   Thumb Code     0  startup_stm32f10x_hd.o(.text)
    TIM8_UP_IRQHandler                       0x0800022f   Thumb Code     0  startup_stm32f10x_hd.o(.text)
    UART4_IRQHandler                         0x0800022f   Thumb Code     0  startup_stm32f10x_hd.o(.text)
    UART5_IRQHandler                         0x0800022f   Thumb Code     0  startup_stm32f10x_hd.o(.text)
    USART2_IRQHandler                        0x0800022f   Thumb Code     0  startup_stm32f10x_hd.o(.text)
    USART3_IRQHandler                        0x0800022f   Thumb Code     0  startup_stm32f10x_hd.o(.text)
    USBWakeUp_IRQHandler                     0x0800022f   Thumb Code     0  startup_stm32f10x_hd.o(.text)
    USB_HP_CAN1_TX_IRQHandler                0x0800022f   Thumb Code     0  startup_stm32f10x_hd.o(.text)
    USB_LP_CAN1_RX0_IRQHandler               0x0800022f   Thumb Code     0  startup_stm32f10x_hd.o(.text)
    WWDG_IRQHandler                          0x0800022f   Thumb Code     0  startup_stm32f10x_hd.o(.text)
    __user_initial_stackheap                 0x08000231   Thumb Code     0  startup_stm32f10x_hd.o(.text)
    __use_no_semihosting                     0x08000255   Thumb Code     2  use_no_semi_2.o(.text)
    __2printf                                0x08000259   Thumb Code    20  noretval__2printf.o(.text)
    __printf                                 0x08000271   Thumb Code   104  __printf.o(.text)
    _printf_int_dec                          0x080002d9   Thumb Code   104  _printf_dec.o(.text)
    __use_two_region_memory                  0x08000351   Thumb Code     2  heapauxi.o(.text)
    __rt_heap_escrow$2region                 0x08000353   Thumb Code     2  heapauxi.o(.text)
    __rt_heap_expand$2region                 0x08000355   Thumb Code     2  heapauxi.o(.text)
    __I$use$semihosting                      0x08000357   Thumb Code     0  use_no_semi.o(.text)
    __use_no_semihosting_swi                 0x08000357   Thumb Code     2  use_no_semi.o(.text)
    _printf_int_common                       0x08000359   Thumb Code   178  _printf_intcommon.o(.text)
    _printf_char_file                        0x0800040d   Thumb Code    32  _printf_char_file.o(.text)
    _printf_char_common                      0x0800043b   Thumb Code    32  _printf_char_common.o(.text)
    ferror                                   0x08000461   Thumb Code     8  ferror.o(.text)
    __user_setup_stackheap                   0x08000469   Thumb Code    74  sys_stackheap_outer.o(.text)
    exit                                     0x080004b3   Thumb Code    12  exit.o(.text)
    __user_libspace                          0x080004c1   Thumb Code     8  libspace.o(.text)
    __user_perproc_libspace                  0x080004c1   Thumb Code     0  libspace.o(.text)
    __user_perthread_libspace                0x080004c1   Thumb Code     0  libspace.o(.text)
    Adc_Init                                 0x080004c9   Thumb Code   280  adc.o(i.Adc_Init)
    BusFault_Handler                         0x080005f1   Thumb Code     4  stm32f10x_it.o(i.BusFault_Handler)
    CalulateCRC                              0x080005f5   Thumb Code   108  rc522.o(i.CalulateCRC)
    ClearBitMask                             0x08000661   Thumb Code    28  rc522.o(i.ClearBitMask)
    DHT11_Check                              0x0800067d   Thumb Code    92  dht11.o(i.DHT11_Check)
    DHT11_Init                               0x080006e1   Thumb Code    56  dht11.o(i.DHT11_Init)
    DHT11_Read_Bit                           0x08000721   Thumb Code    70  dht11.o(i.DHT11_Read_Bit)
    DHT11_Read_Byte                          0x0800076d   Thumb Code    30  dht11.o(i.DHT11_Read_Byte)
    DHT11_Read_Data                          0x0800078b   Thumb Code    88  dht11.o(i.DHT11_Read_Data)
    DHT11_Rst                                0x080007e5   Thumb Code    52  dht11.o(i.DHT11_Rst)
    DS18B20_Check                            0x08000825   Thumb Code    92  ds18b20.o(i.DS18B20_Check)
    DS18B20_Get_Temp                         0x08000889   Thumb Code   136  ds18b20.o(i.DS18B20_Get_Temp)
    DS18B20_Init                             0x08000915   Thumb Code    62  ds18b20.o(i.DS18B20_Init)
    DS18B20_Read_Bit                         0x0800095d   Thumb Code    96  ds18b20.o(i.DS18B20_Read_Bit)
    DS18B20_Read_Byte                        0x080009c9   Thumb Code    34  ds18b20.o(i.DS18B20_Read_Byte)
    DS18B20_Rst                              0x080009ed   Thumb Code    54  ds18b20.o(i.DS18B20_Rst)
    DS18B20_Start                            0x08000a31   Thumb Code    24  ds18b20.o(i.DS18B20_Start)
    DS18B20_Write_Byte                       0x08000a49   Thumb Code   102  ds18b20.o(i.DS18B20_Write_Byte)
    DebugMon_Handler                         0x08000abd   Thumb Code     2  stm32f10x_it.o(i.DebugMon_Handler)
    Display                                  0x08000ac1   Thumb Code   198  main.o(i.Display)
    GPIO_Init                                0x08000ba5   Thumb Code   278  stm32f10x_gpio.o(i.GPIO_Init)
    GPIO_ResetBits                           0x08000cbb   Thumb Code     4  stm32f10x_gpio.o(i.GPIO_ResetBits)
    GPIO_SetBits                             0x08000cbf   Thumb Code     4  stm32f10x_gpio.o(i.GPIO_SetBits)
    Get_Adc                                  0x08000cc5   Thumb Code    64  adc.o(i.Get_Adc)
    Get_Adc_Average                          0x08000d09   Thumb Code    46  adc.o(i.Get_Adc_Average)
    HardFault_Handler                        0x08000d37   Thumb Code     4  stm32f10x_it.o(i.HardFault_Handler)
    IIC_start                                0x08000d3d   Thumb Code    36  oled.o(i.IIC_start)
    IIC_stop                                 0x08000d65   Thumb Code    28  oled.o(i.IIC_stop)
    IIC_wait_Ack                             0x08000d85   Thumb Code    20  oled.o(i.IIC_wait_Ack)
    InitRc522                                0x08000d9d   Thumb Code    26  rc522.o(i.InitRc522)
    KEY_Init                                 0x08000db9   Thumb Code    36  led.o(i.KEY_Init)
    LED_Init                                 0x08000de5   Thumb Code    50  led.o(i.LED_Init)
    M500PcdConfigISOType                     0x08000e1d   Thumb Code    94  rc522.o(i.M500PcdConfigISOType)
    MY_NVIC_Init                             0x08000e7d   Thumb Code   116  sys.o(i.MY_NVIC_Init)
    MY_NVIC_PriorityGroupConfig              0x08000ef5   Thumb Code    32  sys.o(i.MY_NVIC_PriorityGroupConfig)
    MemManage_Handler                        0x08000f1d   Thumb Code     4  stm32f10x_it.o(i.MemManage_Handler)
    NMI_Handler                              0x08000f21   Thumb Code     2  stm32f10x_it.o(i.NMI_Handler)
    NRF24L01_Check                           0x08000f25   Thumb Code    72  24l01.o(i.NRF24L01_Check)
    NRF24L01_Init                            0x08000f75   Thumb Code   172  24l01.o(i.NRF24L01_Init)
    NRF24L01_Read_Buf                        0x08001039   Thumb Code    56  24l01.o(i.NRF24L01_Read_Buf)
    NRF24L01_Read_Reg                        0x08001075   Thumb Code    36  24l01.o(i.NRF24L01_Read_Reg)
    NRF24L01_TX_Mode                         0x080010a1   Thumb Code    86  24l01.o(i.NRF24L01_TX_Mode)
    NRF24L01_TxPacket                        0x08001109   Thumb Code    92  24l01.o(i.NRF24L01_TxPacket)
    NRF24L01_Write_Buf                       0x08001171   Thumb Code    56  24l01.o(i.NRF24L01_Write_Buf)
    NRF24L01_Write_Reg                       0x080011ad   Thumb Code    38  24l01.o(i.NRF24L01_Write_Reg)
    OLED_Clear                               0x080011dd   Thumb Code    62  oled.o(i.OLED_Clear)
    OLED_Init                                0x0800121d   Thumb Code   268  oled.o(i.OLED_Init)
    OLED_Set_Pos                             0x0800132d   Thumb Code    40  oled.o(i.OLED_Set_Pos)
    OLED_ShowCHinese                         0x08001355   Thumb Code    98  oled.o(i.OLED_ShowCHinese)
    OLED_ShowChar                            0x080013bd   Thumb Code   154  oled.o(i.OLED_ShowChar)
    OLED_ShowNum                             0x08001461   Thumb Code   136  oled.o(i.OLED_ShowNum)
    OLED_ShowString                          0x080014e9   Thumb Code    58  oled.o(i.OLED_ShowString)
    OLED_WR_Byte                             0x08001523   Thumb Code    24  oled.o(i.OLED_WR_Byte)
    PcdAntennaOff                            0x0800153b   Thumb Code    12  rc522.o(i.PcdAntennaOff)
    PcdAntennaOn                             0x08001547   Thumb Code    26  rc522.o(i.PcdAntennaOn)
    PcdAnticoll                              0x08001561   Thumb Code   112  rc522.o(i.PcdAnticoll)
    PcdAuthState                             0x080015d1   Thumb Code    86  rc522.o(i.PcdAuthState)
    PcdComMF522                              0x08001627   Thumb Code   318  rc522.o(i.PcdComMF522)
    PcdRequest                               0x08001765   Thumb Code    86  rc522.o(i.PcdRequest)
    PcdReset                                 0x080017bd   Thumb Code   112  rc522.o(i.PcdReset)
    PcdSelect                                0x08001831   Thumb Code   116  rc522.o(i.PcdSelect)
    PendSV_Handler                           0x080018a5   Thumb Code     2  stm32f10x_it.o(i.PendSV_Handler)
    RCC_APB2PeriphClockCmd                   0x080018a9   Thumb Code    26  stm32f10x_rcc.o(i.RCC_APB2PeriphClockCmd)
    Rc522_read                               0x080018c9   Thumb Code    98  main.o(i.Rc522_read)
    ReadRawRC                                0x08001939   Thumb Code    46  rc522.o(i.ReadRawRC)
    Read_Distane                             0x0800196d   Thumb Code   104  csb.o(i.Read_Distane)
    SPI1_Init                                0x080019f1   Thumb Code   162  spi.o(i.SPI1_Init)
    SPI1_ReadWriteByte                       0x08001aa5   Thumb Code    78  spi.o(i.SPI1_ReadWriteByte)
    SPI1_SetSpeed                            0x08001af9   Thumb Code    40  spi.o(i.SPI1_SetSpeed)
    SPI2_Init                                0x08001b25   Thumb Code   180  rc522.o(i.SPI2_Init)
    SPIWriteByte                             0x08001bed   Thumb Code    46  rc522.o(i.SPIWriteByte)
    SVC_Handler                              0x08001c21   Thumb Code     2  stm32f10x_it.o(i.SVC_Handler)
    SetBitMask                               0x08001c23   Thumb Code    28  rc522.o(i.SetBitMask)
    SysTick_Handler                          0x08001d29   Thumb Code     2  stm32f10x_it.o(i.SysTick_Handler)
    SystemInit                               0x08001d2d   Thumb Code    78  system_stm32f10x.o(i.SystemInit)
    TIM3_Cap_Init                            0x08001d8d   Thumb Code   160  csb.o(i.TIM3_Cap_Init)
    TIM3_IRQHandler                          0x08001e39   Thumb Code   182  csb.o(i.TIM3_IRQHandler)
    USART1_IRQHandler                        0x08001efd   Thumb Code   118  usart.o(i.USART1_IRQHandler)
    UsageFault_Handler                       0x08001f81   Thumb Code     4  stm32f10x_it.o(i.UsageFault_Handler)
    WriteRawRC                               0x08001f85   Thumb Code    38  rc522.o(i.WriteRawRC)
    Write_IIC_Byte                           0x08001fb1   Thumb Code    80  oled.o(i.Write_IIC_Byte)
    Write_IIC_Command                        0x08002005   Thumb Code    44  oled.o(i.Write_IIC_Command)
    Write_IIC_Data                           0x08002031   Thumb Code    44  oled.o(i.Write_IIC_Data)
    _sys_exit                                0x0800205d   Thumb Code     6  usart.o(i._sys_exit)
    date_read                                0x08002065   Thumb Code   638  main.o(i.date_read)
    delay_init                               0x0800230d   Thumb Code    56  delay.o(i.delay_init)
    delay_ms                                 0x0800234d   Thumb Code    56  delay.o(i.delay_ms)
    delay_ns                                 0x08002389   Thumb Code    18  rc522.o(i.delay_ns)
    delay_us                                 0x0800239d   Thumb Code    56  delay.o(i.delay_us)
    fputc                                    0x080023d9   Thumb Code    24  usart.o(i.fputc)
    main                                     0x080023f5   Thumb Code   312  main.o(i.main)
    oled_pow                                 0x08002541   Thumb Code    22  oled.o(i.oled_pow)
    uart_init                                0x08002559   Thumb Code   202  usart.o(i.uart_init)
    __aeabi_d2iz                             0x08002635   Thumb Code     0  dfix.o(x$fpl$dfix)
    _dfix                                    0x08002635   Thumb Code    94  dfix.o(x$fpl$dfix)
    __aeabi_dmul                             0x08002695   Thumb Code     0  dmul.o(x$fpl$dmul)
    _dmul                                    0x08002695   Thumb Code   332  dmul.o(x$fpl$dmul)
    __fpl_dnaninf                            0x080027e9   Thumb Code   156  dnaninf.o(x$fpl$dnaninf)
    __fpl_dretinf                            0x08002885   Thumb Code    12  dretinf.o(x$fpl$dretinf)
    __aeabi_f2d                              0x08002891   Thumb Code     0  f2d.o(x$fpl$f2d)
    _f2d                                     0x08002891   Thumb Code    86  f2d.o(x$fpl$f2d)
    __aeabi_fadd                             0x080028e9   Thumb Code     0  faddsub_clz.o(x$fpl$fadd)
    _fadd                                    0x080028e9   Thumb Code   196  faddsub_clz.o(x$fpl$fadd)
    __aeabi_fdiv                             0x080029ad   Thumb Code     0  fdiv.o(x$fpl$fdiv)
    _fdiv                                    0x080029ad   Thumb Code   384  fdiv.o(x$fpl$fdiv)
    __aeabi_f2iz                             0x08002b31   Thumb Code     0  ffix.o(x$fpl$ffix)
    _ffix                                    0x08002b31   Thumb Code    54  ffix.o(x$fpl$ffix)
    __aeabi_f2uiz                            0x08002b69   Thumb Code     0  ffixu.o(x$fpl$ffixu)
    _ffixu                                   0x08002b69   Thumb Code    62  ffixu.o(x$fpl$ffixu)
    __aeabi_i2f                              0x08002ba9   Thumb Code     0  fflt_clz.o(x$fpl$fflt)
    _fflt                                    0x08002ba9   Thumb Code    48  fflt_clz.o(x$fpl$fflt)
    __aeabi_ui2f                             0x08002bd9   Thumb Code     0  fflt_clz.o(x$fpl$ffltu)
    _ffltu                                   0x08002bd9   Thumb Code    38  fflt_clz.o(x$fpl$ffltu)
    __aeabi_fmul                             0x08002c01   Thumb Code     0  fmul.o(x$fpl$fmul)
    _fmul                                    0x08002c01   Thumb Code   258  fmul.o(x$fpl$fmul)
    __fpl_fnaninf                            0x08002d03   Thumb Code   140  fnaninf.o(x$fpl$fnaninf)
    __fpl_fretinf                            0x08002d8f   Thumb Code    10  fretinf.o(x$fpl$fretinf)
    __aeabi_frsub                            0x08002d99   Thumb Code     0  faddsub_clz.o(x$fpl$frsb)
    _frsb                                    0x08002d99   Thumb Code    20  faddsub_clz.o(x$fpl$frsb)
    __aeabi_fsub                             0x08002dad   Thumb Code     0  faddsub_clz.o(x$fpl$fsub)
    _fsub                                    0x08002dad   Thumb Code   234  faddsub_clz.o(x$fpl$fsub)
    F6x8                                     0x08002e96   Data         552  oled.o(.constdata)
    __I$use$fp                               0x08002e96   Number         0  usenofp.o(x$fpl$usenofp)
    F8X16                                    0x080030be   Data        1520  oled.o(.constdata)
    TX_ADDRESS                               0x080036ae   Data           5  24l01.o(.constdata)
    RX_ADDRESS                               0x080036b3   Data           5  24l01.o(.constdata)
    Region$$Table$$Base                      0x080036b8   Number         0  anon$$obj.o(Region$$Table)
    Region$$Table$$Limit                     0x080036d8   Number         0  anon$$obj.o(Region$$Table)
    Distance                                 0x20000000   Data           4  main.o(.data)
    m1                                       0x20000004   Data           4  main.o(.data)
    m2                                       0x20000008   Data           4  main.o(.data)
    temperature                              0x2000000c   Data           1  main.o(.data)
    humidity                                 0x2000000d   Data           1  main.o(.data)
    adcx                                     0x2000000e   Data           2  main.o(.data)
    temperature1                             0x20000010   Data           2  main.o(.data)
    CT                                       0x20000012   Data           2  main.o(.data)
    SN                                       0x20000014   Data           4  main.o(.data)
    RFID1                                    0x20000018   Data          16  main.o(.data)
    KEY                                      0x20000028   Data           6  main.o(.data)
    Hzk                                      0x2000002e   Data         832  oled.o(.data)
    TIM3CH3_CAPTURE_STA                      0x2000036e   Data           2  csb.o(.data)
    TIM3CH3_CAPTURE_VAL                      0x20000370   Data           2  csb.o(.data)
    __stdout                                 0x20000378   Data           4  usart.o(.data)
    USART_RX_STA                             0x2000037c   Data           2  usart.o(.data)
    RFID                                     0x20000380   Data          16  main.o(.bss)
    tmp_buf                                  0x20000390   Data          33  main.o(.bss)
    USART_RX_BUF                             0x200003b1   Data         200  usart.o(.bss)
    __libspace_start                         0x2000047c   Data          96  libspace.o(.bss)
    __temporary_stack_top$libspace           0x200004dc   Data           0  libspace.o(.bss)



==============================================================================

Memory Map of the image

  Image Entry point : 0x08000131

  Load Region LR_IROM1 (Base: 0x08000000, Size: 0x00003a58, Max: 0x00080000, ABSOLUTE, COMPRESSED[0x0000384c])

    Execution Region ER_IROM1 (Base: 0x08000000, Size: 0x000036d8, Max: 0x00080000, ABSOLUTE)

    Base Addr    Size         Type   Attr      Idx    E Section Name        Object

    0x08000000   0x00000130   Data   RO         1015    RESET               startup_stm32f10x_hd.o
    0x08000130   0x00000008   Code   RO         1586  * !!!main             c_w.l(__main.o)
    0x08000138   0x00000034   Code   RO         1798    !!!scatter          c_w.l(__scatter.o)
    0x0800016c   0x0000005a   Code   RO         1796    !!dczerorl2         c_w.l(__dczerorl2.o)
    0x080001c6   0x00000002   PAD
    0x080001c8   0x0000001c   Code   RO         1800    !!handler_zi        c_w.l(__scatter_zi.o)
    0x080001e4   0x00000000   Code   RO         1583    .ARM.Collect$$_printf_percent$$00000000  c_w.l(_printf_percent.o)
    0x080001e4   0x00000006   Code   RO         1582    .ARM.Collect$$_printf_percent$$00000009  c_w.l(_printf_d.o)
    0x080001ea   0x00000004   Code   RO         1629    .ARM.Collect$$_printf_percent$$00000017  c_w.l(_printf_percent_end.o)
    0x080001ee   0x00000002   Code   RO         1671    .ARM.Collect$$libinit$$00000000  c_w.l(libinit.o)
    0x080001f0   0x00000000   Code   RO         1678    .ARM.Collect$$libinit$$00000002  c_w.l(libinit2.o)
    0x080001f0   0x00000000   Code   RO         1680    .ARM.Collect$$libinit$$00000004  c_w.l(libinit2.o)
    0x080001f0   0x00000000   Code   RO         1683    .ARM.Collect$$libinit$$0000000A  c_w.l(libinit2.o)
    0x080001f0   0x00000000   Code   RO         1685    .ARM.Collect$$libinit$$0000000C  c_w.l(libinit2.o)
    0x080001f0   0x00000000   Code   RO         1687    .ARM.Collect$$libinit$$0000000E  c_w.l(libinit2.o)
    0x080001f0   0x00000000   Code   RO         1690    .ARM.Collect$$libinit$$00000011  c_w.l(libinit2.o)
    0x080001f0   0x00000000   Code   RO         1692    .ARM.Collect$$libinit$$00000013  c_w.l(libinit2.o)
    0x080001f0   0x00000000   Code   RO         1694    .ARM.Collect$$libinit$$00000015  c_w.l(libinit2.o)
    0x080001f0   0x00000000   Code   RO         1696    .ARM.Collect$$libinit$$00000017  c_w.l(libinit2.o)
    0x080001f0   0x00000000   Code   RO         1698    .ARM.Collect$$libinit$$00000019  c_w.l(libinit2.o)
    0x080001f0   0x00000000   Code   RO         1700    .ARM.Collect$$libinit$$0000001B  c_w.l(libinit2.o)
    0x080001f0   0x00000000   Code   RO         1702    .ARM.Collect$$libinit$$0000001D  c_w.l(libinit2.o)
    0x080001f0   0x00000000   Code   RO         1704    .ARM.Collect$$libinit$$0000001F  c_w.l(libinit2.o)
    0x080001f0   0x00000000   Code   RO         1706    .ARM.Collect$$libinit$$00000021  c_w.l(libinit2.o)
    0x080001f0   0x00000000   Code   RO         1708    .ARM.Collect$$libinit$$00000023  c_w.l(libinit2.o)
    0x080001f0   0x00000000   Code   RO         1710    .ARM.Collect$$libinit$$00000025  c_w.l(libinit2.o)
    0x080001f0   0x00000000   Code   RO         1714    .ARM.Collect$$libinit$$0000002C  c_w.l(libinit2.o)
    0x080001f0   0x00000000   Code   RO         1716    .ARM.Collect$$libinit$$0000002E  c_w.l(libinit2.o)
    0x080001f0   0x00000000   Code   RO         1718    .ARM.Collect$$libinit$$00000030  c_w.l(libinit2.o)
    0x080001f0   0x00000000   Code   RO         1720    .ARM.Collect$$libinit$$00000032  c_w.l(libinit2.o)
    0x080001f0   0x00000002   Code   RO         1721    .ARM.Collect$$libinit$$00000033  c_w.l(libinit2.o)
    0x080001f2   0x00000002   Code   RO         1739    .ARM.Collect$$libshutdown$$00000000  c_w.l(libshutdown.o)
    0x080001f4   0x00000000   Code   RO         1750    .ARM.Collect$$libshutdown$$00000003  c_w.l(libshutdown2.o)
    0x080001f4   0x00000000   Code   RO         1753    .ARM.Collect$$libshutdown$$00000006  c_w.l(libshutdown2.o)
    0x080001f4   0x00000000   Code   RO         1756    .ARM.Collect$$libshutdown$$00000009  c_w.l(libshutdown2.o)
    0x080001f4   0x00000000   Code   RO         1758    .ARM.Collect$$libshutdown$$0000000B  c_w.l(libshutdown2.o)
    0x080001f4   0x00000000   Code   RO         1761    .ARM.Collect$$libshutdown$$0000000E  c_w.l(libshutdown2.o)
    0x080001f4   0x00000002   Code   RO         1762    .ARM.Collect$$libshutdown$$0000000F  c_w.l(libshutdown2.o)
    0x080001f6   0x00000000   Code   RO         1624    .ARM.Collect$$rtentry$$00000000  c_w.l(__rtentry.o)
    0x080001f6   0x00000000   Code   RO         1640    .ARM.Collect$$rtentry$$00000002  c_w.l(__rtentry2.o)
    0x080001f6   0x00000006   Code   RO         1652    .ARM.Collect$$rtentry$$00000004  c_w.l(__rtentry4.o)
    0x080001fc   0x00000000   Code   RO         1642    .ARM.Collect$$rtentry$$00000009  c_w.l(__rtentry2.o)
    0x080001fc   0x00000004   Code   RO         1643    .ARM.Collect$$rtentry$$0000000A  c_w.l(__rtentry2.o)
    0x08000200   0x00000000   Code   RO         1645    .ARM.Collect$$rtentry$$0000000C  c_w.l(__rtentry2.o)
    0x08000200   0x00000008   Code   RO         1646    .ARM.Collect$$rtentry$$0000000D  c_w.l(__rtentry2.o)
    0x08000208   0x00000002   Code   RO         1675    .ARM.Collect$$rtexit$$00000000  c_w.l(rtexit.o)
    0x0800020a   0x00000000   Code   RO         1723    .ARM.Collect$$rtexit$$00000002  c_w.l(rtexit2.o)
    0x0800020a   0x00000004   Code   RO         1724    .ARM.Collect$$rtexit$$00000003  c_w.l(rtexit2.o)
    0x0800020e   0x00000006   Code   RO         1725    .ARM.Collect$$rtexit$$00000004  c_w.l(rtexit2.o)
    0x08000214   0x00000040   Code   RO         1016    .text               startup_stm32f10x_hd.o
    0x08000254   0x00000002   Code   RO         1552    .text               c_w.l(use_no_semi_2.o)
    0x08000256   0x00000002   PAD
    0x08000258   0x00000018   Code   RO         1556    .text               c_w.l(noretval__2printf.o)
    0x08000270   0x00000068   Code   RO         1558    .text               c_w.l(__printf.o)
    0x080002d8   0x00000078   Code   RO         1560    .text               c_w.l(_printf_dec.o)
    0x08000350   0x00000006   Code   RO         1584    .text               c_w.l(heapauxi.o)
    0x08000356   0x00000002   Code   RO         1622    .text               c_w.l(use_no_semi.o)
    0x08000358   0x000000b2   Code   RO         1625    .text               c_w.l(_printf_intcommon.o)
    0x0800040a   0x00000002   PAD
    0x0800040c   0x00000024   Code   RO         1627    .text               c_w.l(_printf_char_file.o)
    0x08000430   0x00000030   Code   RO         1654    .text               c_w.l(_printf_char_common.o)
    0x08000460   0x00000008   Code   RO         1656    .text               c_w.l(ferror.o)
    0x08000468   0x0000004a   Code   RO         1660    .text               c_w.l(sys_stackheap_outer.o)
    0x080004b2   0x0000000c   Code   RO         1664    .text               c_w.l(exit.o)
    0x080004be   0x00000002   PAD
    0x080004c0   0x00000008   Code   RO         1672    .text               c_w.l(libspace.o)
    0x080004c8   0x00000128   Code   RO          484    i.Adc_Init          adc.o
    0x080005f0   0x00000004   Code   RO          164    i.BusFault_Handler  stm32f10x_it.o
    0x080005f4   0x0000006c   Code   RO          550    i.CalulateCRC       rc522.o
    0x08000660   0x0000001c   Code   RO          551    i.ClearBitMask      rc522.o
    0x0800067c   0x00000064   Code   RO          508    i.DHT11_Check       dht11.o
    0x080006e0   0x00000040   Code   RO          509    i.DHT11_Init        dht11.o
    0x08000720   0x0000004c   Code   RO          510    i.DHT11_Read_Bit    dht11.o
    0x0800076c   0x0000001e   Code   RO          511    i.DHT11_Read_Byte   dht11.o
    0x0800078a   0x00000058   Code   RO          512    i.DHT11_Read_Data   dht11.o
    0x080007e2   0x00000002   PAD
    0x080007e4   0x00000040   Code   RO          513    i.DHT11_Rst         dht11.o
    0x08000824   0x00000064   Code   RO          703    i.DS18B20_Check     ds18b20.o
    0x08000888   0x0000008c   Code   RO          704    i.DS18B20_Get_Temp  ds18b20.o
    0x08000914   0x00000048   Code   RO          705    i.DS18B20_Init      ds18b20.o
    0x0800095c   0x0000006c   Code   RO          706    i.DS18B20_Read_Bit  ds18b20.o
    0x080009c8   0x00000022   Code   RO          707    i.DS18B20_Read_Byte  ds18b20.o
    0x080009ea   0x00000002   PAD
    0x080009ec   0x00000044   Code   RO          708    i.DS18B20_Rst       ds18b20.o
    0x08000a30   0x00000018   Code   RO          709    i.DS18B20_Start     ds18b20.o
    0x08000a48   0x00000074   Code   RO          710    i.DS18B20_Write_Byte  ds18b20.o
    0x08000abc   0x00000002   Code   RO          165    i.DebugMon_Handler  stm32f10x_it.o
    0x08000abe   0x00000002   PAD
    0x08000ac0   0x000000e4   Code   RO            1    i.Display           main.o
    0x08000ba4   0x00000116   Code   RO         1026    i.GPIO_Init         stm32f10x_gpio.o
    0x08000cba   0x00000004   Code   RO         1033    i.GPIO_ResetBits    stm32f10x_gpio.o
    0x08000cbe   0x00000004   Code   RO         1034    i.GPIO_SetBits      stm32f10x_gpio.o
    0x08000cc2   0x00000002   PAD
    0x08000cc4   0x00000044   Code   RO          485    i.Get_Adc           adc.o
    0x08000d08   0x0000002e   Code   RO          486    i.Get_Adc_Average   adc.o
    0x08000d36   0x00000004   Code   RO          166    i.HardFault_Handler  stm32f10x_it.o
    0x08000d3a   0x00000002   PAD
    0x08000d3c   0x00000028   Code   RO          307    i.IIC_start         oled.o
    0x08000d64   0x00000020   Code   RO          308    i.IIC_stop          oled.o
    0x08000d84   0x00000018   Code   RO          309    i.IIC_wait_Ack      oled.o
    0x08000d9c   0x0000001a   Code   RO          552    i.InitRc522         rc522.o
    0x08000db6   0x00000002   PAD
    0x08000db8   0x0000002c   Code   RO          287    i.KEY_Init          led.o
    0x08000de4   0x00000038   Code   RO          288    i.LED_Init          led.o
    0x08000e1c   0x0000005e   Code   RO          553    i.M500PcdConfigISOType  rc522.o
    0x08000e7a   0x00000002   PAD
    0x08000e7c   0x00000078   Code   RO          885    i.MY_NVIC_Init      sys.o
    0x08000ef4   0x00000028   Code   RO          886    i.MY_NVIC_PriorityGroupConfig  sys.o
    0x08000f1c   0x00000004   Code   RO          167    i.MemManage_Handler  stm32f10x_it.o
    0x08000f20   0x00000002   Code   RO          168    i.NMI_Handler       stm32f10x_it.o
    0x08000f22   0x00000002   PAD
    0x08000f24   0x00000050   Code   RO          757    i.NRF24L01_Check    24l01.o
    0x08000f74   0x000000c4   Code   RO          758    i.NRF24L01_Init     24l01.o
    0x08001038   0x0000003c   Code   RO          760    i.NRF24L01_Read_Buf  24l01.o
    0x08001074   0x0000002c   Code   RO          761    i.NRF24L01_Read_Reg  24l01.o
    0x080010a0   0x00000068   Code   RO          763    i.NRF24L01_TX_Mode  24l01.o
    0x08001108   0x00000068   Code   RO          764    i.NRF24L01_TxPacket  24l01.o
    0x08001170   0x0000003c   Code   RO          765    i.NRF24L01_Write_Buf  24l01.o
    0x080011ac   0x00000030   Code   RO          766    i.NRF24L01_Write_Reg  24l01.o
    0x080011dc   0x0000003e   Code   RO          310    i.OLED_Clear        oled.o
    0x0800121a   0x00000002   PAD
    0x0800121c   0x00000110   Code   RO          314    i.OLED_Init         oled.o
    0x0800132c   0x00000028   Code   RO          316    i.OLED_Set_Pos      oled.o
    0x08001354   0x00000068   Code   RO          317    i.OLED_ShowCHinese  oled.o
    0x080013bc   0x000000a4   Code   RO          318    i.OLED_ShowChar     oled.o
    0x08001460   0x00000088   Code   RO          319    i.OLED_ShowNum      oled.o
    0x080014e8   0x0000003a   Code   RO          320    i.OLED_ShowString   oled.o
    0x08001522   0x00000018   Code   RO          321    i.OLED_WR_Byte      oled.o
    0x0800153a   0x0000000c   Code   RO          554    i.PcdAntennaOff     rc522.o
    0x08001546   0x0000001a   Code   RO          555    i.PcdAntennaOn      rc522.o
    0x08001560   0x00000070   Code   RO          556    i.PcdAnticoll       rc522.o
    0x080015d0   0x00000056   Code   RO          557    i.PcdAuthState      rc522.o
    0x08001626   0x0000013e   Code   RO          559    i.PcdComMF522       rc522.o
    0x08001764   0x00000056   Code   RO          562    i.PcdRequest        rc522.o
    0x080017ba   0x00000002   PAD
    0x080017bc   0x00000074   Code   RO          563    i.PcdReset          rc522.o
    0x08001830   0x00000074   Code   RO          564    i.PcdSelect         rc522.o
    0x080018a4   0x00000002   Code   RO          169    i.PendSV_Handler    stm32f10x_it.o
    0x080018a6   0x00000002   PAD
    0x080018a8   0x00000020   Code   RO         1138    i.RCC_APB2PeriphClockCmd  stm32f10x_rcc.o
    0x080018c8   0x00000070   Code   RO            2    i.Rc522_read        main.o
    0x08001938   0x00000034   Code   RO          567    i.ReadRawRC         rc522.o
    0x0800196c   0x00000084   Code   RO          453    i.Read_Distane      csb.o
    0x080019f0   0x000000b4   Code   RO          829    i.SPI1_Init         spi.o
    0x08001aa4   0x00000054   Code   RO          830    i.SPI1_ReadWriteByte  spi.o
    0x08001af8   0x0000002c   Code   RO          831    i.SPI1_SetSpeed     spi.o
    0x08001b24   0x000000c8   Code   RO          569    i.SPI2_Init         rc522.o
    0x08001bec   0x00000034   Code   RO          570    i.SPIWriteByte      rc522.o
    0x08001c20   0x00000002   Code   RO          170    i.SVC_Handler       stm32f10x_it.o
    0x08001c22   0x0000001c   Code   RO          571    i.SetBitMask        rc522.o
    0x08001c3e   0x00000008   Code   RO          253    i.SetSysClock       system_stm32f10x.o
    0x08001c46   0x00000002   PAD
    0x08001c48   0x000000e0   Code   RO          254    i.SetSysClockTo72   system_stm32f10x.o
    0x08001d28   0x00000002   Code   RO          171    i.SysTick_Handler   stm32f10x_it.o
    0x08001d2a   0x00000002   PAD
    0x08001d2c   0x00000060   Code   RO          256    i.SystemInit        system_stm32f10x.o
    0x08001d8c   0x000000ac   Code   RO          454    i.TIM3_Cap_Init     csb.o
    0x08001e38   0x000000c4   Code   RO          455    i.TIM3_IRQHandler   csb.o
    0x08001efc   0x00000084   Code   RO          962    i.USART1_IRQHandler  usart.o
    0x08001f80   0x00000004   Code   RO          172    i.UsageFault_Handler  stm32f10x_it.o
    0x08001f84   0x0000002c   Code   RO          572    i.WriteRawRC        rc522.o
    0x08001fb0   0x00000054   Code   RO          322    i.Write_IIC_Byte    oled.o
    0x08002004   0x0000002c   Code   RO          323    i.Write_IIC_Command  oled.o
    0x08002030   0x0000002c   Code   RO          324    i.Write_IIC_Data    oled.o
    0x0800205c   0x00000006   Code   RO          963    i._sys_exit         usart.o
    0x08002062   0x00000002   PAD
    0x08002064   0x000002a8   Code   RO            3    i.date_read         main.o
    0x0800230c   0x00000040   Code   RO          853    i.delay_init        delay.o
    0x0800234c   0x0000003c   Code   RO          854    i.delay_ms          delay.o
    0x08002388   0x00000012   Code   RO          573    i.delay_ns          rc522.o
    0x0800239a   0x00000002   PAD
    0x0800239c   0x0000003c   Code   RO          855    i.delay_us          delay.o
    0x080023d8   0x0000001c   Code   RO          964    i.fputc             usart.o
    0x080023f4   0x0000014c   Code   RO            4    i.main              main.o
    0x08002540   0x00000016   Code   RO          326    i.oled_pow          oled.o
    0x08002556   0x00000002   PAD
    0x08002558   0x000000dc   Code   RO          965    i.uart_init         usart.o
    0x08002634   0x0000005e   Code   RO         1588    x$fpl$dfix          fz_ws.l(dfix.o)
    0x08002692   0x00000002   PAD
    0x08002694   0x00000154   Code   RO         1592    x$fpl$dmul          fz_ws.l(dmul.o)
    0x080027e8   0x0000009c   Code   RO         1630    x$fpl$dnaninf       fz_ws.l(dnaninf.o)
    0x08002884   0x0000000c   Code   RO         1632    x$fpl$dretinf       fz_ws.l(dretinf.o)
    0x08002890   0x00000056   Code   RO         1594    x$fpl$f2d           fz_ws.l(f2d.o)
    0x080028e6   0x00000002   PAD
    0x080028e8   0x000000c4   Code   RO         1596    x$fpl$fadd          fz_ws.l(faddsub_clz.o)
    0x080029ac   0x00000184   Code   RO         1603    x$fpl$fdiv          fz_ws.l(fdiv.o)
    0x08002b30   0x00000036   Code   RO         1606    x$fpl$ffix          fz_ws.l(ffix.o)
    0x08002b66   0x00000002   PAD
    0x08002b68   0x0000003e   Code   RO         1610    x$fpl$ffixu         fz_ws.l(ffixu.o)
    0x08002ba6   0x00000002   PAD
    0x08002ba8   0x00000030   Code   RO         1615    x$fpl$fflt          fz_ws.l(fflt_clz.o)
    0x08002bd8   0x00000026   Code   RO         1614    x$fpl$ffltu         fz_ws.l(fflt_clz.o)
    0x08002bfe   0x00000002   PAD
    0x08002c00   0x00000102   Code   RO         1620    x$fpl$fmul          fz_ws.l(fmul.o)
    0x08002d02   0x0000008c   Code   RO         1634    x$fpl$fnaninf       fz_ws.l(fnaninf.o)
    0x08002d8e   0x0000000a   Code   RO         1636    x$fpl$fretinf       fz_ws.l(fretinf.o)
    0x08002d98   0x00000014   Code   RO         1597    x$fpl$frsb          fz_ws.l(faddsub_clz.o)
    0x08002dac   0x000000ea   Code   RO         1598    x$fpl$fsub          fz_ws.l(faddsub_clz.o)
    0x08002e96   0x00000000   Code   RO         1638    x$fpl$usenofp       fz_ws.l(usenofp.o)
    0x08002e96   0x00000818   Data   RO          327    .constdata          oled.o
    0x080036ae   0x0000000a   Data   RO          767    .constdata          24l01.o
    0x080036b8   0x00000020   Data   RO         1794    Region$$Table       anon$$obj.o


    Execution Region RW_IRAM1 (Base: 0x20000000, Size: 0x00000ae0, Max: 0x00010000, ABSOLUTE, COMPRESSED[0x00000174])

    Base Addr    Size         Type   Attr      Idx    E Section Name        Object

    0x20000000   0x0000002e   Data   RW            6    .data               main.o
    0x2000002e   0x00000340   Data   RW          328    .data               oled.o
    0x2000036e   0x00000004   Data   RW          456    .data               csb.o
    0x20000372   0x00000004   Data   RW          856    .data               delay.o
    0x20000376   0x00000002   PAD
    0x20000378   0x00000006   Data   RW          967    .data               usart.o
    0x2000037e   0x00000002   PAD
    0x20000380   0x00000031   Zero   RW            5    .bss                main.o
    0x200003b1   0x000000c8   Zero   RW          966    .bss                usart.o
    0x20000479   0x00000003   PAD
    0x2000047c   0x00000060   Zero   RW         1673    .bss                c_w.l(libspace.o)
    0x200004dc   0x00000004   PAD
    0x200004e0   0x00000200   Zero   RW         1014    HEAP                startup_stm32f10x_hd.o
    0x200006e0   0x00000400   Zero   RW         1013    STACK               startup_stm32f10x_hd.o


==============================================================================

Image component sizes


      Code (inc. data)   RO Data    RW Data    ZI Data      Debug   Object Name

       696         88         10          0          0       5502   24l01.o
       410         20          0          0          0       1663   adc.o
       500         54          0          4          0       1943   csb.o
       184         16          0          4          0       1739   delay.o
       422         34          0          0          0       3804   dht11.o
       662         62          0          0          0       4608   ds18b20.o
       100         14          0          0          0        922   led.o
      1352        106          0         46         49     219375   main.o
      1150         36       2072        832          0      10015   oled.o
      1522         42          0          0          0      11398   rc522.o
       308         28          0          0          0       1621   spi.o
        64         26        304          0       1536        792   startup_stm32f10x_hd.o
       286          0          0          0          0       3056   stm32f10x_gpio.o
        26          0          0          0          0       3774   stm32f10x_it.o
        32          6          0          0          0        577   stm32f10x_rcc.o
       160         12          0          0          0       1261   sys.o
       328         28          0          0          0       1833   system_stm32f10x.o
       386         36          0          6        200       4080   usart.o

    ----------------------------------------------------------------------
      8620        608       2418        896       1788     277963   Object Totals
         0          0         32          0          0          0   (incl. Generated)
        32          0          0          4          3          0   (incl. Padding)

    ----------------------------------------------------------------------

      Code (inc. data)   RO Data    RW Data    ZI Data      Debug   Library Member Name

        90          0          0          0          0          0   __dczerorl2.o
         8          0          0          0          0         68   __main.o
       104          0          0          0          0         84   __printf.o
         0          0          0          0          0          0   __rtentry.o
        12          0          0          0          0          0   __rtentry2.o
         6          0          0          0          0          0   __rtentry4.o
        52          8          0          0          0          0   __scatter.o
        28          0          0          0          0          0   __scatter_zi.o
        48          6          0          0          0         96   _printf_char_common.o
        36          4          0          0          0         80   _printf_char_file.o
         6          0          0          0          0          0   _printf_d.o
       120         16          0          0          0         92   _printf_dec.o
       178          0          0          0          0         88   _printf_intcommon.o
         0          0          0          0          0          0   _printf_percent.o
         4          0          0          0          0          0   _printf_percent_end.o
        12          0          0          0          0         72   exit.o
         8          0          0          0          0         68   ferror.o
         6          0          0          0          0        152   heapauxi.o
         2          0          0          0          0          0   libinit.o
         2          0          0          0          0          0   libinit2.o
         2          0          0          0          0          0   libshutdown.o
         2          0          0          0          0          0   libshutdown2.o
         8          4          0          0         96         68   libspace.o
        24          4          0          0          0         84   noretval__2printf.o
         2          0          0          0          0          0   rtexit.o
        10          0          0          0          0          0   rtexit2.o
        74          0          0          0          0         80   sys_stackheap_outer.o
         2          0          0          0          0         68   use_no_semi.o
         2          0          0          0          0         68   use_no_semi_2.o
        94          4          0          0          0         92   dfix.o
       340         12          0          0          0        104   dmul.o
       156          4          0          0          0         92   dnaninf.o
        12          0          0          0          0         68   dretinf.o
        86          4          0          0          0         84   f2d.o
       450          8          0          0          0        236   faddsub_clz.o
       388         76          0          0          0         96   fdiv.o
        54          4          0          0          0         84   ffix.o
        62          4          0          0          0         84   ffixu.o
        86          0          0          0          0        136   fflt_clz.o
       258          4          0          0          0         84   fmul.o
       140          4          0          0          0         84   fnaninf.o
        10          0          0          0          0         68   fretinf.o
         0          0          0          0          0          0   usenofp.o

    ----------------------------------------------------------------------
      3002        166          0          0        100       2480   Library Totals
        18          0          0          0          4          0   (incl. Padding)

    ----------------------------------------------------------------------

      Code (inc. data)   RO Data    RW Data    ZI Data      Debug   Library Name

       848         42          0          0         96       1168   c_w.l
      2136        124          0          0          0       1312   fz_ws.l

    ----------------------------------------------------------------------
      3002        166          0          0        100       2480   Library Totals

    ----------------------------------------------------------------------

==============================================================================


      Code (inc. data)   RO Data    RW Data    ZI Data      Debug   

     11622        774       2418        896       1888     274355   Grand Totals
     11622        774       2418        372       1888     274355   ELF Image Totals (compressed)
     11622        774       2418        372          0          0   ROM Totals

==============================================================================

    Total RO  Size (Code + RO Data)                14040 (  13.71kB)
    Total RW  Size (RW Data + ZI Data)              2784 (   2.72kB)
    Total ROM Size (Code + RO Data + RW Data)      14412 (  14.07kB)

==============================================================================

