<html>
<body>
<pre>
<h1>礦ision Build Log</h1>
<h2>Tool Versions:</h2>
IDE-Version: μVision V5.12.0.0
Copyright (C) 2014 ARM Ltd and ARM Germany GmbH. All rights reserved.
License Information: zah Microsoft, Microsoft, LIC=X9645-GGG2X-BRSXT-RXUVG-J6CJ7-FXQR2
 
Tool Versions:
Toolchain:       MDK-ARM Standard  Version: 5.12.0.0
Toolchain Path:  E:\keil\ARM\ARMCC\Bin
C Compiler:      Armcc.exe V5.05 (build 41)
Assembler:       Armasm.exe V5.05 (build 41)
Linker/Locator:  ArmLink.exe V5.05 (build 41)
Library Manager: ArmAr.exe V5.05 (build 41)
Hex Converter:   FromElf.exe V5.05 (build 41)
CPU DLL:         SARMCM3.DLL V5.12.0.0
Dialog DLL:      DCM.DLL V1.13.0.0
    Target DLL: Segger\JL2CM3.dll
Dialog DLL:      TCM.DLL V1.14.2.0
 
<h2>Project:</h2>
D:\单片机学习文档\单片机工程总地址\学习工程\6050 lcd\Project\RVMDK(uV4)\HelTec.uvprojx
Project File Date:  09/10/2017

<h2>Output:</h2>
Rebuild target 'Template'
assembling startup_stm32f10x_hd.s...
compiling core_cm3.c...
compiling system_stm32f10x.c...
compiling misc.c...
compiling stm32f10x_adc.c...
compiling stm32f10x_bkp.c...
compiling stm32f10x_can.c...
compiling stm32f10x_cec.c...
compiling stm32f10x_crc.c...
compiling stm32f10x_dac.c...
compiling stm32f10x_dbgmcu.c...
compiling stm32f10x_dma.c...
compiling stm32f10x_exti.c...
compiling stm32f10x_flash.c...
compiling stm32f10x_fsmc.c...
compiling stm32f10x_gpio.c...
compiling stm32f10x_i2c.c...
compiling stm32f10x_iwdg.c...
compiling stm32f10x_pwr.c...
compiling stm32f10x_rcc.c...
compiling stm32f10x_rtc.c...
compiling stm32f10x_sdio.c...
compiling stm32f10x_spi.c...
compiling stm32f10x_tim.c...
compiling stm32f10x_usart.c...
compiling stm32f10x_wwdg.c...
compiling main.c...
..\..\User\main.c(40): warning:  #223-D: function "delay_init" declared implicitly
    delay_init(72); //延时初始化
..\..\User\main.c: 1 warning, 0 errors
compiling stm32f10x_it.c...
compiling led.c...
compiling OLED_I2C.c...
compiling delay.c...
compiling Delay.c...
compiling inv_mpu.c...
..\..\ME\DMP\inv_mpu.c(768): warning:  #223-D: function "delay_ms" declared implicitly
      delay_ms(100);
..\..\ME\DMP\inv_mpu.c(1662): warning:  #223-D: function "delay_ms" declared implicitly
      delay_ms(50);
..\..\ME\DMP\inv_mpu.c(1832): warning:  #223-D: function "delay_ms" declared implicitly
          delay_ms(3);
..\..\ME\DMP\inv_mpu.c(1850): warning:  #223-D: function "delay_ms" declared implicitly
          delay_ms(3);
..\..\ME\DMP\inv_mpu.c(2041): warning:  #223-D: function "delay_ms" declared implicitly
      delay_ms(200);
..\..\ME\DMP\inv_mpu.c(2732): warning:  #223-D: function "delay_ms" declared implicitly
          delay_ms(5);
..\..\ME\DMP\inv_mpu.c: 6 warnings, 0 errors
compiling inv_mpu_dmp_motion_driver.c...
compiling IOI2C.c...
..\..\ME\IIC\IOI2C.c(26): warning:  #223-D: function "delay_us" declared implicitly
        delay_us(1);
..\..\ME\IIC\IOI2C.c(43): warning:  #223-D: function "delay_us" declared implicitly
        delay_us(1);
..\..\ME\IIC\IOI2C.c(60): warning:  #223-D: function "delay_us" declared implicitly
        delay_us(1);       
..\..\ME\IIC\IOI2C.c(86): warning:  #223-D: function "delay_us" declared implicitly
        delay_us(1);
..\..\ME\IIC\IOI2C.c(101): warning:  #223-D: function "delay_us" declared implicitly
        delay_us(1);
..\..\ME\IIC\IOI2C.c(119): warning:  #223-D: function "delay_us" declared implicitly
                delay_us(1);   
..\..\ME\IIC\IOI2C.c(195): warning:  #223-D: function "delay_us" declared implicitly
          delay_us(2);
..\..\ME\IIC\IOI2C.c: 7 warnings, 0 errors
compiling MPU6050.c...
compiling sys.c...
compiling usart.c...
linking...
Program Size: Code=27988 RO-data=5876 RW-data=1348 ZI-data=1388  
FromELF: creating hex file...
"..\..\Output\HelTec.axf" - 0 Error(s), 14 Warning(s).

<h2>Collection of Component include folders:</h2>
  D:\单片机学习文档\单片机工程总地址\学习工程\6050 lcd\Project\RVMDK(uV4)\RTE
  E:\keil\ARM\PACK\Keil\STM32F1xx_DFP\1.0.5\Device\Include

<h2>Collection of Component Files used:</h2>
Load "..\\..\\Output\\HelTec.axf" 
Set JLink Project File to "D:\单片机学习文档\单片机工程总地址\学习工程\6050 lcd\Project\RVMDK(uV4)\JLinkSettings.ini"
* JLink Info: Device "STM32F103C8" selected (64 KB flash, 20 KB RAM).
 
JLink info:
------------
DLL: V4.91b, compiled Sep 15 2014 09:17:56
Firmware: J-Link ARM V8 compiled Jan 31 2018 18:34:52
Hardware: V8.00
S/N : 20080643 
Feature(s) : RDI,FlashDL,FlashBP,JFlash,GDBFull 
 
* JLink Info: TotalIRLen = 9, IRPrint = 0x0011
* JLink Info: TotalIRLen = 9, IRPrint = 0x0011
* JLink Info: Found Cortex-M3 r1p1, Little endian.
* JLink Info: FPUnit: 6 code (BP) slots and 2 literal slots
* JLink Info: TPIU fitted.
ROMTableAddr = 0xE00FF003
 
Target info:
------------
Device: STM32F103C8
VTarget = 3.280V
State of Pins: 
TCK: 1, TDI: 0, TDO: 1, TMS: 0, TRES: 1, TRST: 1
Hardware-Breakpoints: 6
Software-Breakpoints: 8192
Watchpoints:          4
JTAG speed: 2000 kHz
 
Erase Done.
Programming Done.
Verify OK.
Application running ...
</pre>
</body>
</html>
ash, 20 KB RAM).
 
JLink info:
------------
DLL: V4.91b, compiled Sep 15 2014 09:17:56
Firmware: J-Link ARM V8 compiled Jan 31 2018 18:34:52
Hardware: V8.00
S/N : 20080643 
Feature(s) : RDI,FlashDL,FlashBP,JFlash,GDBFull 
 
* JLink Info: TotalIRLen = 9, IRPrint = 0x0011
* JLink Info: TotalIRLen = 9, IRPrint = 0x0011
* JLink Info: Found Cortex-M3 r1p1, Little endian.
* JLink Info: FPUnit: 6 code (BP) slots and 2 literal slots
* JLink Info: TPIU fitted.
ROMTableAddr = 0xE00FF003
 
Target info:
------------
Device: STM32F103C8
VTarget = 3.280V
State of Pins: 
TCK: 1, TDI: 0, TDO: 1, TMS: 0, TRES: 1, TRST: 1
Hardware-Breakpoints: 6
Software-Breakpoints: 8192
Watchpoints:          4
JTAG speed: 2000 kHz
 
Erase Done.
Programming Done.
Verify OK.
Application running ...
