C51 COMPILER V9.53.0.0   MAIN                                                              01/19/2015 22:26:51 PAGE 1   


C51 COMPILER V9.53.0.0, COMPILATION OF MODULE MAIN
OBJECT MODULE PLACED IN main.OBJ
COMPILER INVOKED BY: C:\Keil_v5\C51\BIN\C51.EXE main.c OPTIMIZE(8,SPEED) BROWSE DEBUG OBJECTEXTEND TABS(2)

line level    source

   1          #include "stdio.h"
   2          #include "reg51.h"
   3          #include "max.h"  
   4          
   5          void main()
   6          {
   7   1        int k,l;
   8   1        float m;
   9   1         SCON= 0x52;
  10   1         TMOD = 0x20;
  11   1         TCON = 0x69;
  12   1         TH1 = 0xF3;
  13   1         k=max(i,j);
  14   1         l=min(i,j);
  15   1         m=avg(i,j);
  16   1         printf("max value =%d\n",k);
  17   1         printf("min value =%d\n",l);
  18   1         printf("avg value =%f\n",m);
  19   1      }


MODULE INFORMATION:   STATIC OVERLAYABLE
   CODE SIZE        =    112    ----
   CONSTANT SIZE    =     45    ----
   XDATA SIZE       =   ----    ----
   PDATA SIZE       =   ----    ----
   DATA SIZE        =      4       8
   IDATA SIZE       =   ----    ----
   BIT SIZE         =   ----    ----
END OF MODULE INFORMATION.


C51 COMPILATION COMPLETE.  0 WARNING(S),  0 ERROR(S)
