<html>
<body>
<pre>
<h1>礦ision Build Log</h1>
<h2>Tool Versions:</h2>
IDE-Version: μVision V5.12.0.0
Copyright (C) 2014 ARM Ltd and ARM Germany GmbH. All rights reserved.
License Information: zah Microsoft, Microsoft, LIC=X9645-GGG2X-BRSXT-RXUVG-J6CJ7-FXQR2
 
Tool Versions:
Toolchain:       MDK-ARM Standard  Version: 5.12.0.0
Toolchain Path:  E:\keil\ARM\ARMCC\Bin
C Compiler:      Armcc.exe V5.05 (build 41)
Assembler:       Armasm.exe V5.05 (build 41)
Linker/Locator:  ArmLink.exe V5.05 (build 41)
Library Manager: ArmAr.exe V5.05 (build 41)
Hex Converter:   FromElf.exe V5.05 (build 41)
CPU DLL:         SARMCM3.DLL V5.12.0.0
Dialog DLL:      DCM.DLL V1.13.0.0
    Target DLL: Segger\JL2CM3.dll
Dialog DLL:      TCM.DLL V1.14.2.0
 
<h2>Project:</h2>
E:\毕业设计\毕业设计\6：外校——论文——温湿度大棚  带电机\毕设程序\RCT6\USER\test.uvprojx
Project File Date:  08/03/2017

<h2>Output:</h2>
Build target 'Target 1'
compiling test.c...
compiling rcf24l01.c...
linking...
Program Size: Code=4994 RO-data=346 RW-data=20 ZI-data=1324  
FromELF: creating hex file...
"..\OBJ\test.axf" - 0 Error(s), 0 Warning(s).

<h2>Collection of Component include folders:</h2>
  E:\毕业设计\毕业设计\6：外校——论文——温湿度大棚  带电机\毕设程序\RCT6\USER\RTE
  E:\keil\ARM\PACK\Keil\STM32F1xx_DFP\1.0.5\Device\Include

<h2>Collection of Component Files used:</h2>
Load "..\\OBJ\\test.axf" 
Set JLink Project File to "E:\毕业设计\毕业设计\6：外校——论文——温湿度大棚  带电机\毕设程序\RCT6\USER\JLinkSettings.ini"
* JLink Info: Device "STM32F103C8" selected (64 KB flash, 20 KB RAM).
 
JLink info:
------------
DLL: V4.91b, compiled Sep 15 2014 09:17:56
Firmware: J-Link ARM V8 compiled Jan 31 2018 18:34:52
Hardware: V8.00
S/N : 20080643 
Feature(s) : RDI,FlashDL,FlashBP,JFlash,GDBFull 
 
* JLink Info: Found SWD-DP with ID 0x1BA01477
* JLink Info: Found SWD-DP with ID 0x1BA01477
* JLink Info: Found Cortex-M3 r1p1, Little endian.
* JLink Info: FPUnit: 6 code (BP) slots and 2 literal slots
* JLink Info: TPIU fitted.
ROMTableAddr = 0xE00FF003
 
Target info:
------------
Device: STM32F103C8
VTarget = 3.248V
State of Pins: 
TCK: 0, TDI: 1, TDO: 0, TMS: 0, TRES: 1, TRST: 1
Hardware-Breakpoints: 6
Software-Breakpoints: 8192
Watchpoints:          4
JTAG speed: 1000 kHz
 
Erase Done.
Programming Done.
Verify OK.
Application running ...
</pre>
</body>
</html>
line 93)
  u8 NRF24L01_Write_Buf(u8 reg, u8 *pBuf, u8 len)
..\SENSOR\rcf24l01.c: 2 warnings, 2 errors
"..\OBJ\test.axf" - 2 Error(s), 8 Warning(s).

<h2>Collection of Component include folders:</h2>
  E:\毕业设计\毕业设计\6：外校——论文——温湿度大棚  带电机\毕设程序\RCT6\USER\RTE
  E:\keil\ARM\PACK\Keil\STM32F1xx_DFP\1.0.5\Device\Include

<h2>Collection of Component Files used:</h2>
Target not created.
湿度大棚  带电机\毕设程序\RCT6\USER\RTE
  E:\keil\ARM\PACK\Keil\STM32F1xx_DFP\1.0.5\Device\Include

<h2>Collection of Component Files used:</h2>
Target not created.
