Component: ARM Compiler 5.05 (build 41) Tool: armlink [4d0eb9]

==============================================================================

Section Cross References

    startup_stm32f10x_hd.o(STACK) refers (Special) to heapauxi.o(.text) for __use_two_region_memory
    startup_stm32f10x_hd.o(HEAP) refers (Special) to heapauxi.o(.text) for __use_two_region_memory
    startup_stm32f10x_hd.o(RESET) refers (Special) to heapauxi.o(.text) for __use_two_region_memory
    startup_stm32f10x_hd.o(RESET) refers to startup_stm32f10x_hd.o(STACK) for __initial_sp
    startup_stm32f10x_hd.o(RESET) refers to startup_stm32f10x_hd.o(.text) for Reset_Handler
    startup_stm32f10x_hd.o(RESET) refers to timer.o(i.TIM3_IRQHandler) for TIM3_IRQHandler
    startup_stm32f10x_hd.o(RESET) refers to usart.o(i.USART1_IRQHandler) for USART1_IRQHandler
    startup_stm32f10x_hd.o(.text) refers (Special) to heapauxi.o(.text) for __use_two_region_memory
    startup_stm32f10x_hd.o(.text) refers to __main.o(!!!main) for __main
    startup_stm32f10x_hd.o(.text) refers to startup_stm32f10x_hd.o(HEAP) for Heap_Mem
    startup_stm32f10x_hd.o(.text) refers to startup_stm32f10x_hd.o(STACK) for Stack_Mem
    test.o(i.Display) refers to text.o(i.Show_Str) for Show_Str
    test.o(i.Display) refers to test.o(i.FDC2214read) for FDC2214read
    test.o(i.Display) refers to test.o(i.Scan_sjb) for Scan_sjb
    test.o(i.Display) refers to ili93xx.o(i.LCD_ShowxNum) for LCD_ShowxNum
    test.o(i.Display) refers to ili93xx.o(.data) for POINT_COLOR
    test.o(i.Display) refers to test.o(.data) for mode_selsct
    test.o(i.FDC2214read) refers to fdc2214.o(i.FDC2214_GetChannelData) for FDC2214_GetChannelData
    test.o(i.FDC2214read) refers to fdc2214.o(i.FDC2214_CalculateFrequency) for FDC2214_CalculateFrequency
    test.o(i.FDC2214read) refers to dfixu.o(x$fpl$dfixu) for __aeabi_d2uiz
    test.o(i.FDC2214read) refers to dflt_clz.o(x$fpl$dfltu) for __aeabi_ui2d
    test.o(i.FDC2214read) refers to dmul.o(x$fpl$dmul) for __aeabi_dmul
    test.o(i.FDC2214read) refers to daddsub_clz.o(x$fpl$dadd) for __aeabi_dadd
    test.o(i.FDC2214read) refers to test.o(.data) for date2
    test.o(i.Feedback) refers to dflt_clz.o(x$fpl$dfltu) for __aeabi_ui2d
    test.o(i.Feedback) refers to dmul.o(x$fpl$dmul) for __aeabi_dmul
    test.o(i.Feedback) refers to dleqf.o(x$fpl$dleqf) for __aeabi_cdcmple
    test.o(i.Feedback) refers to text.o(i.Show_Str) for Show_Str
    test.o(i.Feedback) refers to test.o(.data) for fre2
    test.o(i.Scan_sjb) refers to test.o(i.FDC2214read) for FDC2214read
    test.o(i.Scan_sjb) refers to test.o(.data) for fre2
    test.o(i.main) refers to sys.o(i.Stm32_Clock_Init) for Stm32_Clock_Init
    test.o(i.main) refers to delay.o(i.delay_init) for delay_init
    test.o(i.main) refers to usart.o(i.uart_init) for uart_init
    test.o(i.main) refers to timer.o(i.TIM3_Int_Init) for TIM3_Int_Init
    test.o(i.main) refers to ili93xx.o(i.LCD_Init) for LCD_Init
    test.o(i.main) refers to w25qxx.o(i.W25QXX_Init) for W25QXX_Init
    test.o(i.main) refers to iic.o(i.IIC_Init1) for IIC_Init1
    test.o(i.main) refers to fdc2214.o(i.FDC2214_Init) for FDC2214_Init
    test.o(i.main) refers to text.o(i.font_init) for font_init
    test.o(i.main) refers to fdc2214.o(i.FDC2214_GetChannelData) for FDC2214_GetChannelData
    test.o(i.main) refers to fdc2214.o(i.FDC2214_CalculateFrequency) for FDC2214_CalculateFrequency
    test.o(i.main) refers to dfixu.o(x$fpl$dfixu) for __aeabi_d2uiz
    test.o(i.main) refers to ili93xx.o(i.LCD_Clear) for LCD_Clear
    test.o(i.main) refers to ili93xx.o(i.LCD_DrawRectangle) for LCD_DrawRectangle
    test.o(i.main) refers to text.o(i.Show_Str) for Show_Str
    test.o(i.main) refers to test.o(i.Feedback) for Feedback
    test.o(i.main) refers to test.o(i.FDC2214read) for FDC2214read
    test.o(i.main) refers to test.o(i.Display) for Display
    test.o(i.main) refers to touch.o(.data) for tp_dev
    test.o(i.main) refers to test.o(.data) for date2
    test.o(i.main) refers to ili93xx.o(.data) for POINT_COLOR
    delay.o(i.delay_init) refers to delay.o(.data) for fac_us
    delay.o(i.delay_ms) refers to delay.o(.data) for fac_ms
    delay.o(i.delay_us) refers to delay.o(.data) for fac_us
    sys.o(i.MYRCC_DeInit) refers to sys.o(i.MY_NVIC_SetVectorTable) for MY_NVIC_SetVectorTable
    sys.o(i.MY_NVIC_Init) refers to sys.o(i.MY_NVIC_PriorityGroupConfig) for MY_NVIC_PriorityGroupConfig
    sys.o(i.Stm32_Clock_Init) refers to sys.o(i.MYRCC_DeInit) for MYRCC_DeInit
    sys.o(i.Sys_Standby) refers to sys.o(i.WFI_SET) for WFI_SET
    usart.o(i.USART1_IRQHandler) refers (Special) to use_no_semi_2.o(.text) for __use_no_semihosting
    usart.o(i.USART1_IRQHandler) refers to usart.o(.data) for USART_RX_STA
    usart.o(i.USART1_IRQHandler) refers to usart.o(.bss) for USART_RX_BUF
    usart.o(i._sys_exit) refers (Special) to use_no_semi_2.o(.text) for __use_no_semihosting
[...]
    ../clib/printf.c                         0x00000000   Number         0  _printf_char_common.o ABSOLUTE
    ../clib/printf.c                         0x00000000   Number         0  _printf_hex_ll_ptr.o ABSOLUTE
    ../clib/printf.c                         0x00000000   Number         0  __printf.o ABSOLUTE
    ../clib/printf.c                         0x00000000   Number         0  noretval__2printf.o ABSOLUTE
    ../clib/printf_percent.s                 0x00000000   Number         0  _printf_percent.o ABSOLUTE
    ../clib/printf_percent.s                 0x00000000   Number         0  _printf_x.o ABSOLUTE
    ../clib/printf_percent.s                 0x00000000   Number         0  _printf_percent_end.o ABSOLUTE
    ../clib/signal.c                         0x00000000   Number         0  defsig_abrt_inner.o ABSOLUTE
    ../clib/signal.c                         0x00000000   Number         0  defsig_fpe_inner.o ABSOLUTE
    ../clib/signal.c                         0x00000000   Number         0  defsig_rtred_inner.o ABSOLUTE
    ../clib/signal.c                         0x00000000   Number         0  defsig_stak_inner.o ABSOLUTE
    ../clib/signal.c                         0x00000000   Number         0  defsig_pvfn_inner.o ABSOLUTE
    ../clib/signal.c                         0x00000000   Number         0  defsig_cppl_inner.o ABSOLUTE
    ../clib/signal.c                         0x00000000   Number         0  defsig_rtmem_inner.o ABSOLUTE
    ../clib/signal.c                         0x00000000   Number         0  defsig_segv_inner.o ABSOLUTE
    ../clib/signal.c                         0x00000000   Number         0  defsig_other.o ABSOLUTE
    ../clib/signal.c                         0x00000000   Number         0  __raise.o ABSOLUTE
    ../clib/signal.c                         0x00000000   Number         0  defsig_exit.o ABSOLUTE
    ../clib/signal.c                         0x00000000   Number         0  defsig_rtmem_formal.o ABSOLUTE
    ../clib/signal.c                         0x00000000   Number         0  defsig_rtmem_outer.o ABSOLUTE
    ../clib/signal.c                         0x00000000   Number         0  defsig_general.o ABSOLUTE
    ../clib/signal.s                         0x00000000   Number         0  defsig.o ABSOLUTE
    ../clib/stdio.c                          0x00000000   Number         0  ferror_locked.o ABSOLUTE
    ../clib/stdio.c                          0x00000000   Number         0  ferror.o ABSOLUTE
    ../clib/stdlib.c                         0x00000000   Number         0  exit.o ABSOLUTE
    ../clib/string.c                         0x00000000   Number         0  strlen.o ABSOLUTE
    ../fplib/daddsub.s                       0x00000000   Number         0  daddsub_clz.o ABSOLUTE
    ../fplib/dcmpi.s                         0x00000000   Number         0  dcmpi.o ABSOLUTE
    ../fplib/ddiv.s                          0x00000000   Number         0  ddiv.o ABSOLUTE
    ../fplib/dfixu.s                         0x00000000   Number         0  dfixu.o ABSOLUTE
    ../fplib/dflt.s                          0x00000000   Number         0  dflt_clz.o ABSOLUTE
    ../fplib/dleqf.s                         0x00000000   Number         0  dleqf.o ABSOLUTE
    ../fplib/dmul.s                          0x00000000   Number         0  dmul.o ABSOLUTE
    ../fplib/dnaninf.s                       0x00000000   Number         0  dnaninf.o ABSOLUTE
    ../fplib/dretinf.s                       0x00000000   Number         0  dretinf.o ABSOLUTE
    ../fplib/drleqf.s                        0x00000000   Number         0  drleqf.o ABSOLUTE
    ../fplib/dsqrt.s                         0x00000000   Number         0  dsqrt_noumaal.o ABSOLUTE
    ../fplib/f2d.s                           0x00000000   Number         0  f2d.o ABSOLUTE
    ../fplib/faddsub.s                       0x00000000   Number         0  faddsub_clz.o ABSOLUTE
    ../fplib/fdiv.s                          0x00000000   Number         0  fdiv.o ABSOLUTE
    ../fplib/ffix.s                          0x00000000   Number         0  ffix.o ABSOLUTE
    ../fplib/ffixu.s                         0x00000000   Number         0  ffixu.o ABSOLUTE
    ../fplib/fflt.s                          0x00000000   Number         0  fflt_clz.o ABSOLUTE
    ../fplib/fmul.s                          0x00000000   Number         0  fmul.o ABSOLUTE
    ../fplib/fnaninf.s                       0x00000000   Number         0  fnaninf.o ABSOLUTE
    ../fplib/fpinit.s                        0x00000000   Number         0  fpinit.o ABSOLUTE
    ../fplib/fretinf.s                       0x00000000   Number         0  fretinf.o ABSOLUTE
    ../fplib/usenofp.s                       0x00000000   Number         0  usenofp.o ABSOLUTE
    ../mathlib/sqrt.c                        0x00000000   Number         0  sqrt_x.o ABSOLUTE
    ../mathlib/sqrt.c                        0x00000000   Number         0  sqrt.o ABSOLUTE
    ..\HARDWARE\24cxx.c                      0x00000000   Number         0  24cxx.o ABSOLUTE
    ..\HARDWARE\IIC.c                        0x00000000   Number         0  iic.o ABSOLUTE
    ..\HARDWARE\ILI93xx.c                    0x00000000   Number         0  ili93xx.o ABSOLUTE
    ..\HARDWARE\fdc2214.c                    0x00000000   Number         0  fdc2214.o ABSOLUTE
    ..\HARDWARE\myiic.c                      0x00000000   Number         0  myiic.o ABSOLUTE
    ..\HARDWARE\spi.c                        0x00000000   Number         0  spi.o ABSOLUTE
    ..\HARDWARE\text.c                       0x00000000   Number         0  text.o ABSOLUTE
    ..\HARDWARE\timer.c                      0x00000000   Number         0  timer.o ABSOLUTE
    ..\HARDWARE\touch.c                      0x00000000   Number         0  touch.o ABSOLUTE
    ..\HARDWARE\w25qxx.c                     0x00000000   Number         0  w25qxx.o ABSOLUTE
    ..\SYSTEM\delay\delay.c                  0x00000000   Number         0  delay.o ABSOLUTE
    ..\SYSTEM\sys\sys.c                      0x00000000   Number         0  sys.o ABSOLUTE
    ..\SYSTEM\usart\usart.c                  0x00000000   Number         0  usart.o ABSOLUTE
    ..\\SYSTEM\\sys\\sys.c                   0x00000000   Number         0  sys.o ABSOLUTE
    dc.s                                     0x00000000   Number         0  dc.o ABSOLUTE
    startup_stm32f10x_hd.s                   0x00000000   Number         0  startup_stm32f10x_hd.o ABSOLUTE
    test.c                                   0x00000000   Number         0  test.o ABSOLUTE
    RESET                                    0x08000000   Section      304  startup_stm32f10x_hd.o(RESET)
    !!!main                                  0x08000130   Section        8  __main.o(!!!main)
    !!!scatter                               0x08000138   Section       52  __scatter.o(!!!scatter)
    !!handler_copy                           0x0800016c   Section       26  __scatter_copy.o(!!handler_copy)
    !!handler_zi                             0x08000188   Section       28  __scatter_zi.o(!!handler_zi)
    .ARM.Collect$$_printf_percent$$00000000  0x080001a4   Section        0  _printf_percent.o(.ARM.Collect$$_printf_percent$$00000000)
    .ARM.Collect$$_printf_percent$$0000000C  0x080001a4   Section        6  _printf_x.o(.ARM.Collect$$_printf_percent$$0000000C)
    .ARM.Collect$$_printf_percent$$00000017  0x080001aa   Section        4  _printf_percent_end.o(.ARM.Collect$$_printf_percent$$00000017)
    .ARM.Collect$$libinit$$00000000          0x080001ae   Section        2  libinit.o(.ARM.Collect$$libinit$$00000000)
    .ARM.Collect$$libinit$$00000002          0x080001b0   Section        0  libinit2.o(.ARM.Collect$$libinit$$00000002)
    .ARM.Collect$$libinit$$00000004          0x080001b0   Section        0  libinit2.o(.ARM.Collect$$libinit$$00000004)
    .ARM.Collect$$libinit$$0000000A          0x080001b0   Section        0  libinit2.o(.ARM.Collect$$libinit$$0000000A)
    .ARM.Collect$$libinit$$0000000C          0x080001b0   Section        0  libinit2.o(.ARM.Collect$$libinit$$0000000C)
    .ARM.Collect$$libinit$$0000000E          0x080001b0   Section        0  libinit2.o(.ARM.Collect$$libinit$$0000000E)
    .ARM.Collect$$libinit$$00000011          0x080001b0   Section        0  libinit2.o(.ARM.Collect$$libinit$$00000011)
    .ARM.Collect$$libinit$$00000013          0x080001b0   Section        0  libinit2.o(.ARM.Collect$$libinit$$00000013)
    .ARM.Collect$$libinit$$00000015          0x080001b0   Section        0  libinit2.o(.ARM.Collect$$libinit$$00000015)
    .ARM.Collect$$libinit$$00000017          0x080001b0   Section        0  libinit2.o(.ARM.Collect$$libinit$$00000017)
    .ARM.Collect$$libinit$$00000019          0x080001b0   Section        0  libinit2.o(.ARM.Collect$$libinit$$00000019)
    .ARM.Collect$$libinit$$0000001B          0x080001b0   Section        0  libinit2.o(.ARM.Collect$$libinit$$0000001B)
    .ARM.Collect$$libinit$$0000001D          0x080001b0   Section        0  libinit2.o(.ARM.Collect$$libinit$$0000001D)
    .ARM.Collect$$libinit$$0000001F          0x080001b0   Section        0  libinit2.o(.ARM.Collect$$libinit$$0000001F)
    .ARM.Collect$$libinit$$00000021          0x080001b0   Section        0  libinit2.o(.ARM.Collect$$libinit$$00000021)
    .ARM.Collect$$libinit$$00000023          0x080001b0   Section        0  libinit2.o(.ARM.Collect$$libinit$$00000023)
    .ARM.Collect$$libinit$$00000025          0x080001b0   Section        0  libinit2.o(.ARM.Collect$$libinit$$00000025)
    .ARM.Collect$$libinit$$0000002C          0x080001b0   Section        0  libinit2.o(.ARM.Collect$$libinit$$0000002C)
    .ARM.Collect$$libinit$$0000002E          0x080001b0   Section        0  libinit2.o(.ARM.Collect$$libinit$$0000002E)
    .ARM.Collect$$libinit$$00000030          0x080001b0   Section        0  libinit2.o(.ARM.Collect$$libinit$$00000030)
    .ARM.Collect$$libinit$$00000032          0x080001b0   Section        0  libinit2.o(.ARM.Collect$$libinit$$00000032)
    .ARM.Collect$$libinit$$00000033          0x080001b0   Section        2  libinit2.o(.ARM.Collect$$libinit$$00000033)
    .ARM.Collect$$libshutdown$$00000000      0x080001b2   Section        2  libshutdown.o(.ARM.Collect$$libshutdown$$00000000)
    .ARM.Collect$$libshutdown$$00000003      0x080001b4   Section        0  libshutdown2.o(.ARM.Collect$$libshutdown$$00000003)
    .ARM.Collect$$libshutdown$$00000006      0x080001b4   Section        0  libshutdown2.o(.ARM.Collect$$libshutdown$$00000006)
    .ARM.Collect$$libshutdown$$00000009      0x080001b4   Section        0  libshutdown2.o(.ARM.Collect$$libshutdown$$00000009)
    .ARM.Collect$$libshutdown$$0000000B      0x080001b4   Section        0  libshutdown2.o(.ARM.Collect$$libshutdown$$0000000B)
    .ARM.Collect$$libshutdown$$0000000E      0x080001b4   Section        0  libshutdown2.o(.ARM.Collect$$libshutdown$$0000000E)
    .ARM.Collect$$libshutdown$$0000000F      0x080001b4   Section        2  libshutdown2.o(.ARM.Collect$$libshutdown$$0000000F)
    .ARM.Collect$$rtentry$$00000000          0x080001b6   Section        0  __rtentry.o(.ARM.Collect$$rtentry$$00000000)
    .ARM.Collect$$rtentry$$00000002          0x080001b6   Section        0  __rtentry2.o(.ARM.Collect$$rtentry$$00000002)
    .ARM.Collect$$rtentry$$00000004          0x080001b6   Section        6  __rtentry4.o(.ARM.Collect$$rtentry$$00000004)
    .ARM.Collect$$rtentry$$00000009          0x080001bc   Section        0  __rtentry2.o(.ARM.Collect$$rtentry$$00000009)
    .ARM.Collect$$rtentry$$0000000A          0x080001bc   Section        4  __rtentry2.o(.ARM.Collect$$rtentry$$0000000A)
    .ARM.Collect$$rtentry$$0000000C          0x080001c0   Section        0  __rtentry2.o(.ARM.Collect$$rtentry$$0000000C)
    .ARM.Collect$$rtentry$$0000000D          0x080001c0   Section        8  __rtentry2.o(.ARM.Collect$$rtentry$$0000000D)
    .ARM.Collect$$rtexit$$00000000           0x080001c8   Section        2  rtexit.o(.ARM.Collect$$rtexit$$00000000)
    .ARM.Collect$$rtexit$$00000002           0x080001ca   Section        0  rtexit2.o(.ARM.Collect$$rtexit$$00000002)
    .ARM.Collect$$rtexit$$00000003           0x080001ca   Section        4  rtexit2.o(.ARM.Collect$$rtexit$$00000003)
    .ARM.Collect$$rtexit$$00000004           0x080001ce   Section        6  rtexit2.o(.ARM.Collect$$rtexit$$00000004)
    .text                                    0x080001d4   Section       52  startup_stm32f10x_hd.o(.text)
    .text                                    0x08000208   Section        2  use_no_semi_2.o(.text)
    .text                                    0x0800020c   Section        0  noretval__2printf.o(.text)
    .text                                    0x08000224   Section        0  __printf.o(.text)
    .text                                    0x0800028c   Section        0  _printf_hex_int.o(.text)
    .text                                    0x080002e4   Section        0  heapauxi.o(.text)
    .text                                    0x080002ea   Section        2  use_no_semi.o(.text)
    .text                                    0x080002ec   Section        0  _rserrno.o(.text)
    .text                                    0x08000302   Section        0  _printf_intcommon.o(.text)
    .text                                    0x080003b4   Section        0  _printf_char_file.o(.text)
    .text                                    0x080003d8   Section        8  rt_errno_addr_intlibspace.o(.text)
    .text                                    0x080003e0   Section        0  _printf_char_common.o(.text)
    _printf_input_char                       0x080003e1   Thumb Code    10  _printf_char_common.o(.text)
    .text                                    0x08000410   Section        0  ferror.o(.text)
    .text                                    0x08000418   Section        8  libspace.o(.text)
    .text                                    0x08000420   Section       74  sys_stackheap_outer.o(.text)
    .text                                    0x0800046a   Section        0  exit.o(.text)
    i.AT24CXX_Init                           0x08000476   Section        0  24cxx.o(i.AT24CXX_Init)
    i.AT24CXX_Read                           0x0800047e   Section        0  24cxx.o(i.AT24CXX_Read)
    i.AT24CXX_ReadOneByte                    0x080004a0   Section        0  24cxx.o(i.AT24CXX_ReadOneByte)
    i.AT24CXX_Write                          0x080004f8   Section        0  24cxx.o(i.AT24CXX_Write)
    i.AT24CXX_WriteOneByte                   0x0800051c   Section        0  24cxx.o(i.AT24CXX_WriteOneByte)
    i.Display                                0x0800056c   Section        0  test.o(i.Display)
    i.FDC2214_CalculateFrequency             0x08000af4   Section        0  fdc2214.o(i.FDC2214_CalculateFrequency)
    i.FDC2214_GetChannelData                 0x08000b5c   Section        0  fdc2214.o(i.FDC2214_GetChannelData)
    i.FDC2214_Init                           0x08000bee   Section        0  fdc2214.o(i.FDC2214_Init)
    i.FDC2214_Read16                         0x08000cc8   Section        0  fdc2214.o(i.FDC2214_Read16)
    i.FDC2214_Reset                          0x08000d14   Section        0  fdc2214.o(i.FDC2214_Reset)
    i.FDC2214_SetChannelClock                0x08000d24   Section        0  fdc2214.o(i.FDC2214_SetChannelClock)
    i.FDC2214_SetClockSource                 0x08000db4   Section        0  fdc2214.o(i.FDC2214_SetClockSource)
    i.FDC2214_SetCurrentMode                 0x08000ddc   Section        0  fdc2214.o(i.FDC2214_SetCurrentMode)
    i.FDC2214_SetDriveCurrent                0x08000e04   Section        0  fdc2214.o(i.FDC2214_SetDriveCurrent)
    i.FDC2214_SetHighCurrentMode             0x08000e58   Section        0  fdc2214.o(i.FDC2214_SetHighCurrentMode)
    i.FDC2214_SetINTB                        0x08000e80   Section        0  fdc2214.o(i.FDC2214_SetINTB)
    i.FDC2214_SetMUX_CONFIG                  0x08000ec8   Section        0  fdc2214.o(i.FDC2214_SetMUX_CONFIG)
    i.FDC2214_SetRcount                      0x08000ef8   Section        0  fdc2214.o(i.FDC2214_SetRcount)
    i.FDC2214_SetSettleCount                 0x08000f4a   Section        0  fdc2214.o(i.FDC2214_SetSettleCount)
    i.FDC2214_SetSleepMode                   0x08000f94   Section        0  fdc2214.o(i.FDC2214_SetSleepMode)
    i.FDC2214_Write16                        0x08000fbc   Section        0  fdc2214.o(i.FDC2214_Write16)
    i.FDC2214read                            0x08000ff8   Section        0  test.o(i.FDC2214read)
    i.Feedback                               0x080010b8   Section        0  test.o(i.Feedback)
    i.Get_HzMat                              0x08001480   Section        0  text.o(i.Get_HzMat)
    i.IIC_Ack                                0x08001560   Section        0  myiic.o(i.IIC_Ack)
    i.IIC_Ack1                               0x080015b0   Section        0  iic.o(i.IIC_Ack1)
    i.IIC_Init                               0x08001600   Section        0  myiic.o(i.IIC_Init)
    i.IIC_Init1                              0x0800163c   Section        0  iic.o(i.IIC_Init1)
    i.IIC_NAck                               0x08001674   Section        0  myiic.o(i.IIC_NAck)
    i.IIC_NAck1                              0x080016c4   Section        0  iic.o(i.IIC_NAck1)
    i.IIC_Read_Byte                          0x08001714   Section        0  myiic.o(i.IIC_Read_Byte)
    i.IIC_Read_Byte1                         0x08001784   Section        0  iic.o(i.IIC_Read_Byte1)
    i.IIC_Send_Byte                          0x080017f4   Section        0  myiic.o(i.IIC_Send_Byte)
    i.IIC_Send_Byte1                         0x0800185c   Section        0  iic.o(i.IIC_Send_Byte1)
    i.IIC_Start                              0x080018c4   Section        0  myiic.o(i.IIC_Start)
    i.IIC_Start1                             0x08001910   Section        0  iic.o(i.IIC_Start1)
    i.IIC_Stop                               0x0800195c   Section        0  myiic.o(i.IIC_Stop)
    i.IIC_Stop1                              0x080019a8   Section        0  iic.o(i.IIC_Stop1)
    i.IIC_Wait_Ack                           0x080019f4   Section        0  myiic.o(i.IIC_Wait_Ack)
    i.IIC_Wait_Ack1                          0x08001a58   Section        0  iic.o(i.IIC_Wait_Ack1)
    i.LCD_Clear                              0x08001abc   Section        0  ili93xx.o(i.LCD_Clear)
    i.LCD_Display_Dir                        0x08001af0   Section        0  ili93xx.o(i.LCD_Display_Dir)
    i.LCD_DrawLine                           0x08001b58   Section        0  ili93xx.o(i.LCD_DrawLine)
    i.LCD_DrawPoint                          0x08001c08   Section        0  ili93xx.o(i.LCD_DrawPoint)
    i.LCD_DrawRectangle                      0x08001c2c   Section        0  ili93xx.o(i.LCD_DrawRectangle)
    i.LCD_Draw_Circle                        0x08001c68   Section        0  ili93xx.o(i.LCD_Draw_Circle)
    i.LCD_Fast_DrawPoint                     0x08001d00   Section        0  ili93xx.o(i.LCD_Fast_DrawPoint)
    i.LCD_Init                               0x08001d50   Section        0  ili93xx.o(i.LCD_Init)
    i.LCD_Pow                                0x080021e4   Section        0  ili93xx.o(i.LCD_Pow)
    i.LCD_RD_DATA                            0x080021fc   Section        0  ili93xx.o(i.LCD_RD_DATA)
    i.LCD_ReadReg                            0x08002210   Section        0  ili93xx.o(i.LCD_ReadReg)
    i.LCD_Scan_Dir                           0x08002228   Section        0  ili93xx.o(i.LCD_Scan_Dir)
    i.LCD_SetCursor                          0x080022ec   Section        0  ili93xx.o(i.LCD_SetCursor)
    i.LCD_ShowChar                           0x0800232c   Section        0  ili93xx.o(i.LCD_ShowChar)
    i.LCD_ShowNum                            0x08002454   Section        0  ili93xx.o(i.LCD_ShowNum)
    i.LCD_ShowString                         0x080024e8   Section        0  ili93xx.o(i.LCD_ShowString)
    i.LCD_ShowxNum                           0x0800254e   Section        0  ili93xx.o(i.LCD_ShowxNum)
    i.LCD_WR_DATA                            0x0800260c   Section        0  ili93xx.o(i.LCD_WR_DATA)
    i.LCD_WR_REG                             0x08002618   Section        0  ili93xx.o(i.LCD_WR_REG)
    i.LCD_WriteRAM_Prepare                   0x08002624   Section        0  ili93xx.o(i.LCD_WriteRAM_Prepare)
    i.LCD_WriteReg                           0x08002638   Section        0  ili93xx.o(i.LCD_WriteReg)
    i.MYRCC_DeInit                           0x08002648   Section        0  sys.o(i.MYRCC_DeInit)
    i.MY_NVIC_Init                           0x080026b0   Section        0  sys.o(i.MY_NVIC_Init)
    i.MY_NVIC_PriorityGroupConfig            0x08002728   Section        0  sys.o(i.MY_NVIC_PriorityGroupConfig)
    i.MY_NVIC_SetVectorTable                 0x08002750   Section        0  sys.o(i.MY_NVIC_SetVectorTable)
    i.Rtp_Scan                               0x08002764   Section        0  timer.o(i.Rtp_Scan)
    i.SPI2_Init                              0x08002868   Section        0  spi.o(i.SPI2_Init)
    i.SPI2_ReadWriteByte                     0x0800291c   Section        0  spi.o(i.SPI2_ReadWriteByte)
    i.SPI2_SetSpeed                          0x08002974   Section        0  spi.o(i.SPI2_SetSpeed)
    i.Scan_sjb                               0x080029a0   Section        0  test.o(i.Scan_sjb)
    i.Show_Font                              0x08002a10   Section        0  text.o(i.Show_Font)
    i.Show_Str                               0x08002ad8   Section        0  text.o(i.Show_Str)
    i.Stm32_Clock_Init                       0x08002b9c   Section        0  sys.o(i.Stm32_Clock_Init)
    i.TIM3_IRQHandler                        0x08002c2c   Section        0  timer.o(i.TIM3_IRQHandler)
    i.TIM3_Int_Init                          0x08002c50   Section        0  timer.o(i.TIM3_Int_Init)
    i.TP_Adj_Info_Show                       0x08002ca0   Section        0  touch.o(i.TP_Adj_Info_Show)
    i.TP_Adjust                              0x08002e48   Section        0  touch.o(i.TP_Adjust)
    i.TP_Drow_Touch_Point                    0x080036a4   Section        0  touch.o(i.TP_Drow_Touch_Point)
    i.TP_Get_Adjdata                         0x08003714   Section        0  touch.o(i.TP_Get_Adjdata)
    i.TP_Init                                0x08003764   Section        0  touch.o(i.TP_Init)
    i.TP_Read_AD                             0x08003808   Section        0  touch.o(i.TP_Read_AD)
    i.TP_Read_XOY                            0x0800389c   Section        0  touch.o(i.TP_Read_XOY)
    i.TP_Read_XY                             0x08003914   Section        0  touch.o(i.TP_Read_XY)
    i.TP_Read_XY2                            0x08003944   Section        0  touch.o(i.TP_Read_XY2)
    i.TP_Save_Adjdata                        0x08003a04   Section        0  touch.o(i.TP_Save_Adjdata)
    i.TP_Scan                                0x08003a20   Section        0  touch.o(i.TP_Scan)
    i.TP_Write_Byte                          0x08003b30   Section        0  touch.o(i.TP_Write_Byte)
    i.USART1_IRQHandler                      0x08003b7c   Section        0  usart.o(i.USART1_IRQHandler)
    i.W25QXX_Init                            0x08003c00   Section        0  w25qxx.o(i.W25QXX_Init)
    i.W25QXX_Read                            0x08003c50   Section        0  w25qxx.o(i.W25QXX_Read)
    i.W25QXX_ReadID                          0x08003ca0   Section        0  w25qxx.o(i.W25QXX_ReadID)
    i._sys_exit                              0x08003ce8   Section        0  usart.o(i._sys_exit)
    i.delay_init                             0x08003cf0   Section        0  delay.o(i.delay_init)
    i.delay_ms                               0x08003d30   Section        0  delay.o(i.delay_ms)
    i.delay_us                               0x08003d6c   Section        0  delay.o(i.delay_us)
    i.font_init                              0x08003da8   Section        0  text.o(i.font_init)
    i.fputc                                  0x08003dec   Section        0  usart.o(i.fputc)
    i.main                                   0x08003e08   Section        0  test.o(i.main)
    i.sqrt                                   0x08004084   Section        0  sqrt.o(i.sqrt)
    i.uart_init                              0x080040d0   Section        0  usart.o(i.uart_init)
    x$fpl$dadd                               0x080041ac   Section      336  daddsub_clz.o(x$fpl$dadd)
    _dadd1                                   0x080041bd   Thumb Code     0  daddsub_clz.o(x$fpl$dadd)
    x$fpl$dcmpinf                            0x080042fc   Section       24  dcmpi.o(x$fpl$dcmpinf)
    x$fpl$ddiv                               0x08004314   Section      688  ddiv.o(x$fpl$ddiv)
    ddiv_entry                               0x0800431b   Thumb Code     0  ddiv.o(x$fpl$ddiv)
    x$fpl$dfixu                              0x080045c4   Section       90  dfixu.o(x$fpl$dfixu)
    x$fpl$dfltu                              0x0800461e   Section       38  dflt_clz.o(x$fpl$dfltu)
    x$fpl$dleqf                              0x08004644   Section      120  dleqf.o(x$fpl$dleqf)
    x$fpl$dmul                               0x080046bc   Section      340  dmul.o(x$fpl$dmul)
    x$fpl$dnaninf                            0x08004810   Section      156  dnaninf.o(x$fpl$dnaninf)
    x$fpl$dretinf                            0x080048ac   Section       12  dretinf.o(x$fpl$dretinf)
    x$fpl$drleqf                             0x080048b8   Section      108  drleqf.o(x$fpl$drleqf)
    x$fpl$dsqrt                              0x08004924   Section      460  dsqrt_noumaal.o(x$fpl$dsqrt)
    x$fpl$dsub                               0x08004af0   Section      468  daddsub_clz.o(x$fpl$dsub)
    _dsub1                                   0x08004b01   Thumb Code     0  daddsub_clz.o(x$fpl$dsub)
    x$fpl$f2d                                0x08004cc4   Section       86  f2d.o(x$fpl$f2d)
    x$fpl$fadd                               0x08004d1c   Section      196  faddsub_clz.o(x$fpl$fadd)
    _fadd1                                   0x08004d2b   Thumb Code     0  faddsub_clz.o(x$fpl$fadd)
    x$fpl$fdiv                               0x08004de0   Section      388  fdiv.o(x$fpl$fdiv)
    _fdiv1                                   0x08004de1   Thumb Code     0  fdiv.o(x$fpl$fdiv)
    x$fpl$ffix                               0x08004f64   Section       54  ffix.o(x$fpl$ffix)
    x$fpl$ffixu                              0x08004f9c   Section       62  ffixu.o(x$fpl$ffixu)
    x$fpl$fflt                               0x08004fdc   Section       48  fflt_clz.o(x$fpl$fflt)
    x$fpl$ffltu                              0x0800500c   Section       38  fflt_clz.o(x$fpl$ffltu)
    x$fpl$fmul                               0x08005034   Section      258  fmul.o(x$fpl$fmul)
    x$fpl$fnaninf                            0x08005136   Section      140  fnaninf.o(x$fpl$fnaninf)
    x$fpl$fretinf                            0x080051c2   Section       10  fretinf.o(x$fpl$fretinf)
    x$fpl$frsb                               0x080051cc   Section       20  faddsub_clz.o(x$fpl$frsb)
    x$fpl$fsub                               0x080051e0   Section      234  faddsub_clz.o(x$fpl$fsub)
    _fsub1                                   0x080051ef   Thumb Code     0  faddsub_clz.o(x$fpl$fsub)
    .constdata                               0x080052ca   Section     6080  ili93xx.o(.constdata)
    x$fpl$usenofp                            0x080052ca   Section        0  usenofp.o(x$fpl$usenofp)
    .constdata                               0x08006a8c   Section        4  touch.o(.constdata)
    .constdata                               0x08006a90   Section       40  _printf_hex_int.o(.constdata)
    uc_hextab                                0x08006a90   Data          20  _printf_hex_int.o(.constdata)
    lc_hextab                                0x08006aa4   Data          20  _printf_hex_int.o(.constdata)
    .conststring                             0x08006ab8   Section      121  touch.o(.conststring)
    .data                                    0x20000000   Section       76  test.o(.data)
    .data                                    0x2000004c   Section        4  delay.o(.data)
    fac_us                                   0x2000004c   Data           1  delay.o(.data)
    fac_ms                                   0x2000004e   Data           2  delay.o(.data)
    .data                                    0x20000050   Section        6  usart.o(.data)
    .data                                    0x20000056   Section        4  ili93xx.o(.data)
    .data                                    0x2000005c   Section       54  touch.o(.data)
    .data                                    0x20000092   Section        2  w25qxx.o(.data)
    .data                                    0x20000094   Section        4  fdc2214.o(.data)
    .bss                                     0x20000098   Section      200  usart.o(.bss)
    .bss                                     0x20000160   Section       14  ili93xx.o(.bss)
    .bss                                     0x2000016e   Section       33  text.o(.bss)
    .bss                                     0x20000190   Section       32  fdc2214.o(.bss)
    .bss                                     0x200001b0   Section       96  libspace.o(.bss)
    HEAP                                     0x20000210   Section        0  startup_stm32f10x_hd.o(HEAP)
    STACK                                    0x20000210   Section     1024  startup_stm32f10x_hd.o(STACK)
    Heap_Mem                                 0x20000210   Data           0  startup_stm32f10x_hd.o(HEAP)
    Stack_Mem                                0x20000210   Data        1024  startup_stm32f10x_hd.o(STACK)
    __initial_sp                             0x20000610   Data           0  startup_stm32f10x_hd.o(STACK)

    Global Symbols

    Symbol Name                              Value     Ov Type        Size  Object(Section)

    BuildAttributes$$THM_ISAv4$P$D$K$B$S$PE$A:L22UL41UL21$X:L11$S22US41US21$IEEE1$IW$USESV6$~STKCKD$USESV7$~SHL$OTIME$ROPI$IEEEJ$EBA8$UX$STANDARDLIB$REQ8$PRES8$EABIv2 0x00000000   Number         0  anon$$obj.o ABSOLUTE
    __ARM_use_no_argv                        0x00000000   Number         0  test.o ABSOLUTE
    __ARM_exceptions_init                     - Undefined Weak Reference
    __alloca_initialize                       - Undefined Weak Reference
    __arm_preinit_                            - Undefined Weak Reference
    __cpp_initialize__aeabi_                  - Undefined Weak Reference
    __cxa_finalize                            - Undefined Weak Reference
    __rt_locale                               - Undefined Weak Reference
    __sigvec_lookup                           - Undefined Weak Reference
    _atexit_init                              - Undefined Weak Reference
    _call_atexit_fns                          - Undefined Weak Reference
    _clock_init                               - Undefined Weak Reference
    _fp_trap_init                             - Undefined Weak Reference
    _fp_trap_shutdown                         - Undefined Weak Reference
    _get_lc_collate                           - Undefined Weak Reference
    _get_lc_ctype                             - Undefined Weak Reference
    _get_lc_monetary                          - Undefined Weak Reference
    _get_lc_numeric                           - Undefined Weak Reference
    _get_lc_time                              - Undefined Weak Reference
    _getenv_init                              - Undefined Weak Reference
    _handle_redirection                       - Undefined Weak Reference
    _init_alloc                               - Undefined Weak Reference
    _init_user_alloc                          - Undefined Weak Reference
    _initio                                   - Undefined Weak Reference
    _mutex_acquire                            - Undefined Weak Reference
    _mutex_release                            - Undefined Weak Reference
    _printf_post_padding                      - Undefined Weak Reference
    _printf_pre_padding                       - Undefined Weak Reference
    _printf_truncate_unsigned                 - Undefined Weak Reference
    _rand_init                                - Undefined Weak Reference
    _signal_finish                            - Undefined Weak Reference
    _signal_init                              - Undefined Weak Reference
    _terminate_alloc                          - Undefined Weak Reference
    _terminate_user_alloc                     - Undefined Weak Reference
    _terminateio                              - Undefined Weak Reference
    __Vectors_Size                           0x00000130   Number         0  startup_stm32f10x_hd.o ABSOLUTE
    __Vectors                                0x08000000   Data           4  startup_stm32f10x_hd.o(RESET)
    __Vectors_End                            0x08000130   Data           0  startup_stm32f10x_hd.o(RESET)
    __main                                   0x08000131   Thumb Code     8  __main.o(!!!main)
    __scatterload                            0x08000139   Thumb Code     0  __scatter.o(!!!scatter)
    __scatterload_rt2                        0x08000139   Thumb Code    44  __scatter.o(!!!scatter)
    __scatterload_rt2_thumb_only             0x08000139   Thumb Code     0  __scatter.o(!!!scatter)
    __scatterload_null                       0x08000147   Thumb Code     0  __scatter.o(!!!scatter)
    __scatterload_copy                       0x0800016d   Thumb Code    26  __scatter_copy.o(!!handler_copy)
    __scatterload_zeroinit                   0x08000189   Thumb Code    28  __scatter_zi.o(!!handler_zi)
    _printf_percent                          0x080001a5   Thumb Code     0  _printf_percent.o(.ARM.Collect$$_printf_percent$$00000000)
    _printf_x                                0x080001a5   Thumb Code     0  _printf_x.o(.ARM.Collect$$_printf_percent$$0000000C)
    _printf_percent_end                      0x080001ab   Thumb Code     0  _printf_percent_end.o(.ARM.Collect$$_printf_percent$$00000017)
    __rt_lib_init                            0x080001af   Thumb Code     0  libinit.o(.ARM.Collect$$libinit$$00000000)
    __rt_lib_init_alloca_1                   0x080001b1   Thumb Code     0  libinit2.o(.ARM.Collect$$libinit$$0000002E)
    __rt_lib_init_argv_1                     0x080001b1   Thumb Code     0  libinit2.o(.ARM.Collect$$libinit$$0000002C)
    __rt_lib_init_atexit_1                   0x080001b1   Thumb Code     0  libinit2.o(.ARM.Collect$$libinit$$0000001B)
    __rt_lib_init_clock_1                    0x080001b1   Thumb Code     0  libinit2.o(.ARM.Collect$$libinit$$00000021)
    __rt_lib_init_cpp_1                      0x080001b1   Thumb Code     0  libinit2.o(.ARM.Collect$$libinit$$00000032)
    __rt_lib_init_exceptions_1               0x080001b1   Thumb Code     0  libinit2.o(.ARM.Collect$$libinit$$00000030)
    __rt_lib_init_fp_1                       0x080001b1   Thumb Code     0  libinit2.o(.ARM.Collect$$libinit$$00000002)
    __rt_lib_init_fp_trap_1                  0x080001b1   Thumb Code     0  libinit2.o(.ARM.Collect$$libinit$$0000001F)
    __rt_lib_init_getenv_1                   0x080001b1   Thumb Code     0  libinit2.o(.ARM.Collect$$libinit$$00000023)
    __rt_lib_init_heap_1                     0x080001b1   Thumb Code     0  libinit2.o(.ARM.Collect$$libinit$$0000000A)
    __rt_lib_init_lc_collate_1               0x080001b1   Thumb Code     0  libinit2.o(.ARM.Collect$$libinit$$00000011)
    __rt_lib_init_lc_ctype_1                 0x080001b1   Thumb Code     0  libinit2.o(.ARM.Collect$$libinit$$00000013)
    __rt_lib_init_lc_monetary_1              0x080001b1   Thumb Code     0  libinit2.o(.ARM.Collect$$libinit$$00000015)
    __rt_lib_init_lc_numeric_1               0x080001b1   Thumb Code     0  libinit2.o(.ARM.Collect$$libinit$$00000017)
    __rt_lib_init_lc_time_1                  0x080001b1   Thumb Code     0  libinit2.o(.ARM.Collect$$libinit$$00000019)
    __rt_lib_init_preinit_1                  0x080001b1   Thumb Code     0  libinit2.o(.ARM.Collect$$libinit$$00000004)
    __rt_lib_init_rand_1                     0x080001b1   Thumb Code     0  libinit2.o(.ARM.Collect$$libinit$$0000000E)
    __rt_lib_init_return                     0x080001b1   Thumb Code     0  libinit2.o(.ARM.Collect$$libinit$$00000033)
    __rt_lib_init_signal_1                   0x080001b1   Thumb Code     0  libinit2.o(.ARM.Collect$$libinit$$0000001D)
    __rt_lib_init_stdio_1                    0x080001b1   Thumb Code     0  libinit2.o(.ARM.Collect$$libinit$$00000025)
    __rt_lib_init_user_alloc_1               0x080001b1   Thumb Code     0  libinit2.o(.ARM.Collect$$libinit$$0000000C)
    __rt_lib_shutdown                        0x080001b3   Thumb Code     0  libshutdown.o(.ARM.Collect$$libshutdown$$00000000)
    __rt_lib_shutdown_fp_trap_1              0x080001b5   Thumb Code     0  libshutdown2.o(.ARM.Collect$$libshutdown$$00000006)
    __rt_lib_shutdown_heap_1                 0x080001b5   Thumb Code     0  libshutdown2.o(.ARM.Collect$$libshutdown$$0000000E)
    __rt_lib_shutdown_return                 0x080001b5   Thumb Code     0  libshutdown2.o(.ARM.Collect$$libshutdown$$0000000F)
    __rt_lib_shutdown_signal_1               0x080001b5   Thumb Code     0  libshutdown2.o(.ARM.Collect$$libshutdown$$00000009)
    __rt_lib_shutdown_stdio_1                0x080001b5   Thumb Code     0  libshutdown2.o(.ARM.Collect$$libshutdown$$00000003)
    __rt_lib_shutdown_user_alloc_1           0x080001b5   Thumb Code     0  libshutdown2.o(.ARM.Collect$$libshutdown$$0000000B)
    __rt_entry                               0x080001b7   Thumb Code     0  __rtentry.o(.ARM.Collect$$rtentry$$00000000)
    __rt_entry_presh_1                       0x080001b7   Thumb Code     0  __rtentry2.o(.ARM.Collect$$rtentry$$00000002)
    __rt_entry_sh                            0x080001b7   Thumb Code     0  __rtentry4.o(.ARM.Collect$$rtentry$$00000004)
    __rt_entry_li                            0x080001bd   Thumb Code     0  __rtentry2.o(.ARM.Collect$$rtentry$$0000000A)
    __rt_entry_postsh_1                      0x080001bd   Thumb Code     0  __rtentry2.o(.ARM.Collect$$rtentry$$00000009)
    __rt_entry_main                          0x080001c1   Thumb Code     0  __rtentry2.o(.ARM.Collect$$rtentry$$0000000D)
    __rt_entry_postli_1                      0x080001c1   Thumb Code     0  __rtentry2.o(.ARM.Collect$$rtentry$$0000000C)
    __rt_exit                                0x080001c9   Thumb Code     0  rtexit.o(.ARM.Collect$$rtexit$$00000000)
    __rt_exit_ls                             0x080001cb   Thumb Code     0  rtexit2.o(.ARM.Collect$$rtexit$$00000003)
    __rt_exit_prels_1                        0x080001cb   Thumb Code     0  rtexit2.o(.ARM.Collect$$rtexit$$00000002)
    __rt_exit_exit                           0x080001cf   Thumb Code     0  rtexit2.o(.ARM.Collect$$rtexit$$00000004)
    Reset_Handler                            0x080001d5   Thumb Code     4  startup_stm32f10x_hd.o(.text)
    NMI_Handler                              0x080001d9   Thumb Code     2  startup_stm32f10x_hd.o(.text)
    HardFault_Handler                        0x080001db   Thumb Code     2  startup_stm32f10x_hd.o(.text)
    MemManage_Handler                        0x080001dd   Thumb Code     2  startup_stm32f10x_hd.o(.text)
    BusFault_Handler                         0x080001df   Thumb Code     2  startup_stm32f10x_hd.o(.text)
    UsageFault_Handler                       0x080001e1   Thumb Code     2  startup_stm32f10x_hd.o(.text)
    SVC_Handler                              0x080001e3   Thumb Code     2  startup_stm32f10x_hd.o(.text)
    DebugMon_Handler                         0x080001e5   Thumb Code     2  startup_stm32f10x_hd.o(.text)
    PendSV_Handler                           0x080001e7   Thumb Code     2  startup_stm32f10x_hd.o(.text)
    SysTick_Handler                          0x080001e9   Thumb Code     2  startup_stm32f10x_hd.o(.text)
    ADC1_2_IRQHandler                        0x080001eb   Thumb Code     0  startup_stm32f10x_hd.o(.text)
    ADC3_IRQHandler                          0x080001eb   Thumb Code     0  startup_stm32f10x_hd.o(.text)
    CAN1_RX1_IRQHandler                      0x080001eb   Thumb Code     0  startup_stm32f10x_hd.o(.text)
    CAN1_SCE_IRQHandler                      0x080001eb   Thumb Code     0  startup_stm32f10x_hd.o(.text)
    DMA1_Channel1_IRQHandler                 0x080001eb   Thumb Code     0  startup_stm32f10x_hd.o(.text)
    DMA1_Channel2_IRQHandler                 0x080001eb   Thumb Code     0  startup_stm32f10x_hd.o(.text)
    DMA1_Channel3_IRQHandler                 0x080001eb   Thumb Code     0  startup_stm32f10x_hd.o(.text)
    DMA1_Channel4_IRQHandler                 0x080001eb   Thumb Code     0  startup_stm32f10x_hd.o(.text)
    DMA1_Channel5_IRQHandler                 0x080001eb   Thumb Code     0  startup_stm32f10x_hd.o(.text)
    DMA1_Channel6_IRQHandler                 0x080001eb   Thumb Code     0  startup_stm32f10x_hd.o(.text)
    DMA1_Channel7_IRQHandler                 0x080001eb   Thumb Code     0  startup_stm32f10x_hd.o(.text)
    DMA2_Channel1_IRQHandler                 0x080001eb   Thumb Code     0  startup_stm32f10x_hd.o(.text)
    DMA2_Channel2_IRQHandler                 0x080001eb   Thumb Code     0  startup_stm32f10x_hd.o(.text)
    DMA2_Channel3_IRQHandler                 0x080001eb   Thumb Code     0  startup_stm32f10x_hd.o(.text)
    DMA2_Channel4_5_IRQHandler               0x080001eb   Thumb Code     0  startup_stm32f10x_hd.o(.text)
    EXTI0_IRQHandler                         0x080001eb   Thumb Code     0  startup_stm32f10x_hd.o(.text)
    EXTI15_10_IRQHandler                     0x080001eb   Thumb Code     0  startup_stm32f10x_hd.o(.text)
    EXTI1_IRQHandler                         0x080001eb   Thumb Code     0  startup_stm32f10x_hd.o(.text)
    EXTI2_IRQHandler                         0x080001eb   Thumb Code     0  startup_stm32f10x_hd.o(.text)
    EXTI3_IRQHandler                         0x080001eb   Thumb Code     0  startup_stm32f10x_hd.o(.text)
    EXTI4_IRQHandler                         0x080001eb   Thumb Code     0  startup_stm32f10x_hd.o(.text)
    EXTI9_5_IRQHandler                       0x080001eb   Thumb Code     0  startup_stm32f10x_hd.o(.text)
    FLASH_IRQHandler                         0x080001eb   Thumb Code     0  startup_stm32f10x_hd.o(.text)
    FSMC_IRQHandler                          0x080001eb   Thumb Code     0  startup_stm32f10x_hd.o(.text)
    I2C1_ER_IRQHandler                       0x080001eb   Thumb Code     0  startup_stm32f10x_hd.o(.text)
    I2C1_EV_IRQHandler                       0x080001eb   Thumb Code     0  startup_stm32f10x_hd.o(.text)
    I2C2_ER_IRQHandler                       0x080001eb   Thumb Code     0  startup_stm32f10x_hd.o(.text)
    I2C2_EV_IRQHandler                       0x080001eb   Thumb Code     0  startup_stm32f10x_hd.o(.text)
    PVD_IRQHandler                           0x080001eb   Thumb Code     0  startup_stm32f10x_hd.o(.text)
    RCC_IRQHandler                           0x080001eb   Thumb Code     0  startup_stm32f10x_hd.o(.text)
    RTCAlarm_IRQHandler                      0x080001eb   Thumb Code     0  startup_stm32f10x_hd.o(.text)
    RTC_IRQHandler                           0x080001eb   Thumb Code     0  startup_stm32f10x_hd.o(.text)
    SDIO_IRQHandler                          0x080001eb   Thumb Code     0  startup_stm32f10x_hd.o(.text)
    SPI1_IRQHandler                          0x080001eb   Thumb Code     0  startup_stm32f10x_hd.o(.text)
    SPI2_IRQHandler                          0x080001eb   Thumb Code     0  startup_stm32f10x_hd.o(.text)
    SPI3_IRQHandler                          0x080001eb   Thumb Code     0  startup_stm32f10x_hd.o(.text)
    TAMPER_IRQHandler                        0x080001eb   Thumb Code     0  startup_stm32f10x_hd.o(.text)
    TIM1_BRK_IRQHandler                      0x080001eb   Thumb Code     0  startup_stm32f10x_hd.o(.text)
    TIM1_CC_IRQHandler                       0x080001eb   Thumb Code     0  startup_stm32f10x_hd.o(.text)
    TIM1_TRG_COM_IRQHandler                  0x080001eb   Thumb Code     0  startup_stm32f10x_hd.o(.text)
    TIM1_UP_IRQHandler                       0x080001eb   Thumb Code     0  startup_stm32f10x_hd.o(.text)
    TIM2_IRQHandler                          0x080001eb   Thumb Code     0  startup_stm32f10x_hd.o(.text)
    TIM4_IRQHandler                          0x080001eb   Thumb Code     0  startup_stm32f10x_hd.o(.text)
    TIM5_IRQHandler                          0x080001eb   Thumb Code     0  startup_stm32f10x_hd.o(.text)
    TIM6_IRQHandler                          0x080001eb   Thumb Code     0  startup_stm32f10x_hd.o(.text)
    TIM7_IRQHandler                          0x080001eb   Thumb Code     0  startup_stm32f10x_hd.o(.text)
    TIM8_BRK_IRQHandler                      0x080001eb   Thumb Code     0  startup_stm32f10x_hd.o(.text)
    TIM8_CC_IRQHandler                       0x080001eb   Thumb Code     0  startup_stm32f10x_hd.o(.text)
    TIM8_TRG_COM_IRQHandler                  0x080001eb   Thumb Code     0  startup_stm32f10x_hd.o(.text)
    TIM8_UP_IRQHandler                       0x080001eb   Thumb Code     0  startup_stm32f10x_hd.o(.text)
    UART4_IRQHandler                         0x080001eb   Thumb Code     0  startup_stm32f10x_hd.o(.text)
    UART5_IRQHandler                         0x080001eb   Thumb Code     0  startup_stm32f10x_hd.o(.text)
    USART2_IRQHandler                        0x080001eb   Thumb Code     0  startup_stm32f10x_hd.o(.text)
    USART3_IRQHandler                        0x080001eb   Thumb Code     0  startup_stm32f10x_hd.o(.text)
    USBWakeUp_IRQHandler                     0x080001eb   Thumb Code     0  startup_stm32f10x_hd.o(.text)
    USB_HP_CAN1_TX_IRQHandler                0x080001eb   Thumb Code     0  startup_stm32f10x_hd.o(.text)
    USB_LP_CAN1_RX0_IRQHandler               0x080001eb   Thumb Code     0  startup_stm32f10x_hd.o(.text)
    WWDG_IRQHandler                          0x080001eb   Thumb Code     0  startup_stm32f10x_hd.o(.text)
    __user_initial_stackheap                 0x080001ed   Thumb Code     0  startup_stm32f10x_hd.o(.text)
    __use_no_semihosting                     0x08000209   Thumb Code     2  use_no_semi_2.o(.text)
    __2printf                                0x0800020d   Thumb Code    20  noretval__2printf.o(.text)
    __printf                                 0x08000225   Thumb Code   104  __printf.o(.text)
    _printf_int_hex                          0x0800028d   Thumb Code    84  _printf_hex_int.o(.text)
    _printf_longlong_hex                     0x0800028d   Thumb Code     0  _printf_hex_int.o(.text)
    __use_two_region_memory                  0x080002e5   Thumb Code     2  heapauxi.o(.text)
    __rt_heap_escrow$2region                 0x080002e7   Thumb Code     2  heapauxi.o(.text)
    __rt_heap_expand$2region                 0x080002e9   Thumb Code     2  heapauxi.o(.text)
    __I$use$semihosting                      0x080002eb   Thumb Code     0  use_no_semi.o(.text)
    __use_no_semihosting_swi                 0x080002eb   Thumb Code     2  use_no_semi.o(.text)
    __read_errno                             0x080002ed   Thumb Code    10  _rserrno.o(.text)
    __set_errno                              0x080002f7   Thumb Code    12  _rserrno.o(.text)
    _printf_int_common                       0x08000303   Thumb Code   178  _printf_intcommon.o(.text)
    _printf_char_file                        0x080003b5   Thumb Code    32  _printf_char_file.o(.text)
    __aeabi_errno_addr                       0x080003d9   Thumb Code     8  rt_errno_addr_intlibspace.o(.text)
    __errno$intlibspace                      0x080003d9   Thumb Code     0  rt_errno_addr_intlibspace.o(.text)
    __rt_errno_addr$intlibspace              0x080003d9   Thumb Code     0  rt_errno_addr_intlibspace.o(.text)
    _printf_char_common                      0x080003eb   Thumb Code    32  _printf_char_common.o(.text)
    ferror                                   0x08000411   Thumb Code     8  ferror.o(.text)
    __user_libspace                          0x08000419   Thumb Code     8  libspace.o(.text)
    __user_perproc_libspace                  0x08000419   Thumb Code     0  libspace.o(.text)
    __user_perthread_libspace                0x08000419   Thumb Code     0  libspace.o(.text)
    __user_setup_stackheap                   0x08000421   Thumb Code    74  sys_stackheap_outer.o(.text)
    exit                                     0x0800046b   Thumb Code    12  exit.o(.text)
    AT24CXX_Init                             0x08000477   Thumb Code     8  24cxx.o(i.AT24CXX_Init)
    AT24CXX_Read                             0x0800047f   Thumb Code    34  24cxx.o(i.AT24CXX_Read)
    AT24CXX_ReadOneByte                      0x080004a1   Thumb Code    88  24cxx.o(i.AT24CXX_ReadOneByte)
    AT24CXX_Write                            0x080004f9   Thumb Code    36  24cxx.o(i.AT24CXX_Write)
    AT24CXX_WriteOneByte                     0x0800051d   Thumb Code    80  24cxx.o(i.AT24CXX_WriteOneByte)
    Display                                  0x0800056d   Thumb Code  1366  test.o(i.Display)
    FDC2214_CalculateFrequency               0x08000af5   Thumb Code    90  fdc2214.o(i.FDC2214_CalculateFrequency)
    FDC2214_GetChannelData                   0x08000b5d   Thumb Code   146  fdc2214.o(i.FDC2214_GetChannelData)
    FDC2214_Init                             0x08000bef   Thumb Code   218  fdc2214.o(i.FDC2214_Init)
    FDC2214_Read16                           0x08000cc9   Thumb Code    76  fdc2214.o(i.FDC2214_Read16)
    FDC2214_Reset                            0x08000d15   Thumb Code    16  fdc2214.o(i.FDC2214_Reset)
    FDC2214_SetChannelClock                  0x08000d25   Thumb Code   132  fdc2214.o(i.FDC2214_SetChannelClock)
    FDC2214_SetClockSource                   0x08000db5   Thumb Code    40  fdc2214.o(i.FDC2214_SetClockSource)
    FDC2214_SetCurrentMode                   0x08000ddd   Thumb Code    40  fdc2214.o(i.FDC2214_SetCurrentMode)
    FDC2214_SetDriveCurrent                  0x08000e05   Thumb Code    84  fdc2214.o(i.FDC2214_SetDriveCurrent)
    FDC2214_SetHighCurrentMode               0x08000e59   Thumb Code    40  fdc2214.o(i.FDC2214_SetHighCurrentMode)
    FDC2214_SetINTB                          0x08000e81   Thumb Code    72  fdc2214.o(i.FDC2214_SetINTB)
    FDC2214_SetMUX_CONFIG                    0x08000ec9   Thumb Code    48  fdc2214.o(i.FDC2214_SetMUX_CONFIG)
    FDC2214_SetRcount                        0x08000ef9   Thumb Code    82  fdc2214.o(i.FDC2214_SetRcount)
    FDC2214_SetSettleCount                   0x08000f4b   Thumb Code    74  fdc2214.o(i.FDC2214_SetSettleCount)
    FDC2214_SetSleepMode                     0x08000f95   Thumb Code    40  fdc2214.o(i.FDC2214_SetSleepMode)
    FDC2214_Write16                          0x08000fbd   Thumb Code    60  fdc2214.o(i.FDC2214_Write16)
    FDC2214read                              0x08000ff9   Thumb Code   162  test.o(i.FDC2214read)
    Feedback                                 0x080010b9   Thumb Code   892  test.o(i.Feedback)
    Get_HzMat                                0x08001481   Thumb Code   220  text.o(i.Get_HzMat)
    IIC_Ack                                  0x08001561   Thumb Code    66  myiic.o(i.IIC_Ack)
    IIC_Ack1                                 0x080015b1   Thumb Code    66  iic.o(i.IIC_Ack1)
    IIC_Init                                 0x08001601   Thumb Code    52  myiic.o(i.IIC_Init)
    IIC_Init1                                0x0800163d   Thumb Code    46  iic.o(i.IIC_Init1)
    IIC_NAck                                 0x08001675   Thumb Code    66  myiic.o(i.IIC_NAck)
    IIC_NAck1                                0x080016c5   Thumb Code    66  iic.o(i.IIC_NAck1)
    IIC_Read_Byte                            0x08001715   Thumb Code    98  myiic.o(i.IIC_Read_Byte)
    IIC_Read_Byte1                           0x08001785   Thumb Code    98  iic.o(i.IIC_Read_Byte1)
    IIC_Send_Byte                            0x080017f5   Thumb Code    90  myiic.o(i.IIC_Send_Byte)
    IIC_Send_Byte1                           0x0800185d   Thumb Code    90  iic.o(i.IIC_Send_Byte1)
    IIC_Start                                0x080018c5   Thumb Code    64  myiic.o(i.IIC_Start)
    IIC_Start1                               0x08001911   Thumb Code    64  iic.o(i.IIC_Start1)
    IIC_Stop                                 0x0800195d   Thumb Code    62  myiic.o(i.IIC_Stop)
    IIC_Stop1                                0x080019a9   Thumb Code    64  iic.o(i.IIC_Stop1)
    IIC_Wait_Ack                             0x080019f5   Thumb Code    86  myiic.o(i.IIC_Wait_Ack)
    IIC_Wait_Ack1                            0x08001a59   Thumb Code    86  iic.o(i.IIC_Wait_Ack1)
    LCD_Clear                                0x08001abd   Thumb Code    42  ili93xx.o(i.LCD_Clear)
    LCD_Display_Dir                          0x08001af1   Thumb Code   100  ili93xx.o(i.LCD_Display_Dir)
    LCD_DrawLine                             0x08001b59   Thumb Code   176  ili93xx.o(i.LCD_DrawLine)
    LCD_DrawPoint                            0x08001c09   Thumb Code    28  ili93xx.o(i.LCD_DrawPoint)
    LCD_DrawRectangle                        0x08001c2d   Thumb Code    60  ili93xx.o(i.LCD_DrawRectangle)
    LCD_Draw_Circle                          0x08001c69   Thumb Code   152  ili93xx.o(i.LCD_Draw_Circle)
    LCD_Fast_DrawPoint                       0x08001d01   Thumb Code    72  ili93xx.o(i.LCD_Fast_DrawPoint)
    LCD_Init                                 0x08001d51   Thumb Code  1166  ili93xx.o(i.LCD_Init)
    LCD_Pow                                  0x080021e5   Thumb Code    22  ili93xx.o(i.LCD_Pow)
    LCD_RD_DATA                              0x080021fd   Thumb Code    14  ili93xx.o(i.LCD_RD_DATA)
    LCD_ReadReg                              0x08002211   Thumb Code    22  ili93xx.o(i.LCD_ReadReg)
    LCD_Scan_Dir                             0x08002229   Thumb Code   192  ili93xx.o(i.LCD_Scan_Dir)
    LCD_SetCursor                            0x080022ed   Thumb Code    60  ili93xx.o(i.LCD_SetCursor)
    LCD_ShowChar                             0x0800232d   Thumb Code   272  ili93xx.o(i.LCD_ShowChar)
    LCD_ShowNum                              0x08002455   Thumb Code   148  ili93xx.o(i.LCD_ShowNum)
    LCD_ShowString                           0x080024e9   Thumb Code   102  ili93xx.o(i.LCD_ShowString)
    LCD_ShowxNum                             0x0800254f   Thumb Code   190  ili93xx.o(i.LCD_ShowxNum)
    LCD_WR_DATA                              0x0800260d   Thumb Code     6  ili93xx.o(i.LCD_WR_DATA)
    LCD_WR_REG                               0x08002619   Thumb Code     6  ili93xx.o(i.LCD_WR_REG)
    LCD_WriteRAM_Prepare                     0x08002625   Thumb Code    10  ili93xx.o(i.LCD_WriteRAM_Prepare)
    LCD_WriteReg                             0x08002639   Thumb Code    10  ili93xx.o(i.LCD_WriteReg)
    MYRCC_DeInit                             0x08002649   Thumb Code    90  sys.o(i.MYRCC_DeInit)
    MY_NVIC_Init                             0x080026b1   Thumb Code   116  sys.o(i.MY_NVIC_Init)
    MY_NVIC_PriorityGroupConfig              0x08002729   Thumb Code    32  sys.o(i.MY_NVIC_PriorityGroupConfig)
    MY_NVIC_SetVectorTable                   0x08002751   Thumb Code    12  sys.o(i.MY_NVIC_SetVectorTable)
    Rtp_Scan                                 0x08002765   Thumb Code   246  timer.o(i.Rtp_Scan)
    SPI2_Init                                0x08002869   Thumb Code   162  spi.o(i.SPI2_Init)
    SPI2_ReadWriteByte                       0x0800291d   Thumb Code    82  spi.o(i.SPI2_ReadWriteByte)
    SPI2_SetSpeed                            0x08002975   Thumb Code    40  spi.o(i.SPI2_SetSpeed)
    Scan_sjb                                 0x080029a1   Thumb Code    92  test.o(i.Scan_sjb)
    Show_Font                                0x08002a11   Thumb Code   190  text.o(i.Show_Font)
    Show_Str                                 0x08002ad9   Thumb Code   194  text.o(i.Show_Str)
    Stm32_Clock_Init                         0x08002b9d   Thumb Code   134  sys.o(i.Stm32_Clock_Init)
    TIM3_IRQHandler                          0x08002c2d   Thumb Code    30  timer.o(i.TIM3_IRQHandler)
    TIM3_Int_Init                            0x08002c51   Thumb Code    72  timer.o(i.TIM3_Int_Init)
    TP_Adj_Info_Show                         0x08002ca1   Thumb Code   374  touch.o(i.TP_Adj_Info_Show)
    TP_Adjust                                0x08002e49   Thumb Code  2058  touch.o(i.TP_Adjust)
    TP_Drow_Touch_Point                      0x080036a5   Thumb Code   108  touch.o(i.TP_Drow_Touch_Point)
    TP_Get_Adjdata                           0x08003715   Thumb Code    68  touch.o(i.TP_Get_Adjdata)
    TP_Init                                  0x08003765   Thumb Code   148  touch.o(i.TP_Init)
    TP_Read_AD                               0x08003809   Thumb Code   132  touch.o(i.TP_Read_AD)
    TP_Read_XOY                              0x0800389d   Thumb Code   120  touch.o(i.TP_Read_XOY)
    TP_Read_XY                               0x08003915   Thumb Code    38  touch.o(i.TP_Read_XY)
    TP_Read_XY2                              0x08003945   Thumb Code   192  touch.o(i.TP_Read_XY2)
    TP_Save_Adjdata                          0x08003a05   Thumb Code    22  touch.o(i.TP_Save_Adjdata)
    TP_Scan                                  0x08003a21   Thumb Code   262  touch.o(i.TP_Scan)
    TP_Write_Byte                            0x08003b31   Thumb Code    64  touch.o(i.TP_Write_Byte)
    USART1_IRQHandler                        0x08003b7d   Thumb Code   118  usart.o(i.USART1_IRQHandler)
    W25QXX_Init                              0x08003c01   Thumb Code    62  w25qxx.o(i.W25QXX_Init)
    W25QXX_Read                              0x08003c51   Thumb Code    74  w25qxx.o(i.W25QXX_Read)
    W25QXX_ReadID                            0x08003ca1   Thumb Code    64  w25qxx.o(i.W25QXX_ReadID)
    _sys_exit                                0x08003ce9   Thumb Code     6  usart.o(i._sys_exit)
    delay_init                               0x08003cf1   Thumb Code    56  delay.o(i.delay_init)
    delay_ms                                 0x08003d31   Thumb Code    56  delay.o(i.delay_ms)
    delay_us                                 0x08003d6d   Thumb Code    56  delay.o(i.delay_us)
    font_init                                0x08003da9   Thumb Code    64  text.o(i.font_init)
    fputc                                    0x08003ded   Thumb Code    24  usart.o(i.fputc)
    main                                     0x08003e09   Thumb Code   490  test.o(i.main)
    sqrt                                     0x08004085   Thumb Code    76  sqrt.o(i.sqrt)
    uart_init                                0x080040d1   Thumb Code   202  usart.o(i.uart_init)
    __aeabi_dadd                             0x080041ad   Thumb Code     0  daddsub_clz.o(x$fpl$dadd)
    _dadd                                    0x080041ad   Thumb Code   332  daddsub_clz.o(x$fpl$dadd)
    __fpl_dcmp_Inf                           0x080042fd   Thumb Code    24  dcmpi.o(x$fpl$dcmpinf)
    __aeabi_ddiv                             0x08004315   Thumb Code     0  ddiv.o(x$fpl$ddiv)
    _ddiv                                    0x08004315   Thumb Code   552  ddiv.o(x$fpl$ddiv)
    __aeabi_d2uiz                            0x080045c5   Thumb Code     0  dfixu.o(x$fpl$dfixu)
    _dfixu                                   0x080045c5   Thumb Code    90  dfixu.o(x$fpl$dfixu)
    __aeabi_ui2d                             0x0800461f   Thumb Code     0  dflt_clz.o(x$fpl$dfltu)
    _dfltu                                   0x0800461f   Thumb Code    38  dflt_clz.o(x$fpl$dfltu)
    __aeabi_cdcmple                          0x08004645   Thumb Code     0  dleqf.o(x$fpl$dleqf)
    _dcmple                                  0x08004645   Thumb Code   120  dleqf.o(x$fpl$dleqf)
    __fpl_dcmple_InfNaN                      0x080046a7   Thumb Code     0  dleqf.o(x$fpl$dleqf)
    __aeabi_dmul                             0x080046bd   Thumb Code     0  dmul.o(x$fpl$dmul)
    _dmul                                    0x080046bd   Thumb Code   332  dmul.o(x$fpl$dmul)
    __fpl_dnaninf                            0x08004811   Thumb Code   156  dnaninf.o(x$fpl$dnaninf)
    __fpl_dretinf                            0x080048ad   Thumb Code    12  dretinf.o(x$fpl$dretinf)
    __aeabi_cdrcmple                         0x080048b9   Thumb Code     0  drleqf.o(x$fpl$drleqf)
    _drcmple                                 0x080048b9   Thumb Code   108  drleqf.o(x$fpl$drleqf)
    _dsqrt                                   0x08004925   Thumb Code   456  dsqrt_noumaal.o(x$fpl$dsqrt)
    __aeabi_dsub                             0x08004af1   Thumb Code     0  daddsub_clz.o(x$fpl$dsub)
    _dsub                                    0x08004af1   Thumb Code   464  daddsub_clz.o(x$fpl$dsub)
    __aeabi_f2d                              0x08004cc5   Thumb Code     0  f2d.o(x$fpl$f2d)
    _f2d                                     0x08004cc5   Thumb Code    86  f2d.o(x$fpl$f2d)
    __aeabi_fadd                             0x08004d1d   Thumb Code     0  faddsub_clz.o(x$fpl$fadd)
    _fadd                                    0x08004d1d   Thumb Code   196  faddsub_clz.o(x$fpl$fadd)
    __aeabi_fdiv                             0x08004de1   Thumb Code     0  fdiv.o(x$fpl$fdiv)
    _fdiv                                    0x08004de1   Thumb Code   384  fdiv.o(x$fpl$fdiv)
    __aeabi_f2iz                             0x08004f65   Thumb Code     0  ffix.o(x$fpl$ffix)
    _ffix                                    0x08004f65   Thumb Code    54  ffix.o(x$fpl$ffix)
    __aeabi_f2uiz                            0x08004f9d   Thumb Code     0  ffixu.o(x$fpl$ffixu)
    _ffixu                                   0x08004f9d   Thumb Code    62  ffixu.o(x$fpl$ffixu)
    __aeabi_i2f                              0x08004fdd   Thumb Code     0  fflt_clz.o(x$fpl$fflt)
    _fflt                                    0x08004fdd   Thumb Code    48  fflt_clz.o(x$fpl$fflt)
    __aeabi_ui2f                             0x0800500d   Thumb Code     0  fflt_clz.o(x$fpl$ffltu)
    _ffltu                                   0x0800500d   Thumb Code    38  fflt_clz.o(x$fpl$ffltu)
    __aeabi_fmul                             0x08005035   Thumb Code     0  fmul.o(x$fpl$fmul)
    _fmul                                    0x08005035   Thumb Code   258  fmul.o(x$fpl$fmul)
    __fpl_fnaninf                            0x08005137   Thumb Code   140  fnaninf.o(x$fpl$fnaninf)
    __fpl_fretinf                            0x080051c3   Thumb Code    10  fretinf.o(x$fpl$fretinf)
    __aeabi_frsub                            0x080051cd   Thumb Code     0  faddsub_clz.o(x$fpl$frsb)
    _frsb                                    0x080051cd   Thumb Code    20  faddsub_clz.o(x$fpl$frsb)
    __aeabi_fsub                             0x080051e1   Thumb Code     0  faddsub_clz.o(x$fpl$fsub)
    _fsub                                    0x080051e1   Thumb Code   234  faddsub_clz.o(x$fpl$fsub)
    __I$use$fp                               0x080052ca   Number         0  usenofp.o(x$fpl$usenofp)
    asc2_1206                                0x080052ca   Data        1140  ili93xx.o(.constdata)
    asc2_1608                                0x0800573e   Data        1520  ili93xx.o(.constdata)
    asc2_2412                                0x08005d2e   Data        3420  ili93xx.o(.constdata)
    TP_REMIND_MSG_TBL                        0x08006a8c   Data           4  touch.o(.constdata)
    Region$$Table$$Base                      0x08006b34   Number         0  anon$$obj.o(Region$$Table)
    Region$$Table$$Limit                     0x08006b54   Number         0  anon$$obj.o(Region$$Table)
    date2                                    0x20000000   Data           4  test.o(.data)
    fre2                                     0x20000004   Data           4  test.o(.data)
    fre2_init_min                            0x20000008   Data           4  test.o(.data)
    fre2_init_max                            0x2000000c   Data           4  test.o(.data)
    ch2_middle                               0x20000010   Data           4  test.o(.data)
    ch2_wave                                 0x20000014   Data           4  test.o(.data)
    y1                                       0x20000018   Data           4  test.o(.data)
    b1                                       0x2000001c   Data           4  test.o(.data)
    y2                                       0x20000020   Data           4  test.o(.data)
    b2                                       0x20000024   Data           4  test.o(.data)
    y3                                       0x20000028   Data           4  test.o(.data)
    b3                                       0x2000002c   Data           4  test.o(.data)
    y4                                       0x20000030   Data           4  test.o(.data)
    b4                                       0x20000034   Data           4  test.o(.data)
    y5                                       0x20000038   Data           4  test.o(.data)
    b5                                       0x2000003c   Data           4  test.o(.data)
    mode_selsct                              0x20000040   Data           1  test.o(.data)
    result2                                  0x20000044   Data           4  test.o(.data)
    fre2_last                                0x20000048   Data           4  test.o(.data)
    __stdout                                 0x20000050   Data           4  usart.o(.data)
    USART_RX_STA                             0x20000054   Data           2  usart.o(.data)
    POINT_COLOR                              0x20000056   Data           2  ili93xx.o(.data)
    BACK_COLOR                               0x20000058   Data           2  ili93xx.o(.data)
    tp_dev                                   0x2000005c   Data          52  touch.o(.data)
    CMD_RDX                                  0x20000090   Data           1  touch.o(.data)
    CMD_RDY                                  0x20000091   Data           1  touch.o(.data)
    W25QXX_TYPE                              0x20000092   Data           2  w25qxx.o(.data)
    CHx_FIN_SEL                              0x20000094   Data           4  fdc2214.o(.data)
    USART_RX_BUF                             0x20000098   Data         200  usart.o(.bss)
    lcddev                                   0x20000160   Data          14  ili93xx.o(.bss)
    ftinfo                                   0x2000016e   Data          33  text.o(.bss)
    fREFx                                    0x20000190   Data          32  fdc2214.o(.bss)
    __libspace_start                         0x200001b0   Data          96  libspace.o(.bss)
    __temporary_stack_top$libspace           0x20000210   Data           0  libspace.o(.bss)



==============================================================================

Memory Map of the image

  Image Entry point : 0x08000131

  Load Region LR_IROM1 (Base: 0x08000000, Size: 0x00006bec, Max: 0x00080000, ABSOLUTE)

    Execution Region ER_IROM1 (Base: 0x08000000, Size: 0x00006b54, Max: 0x00080000, ABSOLUTE)

    Base Addr    Size         Type   Attr      Idx    E Section Name        Object

    0x08000000   0x00000130   Data   RO            3    RESET               startup_stm32f10x_hd.o
    0x08000130   0x00000008   Code   RO         1106  * !!!main             c_w.l(__main.o)
    0x08000138   0x00000034   Code   RO         1355    !!!scatter          c_w.l(__scatter.o)
    0x0800016c   0x0000001a   Code   RO         1357    !!handler_copy      c_w.l(__scatter_copy.o)
    0x08000186   0x00000002   PAD
    0x08000188   0x0000001c   Code   RO         1359    !!handler_zi        c_w.l(__scatter_zi.o)
    0x080001a4   0x00000000   Code   RO         1101    .ARM.Collect$$_printf_percent$$00000000  c_w.l(_printf_percent.o)
    0x080001a4   0x00000006   Code   RO         1100    .ARM.Collect$$_printf_percent$$0000000C  c_w.l(_printf_x.o)
    0x080001aa   0x00000004   Code   RO         1179    .ARM.Collect$$_printf_percent$$00000017  c_w.l(_printf_percent_end.o)
    0x080001ae   0x00000002   Code   RO         1233    .ARM.Collect$$libinit$$00000000  c_w.l(libinit.o)
    0x080001b0   0x00000000   Code   RO         1237    .ARM.Collect$$libinit$$00000002  c_w.l(libinit2.o)
    0x080001b0   0x00000000   Code   RO         1239    .ARM.Collect$$libinit$$00000004  c_w.l(libinit2.o)
    0x080001b0   0x00000000   Code   RO         1242    .ARM.Collect$$libinit$$0000000A  c_w.l(libinit2.o)
    0x080001b0   0x00000000   Code   RO         1244    .ARM.Collect$$libinit$$0000000C  c_w.l(libinit2.o)
    0x080001b0   0x00000000   Code   RO         1246    .ARM.Collect$$libinit$$0000000E  c_w.l(libinit2.o)
    0x080001b0   0x00000000   Code   RO         1249    .ARM.Collect$$libinit$$00000011  c_w.l(libinit2.o)
    0x080001b0   0x00000000   Code   RO         1251    .ARM.Collect$$libinit$$00000013  c_w.l(libinit2.o)
    0x080001b0   0x00000000   Code   RO         1253    .ARM.Collect$$libinit$$00000015  c_w.l(libinit2.o)
    0x080001b0   0x00000000   Code   RO         1255    .ARM.Collect$$libinit$$00000017  c_w.l(libinit2.o)
    0x080001b0   0x00000000   Code   RO         1257    .ARM.Collect$$libinit$$00000019  c_w.l(libinit2.o)
    0x080001b0   0x00000000   Code   RO         1259    .ARM.Collect$$libinit$$0000001B  c_w.l(libinit2.o)
    0x080001b0   0x00000000   Code   RO         1261    .ARM.Collect$$libinit$$0000001D  c_w.l(libinit2.o)
    0x080001b0   0x00000000   Code   RO         1263    .ARM.Collect$$libinit$$0000001F  c_w.l(libinit2.o)
    0x080001b0   0x00000000   Code   RO         1265    .ARM.Collect$$libinit$$00000021  c_w.l(libinit2.o)
    0x080001b0   0x00000000   Code   RO         1267    .ARM.Collect$$libinit$$00000023  c_w.l(libinit2.o)
    0x080001b0   0x00000000   Code   RO         1269    .ARM.Collect$$libinit$$00000025  c_w.l(libinit2.o)
    0x080001b0   0x00000000   Code   RO         1273    .ARM.Collect$$libinit$$0000002C  c_w.l(libinit2.o)
    0x080001b0   0x00000000   Code   RO         1275    .ARM.Collect$$libinit$$0000002E  c_w.l(libinit2.o)
    0x080001b0   0x00000000   Code   RO         1277    .ARM.Collect$$libinit$$00000030  c_w.l(libinit2.o)
    0x080001b0   0x00000000   Code   RO         1279    .ARM.Collect$$libinit$$00000032  c_w.l(libinit2.o)
    0x080001b0   0x00000002   Code   RO         1280    .ARM.Collect$$libinit$$00000033  c_w.l(libinit2.o)
    0x080001b2   0x00000002   Code   RO         1298    .ARM.Collect$$libshutdown$$00000000  c_w.l(libshutdown.o)
    0x080001b4   0x00000000   Code   RO         1309    .ARM.Collect$$libshutdown$$00000003  c_w.l(libshutdown2.o)
    0x080001b4   0x00000000   Code   RO         1312    .ARM.Collect$$libshutdown$$00000006  c_w.l(libshutdown2.o)
    0x080001b4   0x00000000   Code   RO         1315    .ARM.Collect$$libshutdown$$00000009  c_w.l(libshutdown2.o)
    0x080001b4   0x00000000   Code   RO         1317    .ARM.Collect$$libshutdown$$0000000B  c_w.l(libshutdown2.o)
    0x080001b4   0x00000000   Code   RO         1320    .ARM.Collect$$libshutdown$$0000000E  c_w.l(libshutdown2.o)
    0x080001b4   0x00000002   Code   RO         1321    .ARM.Collect$$libshutdown$$0000000F  c_w.l(libshutdown2.o)
    0x080001b6   0x00000000   Code   RO         1172    .ARM.Collect$$rtentry$$00000000  c_w.l(__rtentry.o)
    0x080001b6   0x00000000   Code   RO         1194    .ARM.Collect$$rtentry$$00000002  c_w.l(__rtentry2.o)
    0x080001b6   0x00000006   Code   RO         1206    .ARM.Collect$$rtentry$$00000004  c_w.l(__rtentry4.o)
    0x080001bc   0x00000000   Code   RO         1196    .ARM.Collect$$rtentry$$00000009  c_w.l(__rtentry2.o)
    0x080001bc   0x00000004   Code   RO         1197    .ARM.Collect$$rtentry$$0000000A  c_w.l(__rtentry2.o)
    0x080001c0   0x00000000   Code   RO         1199    .ARM.Collect$$rtentry$$0000000C  c_w.l(__rtentry2.o)
    0x080001c0   0x00000008   Code   RO         1200    .ARM.Collect$$rtentry$$0000000D  c_w.l(__rtentry2.o)
    0x080001c8   0x00000002   Code   RO         1234    .ARM.Collect$$rtexit$$00000000  c_w.l(rtexit.o)
    0x080001ca   0x00000000   Code   RO         1282    .ARM.Collect$$rtexit$$00000002  c_w.l(rtexit2.o)
    0x080001ca   0x00000004   Code   RO         1283    .ARM.Collect$$rtexit$$00000003  c_w.l(rtexit2.o)
    0x080001ce   0x00000006   Code   RO         1284    .ARM.Collect$$rtexit$$00000004  c_w.l(rtexit2.o)
    0x080001d4   0x00000034   Code   RO            4    .text               startup_stm32f10x_hd.o
    0x08000208   0x00000002   Code   RO         1051    .text               c_w.l(use_no_semi_2.o)
    0x0800020a   0x00000002   PAD
    0x0800020c   0x00000018   Code   RO         1055    .text               c_w.l(noretval__2printf.o)
    0x08000224   0x00000068   Code   RO         1057    .text               c_w.l(__printf.o)
    0x0800028c   0x00000058   Code   RO         1062    .text               c_w.l(_printf_hex_int.o)
    0x080002e4   0x00000006   Code   RO         1104    .text               c_w.l(heapauxi.o)
    0x080002ea   0x00000002   Code   RO         1170    .text               c_w.l(use_no_semi.o)
    0x080002ec   0x00000016   Code   RO         1173    .text               c_w.l(_rserrno.o)
    0x08000302   0x000000b2   Code   RO         1175    .text               c_w.l(_printf_intcommon.o)
    0x080003b4   0x00000024   Code   RO         1177    .text               c_w.l(_printf_char_file.o)
    0x080003d8   0x00000008   Code   RO         1211    .text               c_w.l(rt_errno_addr_intlibspace.o)
    0x080003e0   0x00000030   Code   RO         1213    .text               c_w.l(_printf_char_common.o)
    0x08000410   0x00000008   Code   RO         1215    .text               c_w.l(ferror.o)
    0x08000418   0x00000008   Code   RO         1219    .text               c_w.l(libspace.o)
    0x08000420   0x0000004a   Code   RO         1222    .text               c_w.l(sys_stackheap_outer.o)
    0x0800046a   0x0000000c   Code   RO         1226    .text               c_w.l(exit.o)
    0x08000476   0x00000008   Code   RO          465    i.AT24CXX_Init      24cxx.o
    0x0800047e   0x00000022   Code   RO          466    i.AT24CXX_Read      24cxx.o
    0x080004a0   0x00000058   Code   RO          467    i.AT24CXX_ReadOneByte  24cxx.o
    0x080004f8   0x00000024   Code   RO          468    i.AT24CXX_Write     24cxx.o
    0x0800051c   0x00000050   Code   RO          469    i.AT24CXX_WriteOneByte  24cxx.o
    0x0800056c   0x00000588   Code   RO           10    i.Display           test.o
    0x08000af4   0x00000068   Code   RO          912    i.FDC2214_CalculateFrequency  fdc2214.o
    0x08000b5c   0x00000092   Code   RO          913    i.FDC2214_GetChannelData  fdc2214.o
    0x08000bee   0x000000da   Code   RO          914    i.FDC2214_Init      fdc2214.o
    0x08000cc8   0x0000004c   Code   RO          915    i.FDC2214_Read16    fdc2214.o
    0x08000d14   0x00000010   Code   RO          916    i.FDC2214_Reset     fdc2214.o
    0x08000d24   0x00000090   Code   RO          918    i.FDC2214_SetChannelClock  fdc2214.o
    0x08000db4   0x00000028   Code   RO          919    i.FDC2214_SetClockSource  fdc2214.o
    0x08000ddc   0x00000028   Code   RO          920    i.FDC2214_SetCurrentMode  fdc2214.o
    0x08000e04   0x00000054   Code   RO          921    i.FDC2214_SetDriveCurrent  fdc2214.o
    0x08000e58   0x00000028   Code   RO          922    i.FDC2214_SetHighCurrentMode  fdc2214.o
    0x08000e80   0x00000048   Code   RO          923    i.FDC2214_SetINTB   fdc2214.o
    0x08000ec8   0x00000030   Code   RO          924    i.FDC2214_SetMUX_CONFIG  fdc2214.o
    0x08000ef8   0x00000052   Code   RO          925    i.FDC2214_SetRcount  fdc2214.o
    0x08000f4a   0x0000004a   Code   RO          926    i.FDC2214_SetSettleCount  fdc2214.o
    0x08000f94   0x00000028   Code   RO          927    i.FDC2214_SetSleepMode  fdc2214.o
    0x08000fbc   0x0000003c   Code   RO          928    i.FDC2214_Write16   fdc2214.o
    0x08000ff8   0x000000c0   Code   RO           11    i.FDC2214read       test.o
    0x080010b8   0x000003c8   Code   RO           12    i.Feedback          test.o
    0x08001480   0x000000e0   Code   RO          792    i.Get_HzMat         text.o
    0x08001560   0x00000050   Code   RO          512    i.IIC_Ack           myiic.o
    0x080015b0   0x00000050   Code   RO          838    i.IIC_Ack1          iic.o
    0x08001600   0x0000003c   Code   RO          513    i.IIC_Init          myiic.o
    0x0800163c   0x00000038   Code   RO          839    i.IIC_Init1         iic.o
    0x08001674   0x00000050   Code   RO          514    i.IIC_NAck          myiic.o
    0x080016c4   0x00000050   Code   RO          840    i.IIC_NAck1         iic.o
    0x08001714   0x00000070   Code   RO          515    i.IIC_Read_Byte     myiic.o
    0x08001784   0x00000070   Code   RO          841    i.IIC_Read_Byte1    iic.o
    0x080017f4   0x00000068   Code   RO          516    i.IIC_Send_Byte     myiic.o
    0x0800185c   0x00000068   Code   RO          842    i.IIC_Send_Byte1    iic.o
    0x080018c4   0x0000004c   Code   RO          517    i.IIC_Start         myiic.o
    0x08001910   0x0000004c   Code   RO          843    i.IIC_Start1        iic.o
    0x0800195c   0x0000004c   Code   RO          518    i.IIC_Stop          myiic.o
    0x080019a8   0x0000004c   Code   RO          844    i.IIC_Stop1         iic.o
    0x080019f4   0x00000064   Code   RO          519    i.IIC_Wait_Ack      myiic.o
    0x08001a58   0x00000064   Code   RO          845    i.IIC_Wait_Ack1     iic.o
    0x08001abc   0x00000034   Code   RO          255    i.LCD_Clear         ili93xx.o
    0x08001af0   0x00000068   Code   RO          259    i.LCD_Display_Dir   ili93xx.o
    0x08001b58   0x000000b0   Code   RO          260    i.LCD_DrawLine      ili93xx.o
    0x08001c08   0x00000024   Code   RO          261    i.LCD_DrawPoint     ili93xx.o
    0x08001c2c   0x0000003c   Code   RO          262    i.LCD_DrawRectangle  ili93xx.o
    0x08001c68   0x00000098   Code   RO          263    i.LCD_Draw_Circle   ili93xx.o
    0x08001d00   0x00000050   Code   RO          264    i.LCD_Fast_DrawPoint  ili93xx.o
    0x08001d50   0x00000494   Code   RO          266    i.LCD_Init          ili93xx.o
    0x080021e4   0x00000016   Code   RO          267    i.LCD_Pow           ili93xx.o
    0x080021fa   0x00000002   PAD
    0x080021fc   0x00000014   Code   RO          268    i.LCD_RD_DATA       ili93xx.o
    0x08002210   0x00000016   Code   RO          270    i.LCD_ReadReg       ili93xx.o
    0x08002226   0x00000002   PAD
    0x08002228   0x000000c4   Code   RO          272    i.LCD_Scan_Dir      ili93xx.o
    0x080022ec   0x00000040   Code   RO          273    i.LCD_SetCursor     ili93xx.o
    0x0800232c   0x00000128   Code   RO          275    i.LCD_ShowChar      ili93xx.o
    0x08002454   0x00000094   Code   RO          276    i.LCD_ShowNum       ili93xx.o
    0x080024e8   0x00000066   Code   RO          277    i.LCD_ShowString    ili93xx.o
    0x0800254e   0x000000be   Code   RO          278    i.LCD_ShowxNum      ili93xx.o
    0x0800260c   0x0000000c   Code   RO          279    i.LCD_WR_DATA       ili93xx.o
    0x08002618   0x0000000c   Code   RO          280    i.LCD_WR_REG        ili93xx.o
    0x08002624   0x00000014   Code   RO          282    i.LCD_WriteRAM_Prepare  ili93xx.o
    0x08002638   0x00000010   Code   RO          283    i.LCD_WriteReg      ili93xx.o
    0x08002648   0x00000068   Code   RO          136    i.MYRCC_DeInit      sys.o
    0x080026b0   0x00000078   Code   RO          137    i.MY_NVIC_Init      sys.o
    0x08002728   0x00000028   Code   RO          138    i.MY_NVIC_PriorityGroupConfig  sys.o
    0x08002750   0x00000014   Code   RO          139    i.MY_NVIC_SetVectorTable  sys.o
    0x08002764   0x00000104   Code   RO         1024    i.Rtp_Scan          timer.o
    0x08002868   0x000000b4   Code   RO          662    i.SPI2_Init         spi.o
    0x0800291c   0x00000058   Code   RO          663    i.SPI2_ReadWriteByte  spi.o
    0x08002974   0x0000002c   Code   RO          664    i.SPI2_SetSpeed     spi.o
    0x080029a0   0x00000070   Code   RO           13    i.Scan_sjb          test.o
    0x08002a10   0x000000c8   Code   RO          793    i.Show_Font         text.o
    0x08002ad8   0x000000c2   Code   RO          794    i.Show_Str          text.o
    0x08002b9a   0x00000002   PAD
    0x08002b9c   0x00000090   Code   RO          140    i.Stm32_Clock_Init  sys.o
    0x08002c2c   0x00000024   Code   RO         1025    i.TIM3_IRQHandler   timer.o
    0x08002c50   0x00000050   Code   RO         1026    i.TIM3_Int_Init     timer.o
    0x08002ca0   0x000001a8   Code   RO          566    i.TP_Adj_Info_Show  touch.o
    0x08002e48   0x0000085c   Code   RO          567    i.TP_Adjust         touch.o
    0x080036a4   0x00000070   Code   RO          569    i.TP_Drow_Touch_Point  touch.o
    0x08003714   0x00000050   Code   RO          570    i.TP_Get_Adjdata    touch.o
    0x08003764   0x000000a4   Code   RO          571    i.TP_Init           touch.o
    0x08003808   0x00000094   Code   RO          572    i.TP_Read_AD        touch.o
    0x0800389c   0x00000078   Code   RO          573    i.TP_Read_XOY       touch.o
    0x08003914   0x00000030   Code   RO          574    i.TP_Read_XY        touch.o
    0x08003944   0x000000c0   Code   RO          575    i.TP_Read_XY2       touch.o
    0x08003a04   0x0000001c   Code   RO          576    i.TP_Save_Adjdata   touch.o
    0x08003a20   0x00000110   Code   RO          577    i.TP_Scan           touch.o
    0x08003b30   0x0000004c   Code   RO          578    i.TP_Write_Byte     touch.o
    0x08003b7c   0x00000084   Code   RO          213    i.USART1_IRQHandler  usart.o
    0x08003c00   0x00000050   Code   RO          691    i.W25QXX_Init       w25qxx.o
    0x08003c50   0x00000050   Code   RO          693    i.W25QXX_Read       w25qxx.o
    0x08003ca0   0x00000048   Code   RO          694    i.W25QXX_ReadID     w25qxx.o
    0x08003ce8   0x00000006   Code   RO          214    i._sys_exit         usart.o
    0x08003cee   0x00000002   PAD
    0x08003cf0   0x00000040   Code   RO          105    i.delay_init        delay.o
    0x08003d30   0x0000003c   Code   RO          106    i.delay_ms          delay.o
    0x08003d6c   0x0000003c   Code   RO          107    i.delay_us          delay.o
    0x08003da8   0x00000044   Code   RO          796    i.font_init         text.o
    0x08003dec   0x0000001c   Code   RO          215    i.fputc             usart.o
    0x08003e08   0x0000027c   Code   RO           14    i.main              test.o
    0x08004084   0x0000004c   Code   RO         1163    i.sqrt              m_ws.l(sqrt.o)
    0x080040d0   0x000000dc   Code   RO          216    i.uart_init         usart.o
    0x080041ac   0x00000150   Code   RO         1108    x$fpl$dadd          fz_ws.l(daddsub_clz.o)
    0x080042fc   0x00000018   Code   RO         1180    x$fpl$dcmpinf       fz_ws.l(dcmpi.o)
    0x08004314   0x000002b0   Code   RO         1115    x$fpl$ddiv          fz_ws.l(ddiv.o)
    0x080045c4   0x0000005a   Code   RO         1118    x$fpl$dfixu         fz_ws.l(dfixu.o)
    0x0800461e   0x00000026   Code   RO         1122    x$fpl$dfltu         fz_ws.l(dflt_clz.o)
    0x08004644   0x00000078   Code   RO         1128    x$fpl$dleqf         fz_ws.l(dleqf.o)
    0x080046bc   0x00000154   Code   RO         1130    x$fpl$dmul          fz_ws.l(dmul.o)
    0x08004810   0x0000009c   Code   RO         1182    x$fpl$dnaninf       fz_ws.l(dnaninf.o)
    0x080048ac   0x0000000c   Code   RO         1184    x$fpl$dretinf       fz_ws.l(dretinf.o)
    0x080048b8   0x0000006c   Code   RO         1132    x$fpl$drleqf        fz_ws.l(drleqf.o)
    0x08004924   0x000001cc   Code   RO         1186    x$fpl$dsqrt         fz_ws.l(dsqrt_noumaal.o)
    0x08004af0   0x000001d4   Code   RO         1110    x$fpl$dsub          fz_ws.l(daddsub_clz.o)
    0x08004cc4   0x00000056   Code   RO         1134    x$fpl$f2d           fz_ws.l(f2d.o)
    0x08004d1a   0x00000002   PAD
    0x08004d1c   0x000000c4   Code   RO         1136    x$fpl$fadd          fz_ws.l(faddsub_clz.o)
    0x08004de0   0x00000184   Code   RO         1143    x$fpl$fdiv          fz_ws.l(fdiv.o)
    0x08004f64   0x00000036   Code   RO         1146    x$fpl$ffix          fz_ws.l(ffix.o)
    0x08004f9a   0x00000002   PAD
    0x08004f9c   0x0000003e   Code   RO         1150    x$fpl$ffixu         fz_ws.l(ffixu.o)
    0x08004fda   0x00000002   PAD
    0x08004fdc   0x00000030   Code   RO         1155    x$fpl$fflt          fz_ws.l(fflt_clz.o)
    0x0800500c   0x00000026   Code   RO         1154    x$fpl$ffltu         fz_ws.l(fflt_clz.o)
    0x08005032   0x00000002   PAD
    0x08005034   0x00000102   Code   RO         1160    x$fpl$fmul          fz_ws.l(fmul.o)
    0x08005136   0x0000008c   Code   RO         1188    x$fpl$fnaninf       fz_ws.l(fnaninf.o)
    0x080051c2   0x0000000a   Code   RO         1190    x$fpl$fretinf       fz_ws.l(fretinf.o)
    0x080051cc   0x00000014   Code   RO         1137    x$fpl$frsb          fz_ws.l(faddsub_clz.o)
    0x080051e0   0x000000ea   Code   RO         1138    x$fpl$fsub          fz_ws.l(faddsub_clz.o)
    0x080052ca   0x00000000   Code   RO         1192    x$fpl$usenofp       fz_ws.l(usenofp.o)
    0x080052ca   0x000017c0   Data   RO          286    .constdata          ili93xx.o
    0x08006a8a   0x00000002   PAD
    0x08006a8c   0x00000004   Data   RO          579    .constdata          touch.o
    0x08006a90   0x00000028   Data   RO         1063    .constdata          c_w.l(_printf_hex_int.o)
    0x08006ab8   0x00000079   Data   RO          580    .conststring        touch.o
    0x08006b31   0x00000003   PAD
    0x08006b34   0x00000020   Data   RO         1353    Region$$Table       anon$$obj.o


    Execution Region RW_IRAM1 (Base: 0x20000000, Size: 0x00000610, Max: 0x00010000, ABSOLUTE)

    Base Addr    Size         Type   Attr      Idx    E Section Name        Object

    0x20000000   0x0000004c   Data   RW           15    .data               test.o
    0x2000004c   0x00000004   Data   RW          108    .data               delay.o
    0x20000050   0x00000006   Data   RW          218    .data               usart.o
    0x20000056   0x00000004   Data   RW          287    .data               ili93xx.o
    0x2000005a   0x00000002   PAD
    0x2000005c   0x00000036   Data   RW          581    .data               touch.o
    0x20000092   0x00000002   Data   RW          705    .data               w25qxx.o
    0x20000094   0x00000004   Data   RW          930    .data               fdc2214.o
    0x20000098   0x000000c8   Zero   RW          217    .bss                usart.o
    0x20000160   0x0000000e   Zero   RW          285    .bss                ili93xx.o
    0x2000016e   0x00000021   Zero   RW          797    .bss                text.o
    0x2000018f   0x00000001   PAD
    0x20000190   0x00000020   Zero   RW          929    .bss                fdc2214.o
    0x200001b0   0x00000060   Zero   RW         1220    .bss                c_w.l(libspace.o)
    0x20000210   0x00000000   Zero   RW            2    HEAP                startup_stm32f10x_hd.o
    0x20000210   0x00000400   Zero   RW            1    STACK               startup_stm32f10x_hd.o


==============================================================================

Image component sizes


      Code (inc. data)   RO Data    RW Data    ZI Data      Debug   Object Name

       246          0          0          0          0       3207   24cxx.o
       184         16          0          4          0       1767   delay.o
      1284         26          0          4         32      10657   fdc2214.o
       684        104          0          0          0       4190   iic.o
      2952        162       6080          4         14      16540   ili93xx.o
       688        104          0          0          0       4194   myiic.o
       312         28          0          0          0       1613   spi.o
        52         18        304          0       1024        808   startup_stm32f10x_hd.o
       428         44          0          0          0       2892   sys.o
      3324        418          0         76          0     214734   test.o
       686         18          0          0         33       4152   text.o
       376         28          0          0          0       1649   timer.o
      3804        254        125         54          0       9889   touch.o
       386         36          0          6        200       4120   usart.o
       232         32          0          2          0       2344   w25qxx.o

    ----------------------------------------------------------------------
     15646       1288       6546        152       1304     282756   Object Totals
         0          0         32          0          0          0   (incl. Generated)
         8          0          5          2          1          0   (incl. Padding)

    ----------------------------------------------------------------------

      Code (inc. data)   RO Data    RW Data    ZI Data      Debug   Library Member Name

         8          0          0          0          0         68   __main.o
       104          0          0          0          0         84   __printf.o
         0          0          0          0          0          0   __rtentry.o
        12          0          0          0          0          0   __rtentry2.o
         6          0          0          0          0          0   __rtentry4.o
        52          8          0          0          0          0   __scatter.o
        26          0          0          0          0          0   __scatter_copy.o
        28          0          0          0          0          0   __scatter_zi.o
        48          6          0          0          0         96   _printf_char_common.o
        36          4          0          0          0         80   _printf_char_file.o
        88          4         40          0          0         88   _printf_hex_int.o
       178          0          0          0          0         88   _printf_intcommon.o
         0          0          0          0          0          0   _printf_percent.o
         4          0          0          0          0          0   _printf_percent_end.o
         6          0          0          0          0          0   _printf_x.o
        22          0          0          0          0        100   _rserrno.o
        12          0          0          0          0         72   exit.o
         8          0          0          0          0         68   ferror.o
         6          0          0          0          0        152   heapauxi.o
         2          0          0          0          0          0   libinit.o
         2          0          0          0          0          0   libinit2.o
         2          0          0          0          0          0   libshutdown.o
         2          0          0          0          0          0   libshutdown2.o
         8          4          0          0         96         68   libspace.o
        24          4          0          0          0         84   noretval__2printf.o
         8          4          0          0          0         68   rt_errno_addr_intlibspace.o
         2          0          0          0          0          0   rtexit.o
        10          0          0          0          0          0   rtexit2.o
        74          0          0          0          0         80   sys_stackheap_outer.o
         2          0          0          0          0         68   use_no_semi.o
         2          0          0          0          0         68   use_no_semi_2.o
       804         16          0          0          0        272   daddsub_clz.o
        24          0          0          0          0         68   dcmpi.o
       688        140          0          0          0        208   ddiv.o
        90          4          0          0          0         92   dfixu.o
        38          0          0          0          0         68   dflt_clz.o
       120          4          0          0          0         92   dleqf.o
       340         12          0          0          0        104   dmul.o
       156          4          0          0          0         92   dnaninf.o
        12          0          0          0          0         68   dretinf.o
       108          0          0          0          0         80   drleqf.o
       460         56          0          0          0        120   dsqrt_noumaal.o
        86          4          0          0          0         84   f2d.o
       450          8          0          0          0        236   faddsub_clz.o
       388         76          0          0          0         96   fdiv.o
        54          4          0          0          0         84   ffix.o
        62          4          0          0          0         84   ffixu.o
        86          0          0          0          0        136   fflt_clz.o
       258          4          0          0          0         84   fmul.o
       140          4          0          0          0         84   fnaninf.o
        10          0          0          0          0         68   fretinf.o
         0          0          0          0          0          0   usenofp.o
        76          0          0          0          0         84   sqrt.o

    ----------------------------------------------------------------------
      5244        374         40          0         96       3636   Library Totals
        12          0          0          0          0          0   (incl. Padding)

    ----------------------------------------------------------------------

      Code (inc. data)   RO Data    RW Data    ZI Data      Debug   Library Name

       782         34         40          0         96       1332   c_w.l
      4374        340          0          0          0       2220   fz_ws.l
        76          0          0          0          0         84   m_ws.l

    ----------------------------------------------------------------------
      5244        374         40          0         96       3636   Library Totals

    ----------------------------------------------------------------------

==============================================================================


      Code (inc. data)   RO Data    RW Data    ZI Data      Debug   

     20890       1662       6586        152       1400     279472   Grand Totals
     20890       1662       6586        152       1400     279472   ELF Image Totals
     20890       1662       6586        152          0          0   ROM Totals

==============================================================================

    Total RO  Size (Code + RO Data)                27476 (  26.83kB)
    Total RW  Size (RW Data + ZI Data)              1552 (   1.52kB)
    Total ROM Size (Code + RO Data + RW Data)      27628 (  26.98kB)

==============================================================================

