<html>
<body>
<pre>
<h1>礦ision Build Log</h1>
<h2>Tool Versions:</h2>
IDE-Version: μVision V5.14.0.0
Copyright (C) 2015 ARM Ltd and ARM Germany GmbH. All rights reserved.
License Information: 1 2, 3, LIC=SDAY8-3LUPH-9TC3L-0G5V4-48UHU-KHF4Z
 
Tool Versions:
Toolchain:       MDK-ARM Standard  Version: 5.14.0.0
Toolchain Path:  E:\Keil\ARM\ARMCC\Bin
C Compiler:      Armcc.exe V5.05 update 1 (build 106)
Assembler:       Armasm.exe V5.05 update 1 (build 106)
Linker/Locator:  ArmLink.exe V5.05 update 1 (build 106)
Library Manager: ArmAr.exe V5.05 update 1 (build 106)
Hex Converter:   FromElf.exe V5.05 update 1 (build 106)
CPU DLL:         SARMCM3.DLL V5.14.0.0
Dialog DLL:      DARMSTM.DLL V1.65.0.0
Target DLL:      Segger\JL2CM3.dll V2.99.13.0
Dialog DLL:      TARMSTM.DLL V1.64.0.0
 
<h2>Project:</h2>
E:\毕业设计\毕业设计\1：机械车库   本尊\0：新版本除环境信息外  基本完成 - 副本\USER\test.uvprojx
Project File Date:  06/02/2019

<h2>Output:</h2>
Rebuild target 'Target 1'
assembling startup_stm32f10x_hd.s...
compiling test.c...
compiling delay.c...
compiling sys.c...
compiling usart.c...
compiling at24c02.c...
compiling at24c02iic.c...
compiling lcd.c...
compiling text.c...
compiling touch.c...
compiling w25q128.c...
compiling w25q128spi.c...
compiling led.c...
compiling motor.c...
compiling timer.c...
compiling motor_control.c...
compiling as608.c...
compiling usart2.c...
compiling as608_control.c...
compiling malloc.c...
compiling display.c...
compiling adc.c...
compiling dht11.c...
linking...
Program Size: Code=29050 RO-data=6722 RW-data=276 ZI-data=1090988  
FromELF: creating hex file...
"..\OBJ\test.axf" - 0 Error(s), 0 Warning(s).

<h2>Collection of Component include folders:</h2>
  E:\毕业设计\毕业设计\1：机械车库   本尊\0：新版本除环境信息外  基本完成 - 副本\USER\RTE
  E:\Keil\ARM\PACK\Keil\STM32F1xx_DFP\1.0.5\Device\Include

<h2>Collection of Component Files used:</h2>
</pre>
</body>
</html>
